Component: ARM Compiler 5.06 update 7 (build 960) Tool: armlink [4d3601]

==============================================================================

Section Cross References

    uart_polling.o(i.putc) refers to uart_polling.o(i.uart_put_string) for uart_put_string
    uart_polling.o(i.putc) refers to uart_polling.o(i.uart_put_char) for uart_put_char
    uart_polling.o(i.uart_put_string) refers to uart_polling.o(i.uart_put_char) for uart_put_char
    uart_irq.o(i.UART0_IRQHandler) refers to k_msg.o(i.k_send_msg_nb) for k_send_msg_nb
    uart_irq.o(i.UART0_IRQHandler) refers to k_mem.o(i.k_mpool_dealloc) for k_mpool_dealloc
    uart_irq.o(i.UART0_IRQHandler) refers to k_msg.o(i.k_uart_recv_nb) for k_uart_recv_nb
    uart_irq.o(i.UART0_IRQHandler) refers to printf.o(i.tfp_printf) for tfp_printf
    uart_irq.o(i.UART0_IRQHandler) refers to k_mem.o(i.k_mpool_alloc) for k_mpool_alloc
    uart_irq.o(i.UART0_IRQHandler) refers to k_task.o(i.k_tsk_yield) for k_tsk_yield
    uart_irq.o(i.UART0_IRQHandler) refers to uart_irq.o(.data) for g_tx_irq
    uart_irq.o(i.uart_irq_init) refers to uart_irq.o(i.__NVIC_SetPriority) for __NVIC_SetPriority
    uart_irq.o(i.uart_irq_init) refers to uart_irq.o(i.__NVIC_EnableIRQ) for __NVIC_EnableIRQ
    timer.o(i.TIMER0_IRQHandler) refers to timer.o(.data) for g_timer_count
    timer.o(i.timer_irq_init) refers to timer.o(.data) for g_timer_count
    hal.o(i.SVC_Handler) refers to k_rtx_init.o(i.k_rtx_init) for k_rtx_init
    hal.o(i.SVC_Handler) refers to k_mem.o(i.k_mpool_alloc) for k_mpool_alloc
    hal.o(i.SVC_Handler) refers to k_mem.o(i.k_mpool_dealloc) for k_mpool_dealloc
    hal.o(i.SVC_Handler) refers to k_mem.o(i.k_mpool_dump) for k_mpool_dump
    hal.o(i.SVC_Handler) refers to k_task.o(i.k_tsk_create) for k_tsk_create
    hal.o(i.SVC_Handler) refers to k_task.o(i.k_tsk_exit) for k_tsk_exit
    hal.o(i.SVC_Handler) refers to k_task.o(i.k_tsk_yield) for k_tsk_yield
    hal.o(i.SVC_Handler) refers to k_task.o(i.k_tsk_set_prio) for k_tsk_set_prio
    hal.o(i.SVC_Handler) refers to k_task.o(i.k_tsk_get) for k_tsk_get
    hal.o(i.SVC_Handler) refers to k_task.o(i.k_tsk_gettid) for k_tsk_gettid
    hal.o(i.SVC_Handler) refers to k_task.o(i.k_tsk_ls) for k_tsk_ls
    hal.o(i.SVC_Handler) refers to k_msg.o(i.k_mbx_create) for k_mbx_create
    hal.o(i.SVC_Handler) refers to k_msg.o(i.k_send_msg) for k_send_msg
    hal.o(i.SVC_Handler) refers to k_msg.o(i.k_send_msg_nb) for k_send_msg_nb
    hal.o(i.SVC_Handler) refers to k_msg.o(i.k_recv_msg) for k_recv_msg
    hal.o(i.SVC_Handler) refers to k_msg.o(i.k_recv_msg_nb) for k_recv_msg_nb
    hal.o(i.SVC_Handler) refers to k_msg.o(i.k_mbx_ls) for k_mbx_ls
    hal.o(i.SVC_Handler) refers to k_msg.o(i.k_mbx_get) for k_mbx_get
    hal.o(i.SVC_Handler) refers to k_task.o(i.k_rt_tsk_set) for k_rt_tsk_set
    hal.o(i.SVC_Handler) refers to k_task.o(i.k_rt_tsk_susp) for k_rt_tsk_susp
    hal.o(i.SVC_Handler) refers to k_task.o(i.k_rt_tsk_get) for k_rt_tsk_get
    k_mem.o(i.add_node) refers to k_mem.o(.bss) for mpools
    k_mem.o(i.delete_node) refers to k_mem.o(.bss) for mpools
    k_mem.o(i.k_mem_init) refers to k_mem.o(i.k_mpool_create) for k_mpool_create
    k_mem.o(i.k_mpool_alloc) refers to k_mem.o(i.get_size) for get_size
    k_mem.o(i.k_mpool_alloc) refers to log.o(i.log_ceil) for log_ceil
    k_mem.o(i.k_mpool_alloc) refers to k_mem.o(i.get_max_h) for get_max_h
    k_mem.o(i.k_mpool_alloc) refers to k_mem.o(i.pop_node) for pop_node
    k_mem.o(i.k_mpool_alloc) refers to tree.o(i.set_bit_on) for set_bit_on
    k_mem.o(i.k_mpool_alloc) refers to k_mem.o(i.get_start) for get_start
    k_mem.o(i.k_mpool_alloc) refers to tree.o(i.compute_block_address) for compute_block_address
    k_mem.o(i.k_mpool_alloc) refers to tree.o(i.find_left_child) for find_left_child
    k_mem.o(i.k_mpool_alloc) refers to k_mem.o(i.add_node) for add_node
    k_mem.o(i.k_mpool_alloc) refers to k_rtx_init.o(.data) for errno
    k_mem.o(i.k_mpool_alloc) refers to k_mem.o(.bss) for mpools
    k_mem.o(i.k_mpool_create) refers to k_mem.o(i.get_size) for get_size
    k_mem.o(i.k_mpool_create) refers to k_mem.o(i.get_max_h) for get_max_h
    k_mem.o(i.k_mpool_create) refers to k_mem.o(i.add_node) for add_node
    k_mem.o(i.k_mpool_create) refers to k_rtx_init.o(.data) for errno
    k_mem.o(i.k_mpool_create) refers to k_mem.o(.bss) for bitArray_1
    k_mem.o(i.k_mpool_dealloc) refers to k_mem.o(i.get_max_h) for get_max_h
    k_mem.o(i.k_mpool_dealloc) refers to k_mem.o(i.get_start) for get_start
    k_mem.o(i.k_mpool_dealloc) refers to k_mem.o(i.get_size) for get_size
    k_mem.o(i.k_mpool_dealloc) refers to tree.o(i.compute_block_size) for compute_block_size
    k_mem.o(i.k_mpool_dealloc) refers to tree.o(i.get_bit) for get_bit
    k_mem.o(i.k_mpool_dealloc) refers to k_mem.o(i.add_node) for add_node
    k_mem.o(i.k_mpool_dealloc) refers to tree.o(i.set_bit_off) for set_bit_off
    k_mem.o(i.k_mpool_dealloc) refers to tree.o(i.find_buddy) for find_buddy
[...]
    libinit.o(.ARM.Collect$$libinit$$00000000) refers (Special) to libinit2.o(.ARM.Collect$$libinit$$00000017) for __rt_lib_init_lc_numeric_1
    libinit.o(.ARM.Collect$$libinit$$00000000) refers (Special) to libinit2.o(.ARM.Collect$$libinit$$00000019) for __rt_lib_init_lc_time_1
    libinit.o(.ARM.Collect$$libinit$$00000000) refers (Special) to libinit2.o(.ARM.Collect$$libinit$$00000004) for __rt_lib_init_preinit_1
    libinit.o(.ARM.Collect$$libinit$$00000000) refers (Special) to libinit2.o(.ARM.Collect$$libinit$$0000000E) for __rt_lib_init_rand_1
    libinit.o(.ARM.Collect$$libinit$$00000000) refers (Special) to libinit2.o(.ARM.Collect$$libinit$$00000033) for __rt_lib_init_return
    libinit.o(.ARM.Collect$$libinit$$00000000) refers (Special) to libinit2.o(.ARM.Collect$$libinit$$0000001D) for __rt_lib_init_signal_1
    libinit.o(.ARM.Collect$$libinit$$00000000) refers (Special) to libinit2.o(.ARM.Collect$$libinit$$00000025) for __rt_lib_init_stdio_1
    libinit.o(.ARM.Collect$$libinit$$00000000) refers (Special) to libinit2.o(.ARM.Collect$$libinit$$0000000C) for __rt_lib_init_user_alloc_1
    ae.o(i.ae_init) refers to ae.o(i.ae_set_sys_info) for ae_set_sys_info
    ae.o(i.ae_init) refers to ae.o(i.ae_set_init_tasks_info) for ae_set_init_tasks_info
    ae.o(i.ae_set_init_tasks_info) refers to ae_tasks3_g11.o(i.set_ae_init_tasks) for set_ae_init_tasks
    libspace.o(.text) refers to libspace.o(.bss) for __libspace_start
    rtexit.o(.ARM.Collect$$rtexit$$00000000) refers (Special) to rtexit2.o(.ARM.Collect$$rtexit$$00000004) for __rt_exit_exit
    rtexit.o(.ARM.Collect$$rtexit$$00000000) refers (Special) to rtexit2.o(.ARM.Collect$$rtexit$$00000003) for __rt_exit_ls
    rtexit.o(.ARM.Collect$$rtexit$$00000000) refers (Special) to rtexit2.o(.ARM.Collect$$rtexit$$00000002) for __rt_exit_prels_1
    rtexit.o(.ARM.exidx) refers (Special) to rtexit2.o(.ARM.Collect$$rtexit$$00000004) for __rt_exit_exit
    rtexit.o(.ARM.exidx) refers (Special) to rtexit2.o(.ARM.Collect$$rtexit$$00000003) for __rt_exit_ls
    rtexit.o(.ARM.exidx) refers (Special) to rtexit2.o(.ARM.Collect$$rtexit$$00000002) for __rt_exit_prels_1
    rtexit.o(.ARM.exidx) refers to rtexit.o(.ARM.Collect$$rtexit$$00000000) for .ARM.Collect$$rtexit$$00000000
    rt_raise.o(.text) refers to __raise.o(.text) for __raise
    rt_raise.o(.text) refers to sys_exit.o(.text) for _sys_exit
    defsig_exit.o(.text) refers to sys_exit.o(.text) for _sys_exit
    defsig_fpe_inner.o(.text) refers to defsig_general.o(.text) for __default_signal_display
    libinit2.o(.ARM.Collect$$libinit$$00000010) refers to libinit2.o(.ARM.Collect$$libinit$$0000000F) for .ARM.Collect$$libinit$$0000000F
    libinit2.o(.ARM.Collect$$libinit$$00000012) refers to libinit2.o(.ARM.Collect$$libinit$$0000000F) for .ARM.Collect$$libinit$$0000000F
    libinit2.o(.ARM.Collect$$libinit$$00000014) refers to libinit2.o(.ARM.Collect$$libinit$$0000000F) for .ARM.Collect$$libinit$$0000000F
    libinit2.o(.ARM.Collect$$libinit$$00000016) refers to libinit2.o(.ARM.Collect$$libinit$$0000000F) for .ARM.Collect$$libinit$$0000000F
    libinit2.o(.ARM.Collect$$libinit$$00000018) refers to libinit2.o(.ARM.Collect$$libinit$$0000000F) for .ARM.Collect$$libinit$$0000000F
    libinit2.o(.ARM.Collect$$libinit$$00000026) refers to argv_veneer.o(.emb_text) for __ARM_argv_veneer
    libinit2.o(.ARM.Collect$$libinit$$00000027) refers to argv_veneer.o(.emb_text) for __ARM_argv_veneer
    ae_tasks3_g11.o(i.init_ae_tsk_test) refers to printf.o(i.tfp_printf) for tfp_printf
    ae_tasks3_g11.o(i.init_ae_tsk_test) refers to ae_tasks3_g11.o(.bss) for g_ae_xtest
    ae_tasks3_g11.o(i.init_ae_tsk_test) refers to ae_tasks3_g11.o(.data) for g_ae_cases
    ae_tasks3_g11.o(i.init_ae_tsk_test) refers to ae_tasks3_g11.o(.constdata) for PREFIX
    ae_tasks3_g11.o(i.set_ae_init_tasks) refers to ae_tasks3_g11.o(i.set_ae_tasks) for set_ae_tasks
    ae_tasks3_g11.o(i.set_ae_init_tasks) refers to ae_tasks3_g11.o(.bss) for g_init_tasks
    ae_tasks3_g11.o(i.set_ae_tasks) refers to ae_tasks3_g11.o(i.init_ae_tsk_test) for init_ae_tsk_test
    ae_tasks3_g11.o(i.set_ae_tasks) refers to ae_tasks3_g11.o(i.task0) for task0
    ae_tasks3_g11.o(i.task0) refers to printf.o(i.tfp_printf) for tfp_printf
    ae_tasks3_g11.o(i.task0) refers to ae_tasks3_g11.o(.bss) for g_tids
    ae_tasks3_g11.o(i.task0) refers to ae_tasks3_g11.o(.constdata) for PREFIX_LOG2
    sys_exit.o(.text) refers (Special) to use_no_semi.o(.text) for __I$use$semihosting
    sys_exit.o(.text) refers (Special) to indicate_semi.o(.text) for __semihosting_library_function
    rtexit2.o(.ARM.Collect$$rtexit$$00000003) refers to libshutdown.o(.ARM.Collect$$libshutdown$$00000000) for __rt_lib_shutdown
    rtexit2.o(.ARM.Collect$$rtexit$$00000004) refers to sys_exit.o(.text) for _sys_exit
    rtexit2.o(.ARM.exidx) refers to rtexit2.o(.ARM.Collect$$rtexit$$00000001) for .ARM.Collect$$rtexit$$00000001
    rtexit2.o(.ARM.exidx) refers to rtexit2.o(.ARM.Collect$$rtexit$$00000003) for .ARM.Collect$$rtexit$$00000003
    rtexit2.o(.ARM.exidx) refers to rtexit2.o(.ARM.Collect$$rtexit$$00000004) for .ARM.Collect$$rtexit$$00000004
    __raise.o(.text) refers to defsig.o(CL$$defsig) for __default_signal_handler
    defsig_general.o(.text) refers to sys_wrch.o(.text) for _ttywrch
    argv_veneer.o(.emb_text) refers to no_argv.o(.text) for __ARM_get_argv
    sys_wrch.o(.text) refers (Special) to use_no_semi.o(.text) for __I$use$semihosting
    sys_wrch.o(.text) refers (Special) to indicate_semi.o(.text) for __semihosting_library_function
    defsig.o(CL$$defsig) refers to defsig_fpe_inner.o(.text) for __rt_SIGFPE_inner
    defsig.o(CL$$defsig) refers to defsig_rtmem_inner.o(.text) for __rt_SIGRTMEM_inner
    _get_argv_nomalloc.o(.text) refers (Special) to hrguard.o(.text) for __heap_region$guard
    _get_argv_nomalloc.o(.text) refers to defsig_rtmem_outer.o(.text) for __rt_SIGRTMEM
    _get_argv_nomalloc.o(.text) refers to sys_command.o(.text) for _sys_command_string
    libshutdown.o(.ARM.Collect$$libshutdown$$00000000) refers (Special) to libshutdown2.o(.ARM.Collect$$libshutdown$$00000004) for __rt_lib_shutdown_cpp_1
    libshutdown.o(.ARM.Collect$$libshutdown$$00000000) refers (Special) to libshutdown2.o(.ARM.Collect$$libshutdown$$00000002) for __rt_lib_shutdown_fini_1
    libshutdown.o(.ARM.Collect$$libshutdown$$00000000) refers (Special) to libshutdown2.o(.ARM.Collect$$libshutdown$$00000009) for __rt_lib_shutdown_fp_trap_1
    libshutdown.o(.ARM.Collect$$libshutdown$$00000000) refers (Special) to libshutdown2.o(.ARM.Collect$$libshutdown$$00000011) for __rt_lib_shutdown_heap_1
    libshutdown.o(.ARM.Collect$$libshutdown$$00000000) refers (Special) to libshutdown2.o(.ARM.Collect$$libshutdown$$00000012) for __rt_lib_shutdown_return
    libshutdown.o(.ARM.Collect$$libshutdown$$00000000) refers (Special) to libshutdown2.o(.ARM.Collect$$libshutdown$$0000000C) for __rt_lib_shutdown_signal_1
    libshutdown.o(.ARM.Collect$$libshutdown$$00000000) refers (Special) to libshutdown2.o(.ARM.Collect$$libshutdown$$00000006) for __rt_lib_shutdown_stdio_1
    libshutdown.o(.ARM.Collect$$libshutdown$$00000000) refers (Special) to libshutdown2.o(.ARM.Collect$$libshutdown$$0000000E) for __rt_lib_shutdown_user_alloc_1
    sys_command.o(.text) refers (Special) to use_no_semi.o(.text) for __I$use$semihosting
    sys_command.o(.text) refers (Special) to indicate_semi.o(.text) for __semihosting_library_function
    defsig_abrt_inner.o(.text) refers to defsig_general.o(.text) for __default_signal_display
    defsig_rtred_inner.o(.text) refers to defsig_general.o(.text) for __default_signal_display
    defsig_rtmem_inner.o(.text) refers to defsig_general.o(.text) for __default_signal_display
    defsig_rtmem_outer.o(.text) refers to defsig_rtmem_inner.o(.text) for __rt_SIGRTMEM_inner
    defsig_rtmem_outer.o(.text) refers to defsig_exit.o(.text) for __sig_exit
    defsig_rtmem_formal.o(.text) refers to rt_raise.o(.text) for __rt_raise
    defsig_stak_inner.o(.text) refers to defsig_general.o(.text) for __default_signal_display
    defsig_pvfn_inner.o(.text) refers to defsig_general.o(.text) for __default_signal_display
    defsig_cppl_inner.o(.text) refers to defsig_general.o(.text) for __default_signal_display
    defsig_segv_inner.o(.text) refers to defsig_general.o(.text) for __default_signal_display
    defsig_other.o(.text) refers to defsig_general.o(.text) for __default_signal_display


==============================================================================

Removing Unused input sections from the image.

    Removing uart_polling.o(.rev16_text), (4 bytes).
    Removing uart_polling.o(.revsh_text), (4 bytes).
    Removing uart_polling.o(.rrx_text), (6 bytes).
    Removing uart_polling.o(i.uart_get_char), (48 bytes).
    Removing uart_irq.o(.rev16_text), (4 bytes).
    Removing uart_irq.o(.revsh_text), (4 bytes).
    Removing uart_irq.o(.rrx_text), (6 bytes).
    Removing uart_irq.o(.constdata), (128 bytes).
    Removing timer.o(.rev16_text), (4 bytes).
    Removing timer.o(.revsh_text), (4 bytes).
    Removing timer.o(.rrx_text), (6 bytes).
    Removing timer.o(i.get_tick), (72 bytes).
    Removing timer.o(i.timer_freerun_init), (152 bytes).
    Removing timer.o(i.timer_irq_init), (128 bytes).
    Removing hal.o(.rev16_text), (4 bytes).
    Removing hal.o(.revsh_text), (4 bytes).
    Removing hal.o(.rrx_text), (6 bytes).
    Removing hal.o(.constdata), (128 bytes).
    Removing k_mem.o(.rev16_text), (4 bytes).
    Removing k_mem.o(.revsh_text), (4 bytes).
    Removing k_mem.o(.rrx_text), (6 bytes).
    Removing k_mem.o(.constdata), (136 bytes).
    Removing k_msg.o(.rev16_text), (4 bytes).
    Removing k_msg.o(.revsh_text), (4 bytes).
    Removing k_msg.o(.rrx_text), (6 bytes).
    Removing k_msg.o(i.ece_memcpy), (22 bytes).
    Removing k_msg.o(i.get_size_left_tid), (24 bytes).
    Removing k_msg.o(i.is_full), (32 bytes).
    Removing k_msg.o(i.message_scheduler), (12 bytes).
    Removing k_msg.o(.constdata), (128 bytes).
    Removing k_rtx_init.o(.rev16_text), (4 bytes).
    Removing k_rtx_init.o(.revsh_text), (4 bytes).
    Removing k_rtx_init.o(.rrx_text), (6 bytes).
    Removing k_rtx_init.o(i.k_get_sys_info), (6 bytes).
    Removing k_rtx_init.o(.constdata), (128 bytes).
    Removing k_task.o(.rev16_text), (4 bytes).
    Removing k_task.o(.revsh_text), (4 bytes).
    Removing k_task.o(.rrx_text), (6 bytes).
    Removing k_task.o(i.print_queue), (32 bytes).
    Removing k_task.o(.constdata), (128 bytes).
    Removing printf.o(i.putcp), (10 bytes).
    Removing printf.o(i.tfp_sprintf), (44 bytes).
    Removing cdisp_task.o(.rev16_text), (4 bytes).
    Removing cdisp_task.o(.revsh_text), (4 bytes).
    Removing cdisp_task.o(.rrx_text), (6 bytes).
    Removing kcd_task.o(.rev16_text), (4 bytes).
    Removing kcd_task.o(.revsh_text), (4 bytes).
    Removing kcd_task.o(.rrx_text), (6 bytes).
    Removing kcd_task.o(i.print_string), (74 bytes).
    Removing null_task.o(.rev16_text), (4 bytes).
    Removing null_task.o(.revsh_text), (4 bytes).
    Removing null_task.o(.rrx_text), (6 bytes).
    Removing wall_clock_task.o(i.task_wall_clock), (2 bytes).
    Removing system_lpc17xx.o(.rev16_text), (4 bytes).
    Removing system_lpc17xx.o(.revsh_text), (4 bytes).
    Removing system_lpc17xx.o(.rrx_text), (6 bytes).
    Removing system_lpc17xx.o(i.SystemCoreClockUpdate), (424 bytes).
    Removing system_lpc17xx.o(.data), (4 bytes).
    Removing main.o(.rev16_text), (4 bytes).
    Removing main.o(.revsh_text), (4 bytes).
    Removing ae.o(i.ae_exit), (4 bytes).

61 unused section(s) (total 2042 bytes) removed from the image.

==============================================================================

Image Symbol Table

    Local Symbols

    Symbol Name                              Value     Ov Type        Size  Object(Section)

    RESET                                    0x00000000   Section      204  startup_lpc17xx.o(RESET)
    ../clib/angel/boardlib.s                 0x00000000   Number         0  boardinit3.o ABSOLUTE
    ../clib/angel/boardlib.s                 0x00000000   Number         0  boardinit2.o ABSOLUTE
    ../clib/angel/boardlib.s                 0x00000000   Number         0  boardshut.o ABSOLUTE
    ../clib/angel/boardlib.s                 0x00000000   Number         0  boardinit1.o ABSOLUTE
    ../clib/angel/handlers.s                 0x00000000   Number         0  __scatter_zi.o ABSOLUTE
    ../clib/angel/handlers.s                 0x00000000   Number         0  __scatter_copy.o ABSOLUTE
    ../clib/angel/kernel.s                   0x00000000   Number         0  __rtentry2.o ABSOLUTE
    ../clib/angel/kernel.s                   0x00000000   Number         0  rtexit2.o ABSOLUTE
    ../clib/angel/kernel.s                   0x00000000   Number         0  __rtentry4.o ABSOLUTE
    ../clib/angel/kernel.s                   0x00000000   Number         0  __rtentry.o ABSOLUTE
    ../clib/angel/kernel.s                   0x00000000   Number         0  rtexit.o ABSOLUTE
    ../clib/angel/rt.s                       0x00000000   Number         0  rt_div0.o ABSOLUTE
    ../clib/angel/rt.s                       0x00000000   Number         0  rt_raise.o ABSOLUTE
    ../clib/angel/rt.s                       0x00000000   Number         0  aeabi_ldiv0.o ABSOLUTE
    ../clib/angel/rt.s                       0x00000000   Number         0  aeabi_ldiv0_sigfpe.o ABSOLUTE
    ../clib/angel/scatter.s                  0x00000000   Number         0  __scatter.o ABSOLUTE
    ../clib/angel/startup.s                  0x00000000   Number         0  __main.o ABSOLUTE
    ../clib/angel/sys.s                      0x00000000   Number         0  indicate_semi.o ABSOLUTE
    ../clib/angel/sys.s                      0x00000000   Number         0  use_no_semi.o ABSOLUTE
    ../clib/angel/sys.s                      0x00000000   Number         0  libspace.o ABSOLUTE
    ../clib/angel/sys.s                      0x00000000   Number         0  sys_stackheap_outer.o ABSOLUTE
    ../clib/angel/sysapp.c                   0x00000000   Number         0  sys_command.o ABSOLUTE
    ../clib/angel/sysapp.c                   0x00000000   Number         0  sys_wrch.o ABSOLUTE
    ../clib/angel/sysapp.c                   0x00000000   Number         0  sys_exit.o ABSOLUTE
    ../clib/armsys.c                         0x00000000   Number         0  no_argv.o ABSOLUTE
    ../clib/armsys.c                         0x00000000   Number         0  argv_veneer.o ABSOLUTE
    ../clib/armsys.c                         0x00000000   Number         0  _get_argv_nomalloc.o ABSOLUTE
    ../clib/armsys.c                         0x00000000   Number         0  argv_veneer.o ABSOLUTE
    ../clib/heapalloc.c                      0x00000000   Number         0  hrguard.o ABSOLUTE
    ../clib/heapaux.c                        0x00000000   Number         0  heapauxi.o ABSOLUTE
    ../clib/libinit.s                        0x00000000   Number         0  libshutdown.o ABSOLUTE
    ../clib/libinit.s                        0x00000000   Number         0  libshutdown2.o ABSOLUTE
    ../clib/libinit.s                        0x00000000   Number         0  libinit2.o ABSOLUTE
    ../clib/libinit.s                        0x00000000   Number         0  libinit.o ABSOLUTE
    ../clib/longlong.s                       0x00000000   Number         0  lludivv7m.o ABSOLUTE
    ../clib/memcpset.s                       0x00000000   Number         0  rt_memcpy_w.o ABSOLUTE
    ../clib/signal.c                         0x00000000   Number         0  defsig_abrt_inner.o ABSOLUTE
    ../clib/signal.c                         0x00000000   Number         0  defsig_fpe_inner.o ABSOLUTE
    ../clib/signal.c                         0x00000000   Number         0  defsig_general.o ABSOLUTE
    ../clib/signal.c                         0x00000000   Number         0  __raise.o ABSOLUTE
    ../clib/signal.c                         0x00000000   Number         0  defsig_exit.o ABSOLUTE
    ../clib/signal.c                         0x00000000   Number         0  defsig_fpe_formal.o ABSOLUTE
    ../clib/signal.c                         0x00000000   Number         0  defsig_fpe_outer.o ABSOLUTE
    ../clib/signal.c                         0x00000000   Number         0  defsig_pvfn_inner.o ABSOLUTE
    ../clib/signal.c                         0x00000000   Number         0  defsig_other.o ABSOLUTE
    ../clib/signal.c                         0x00000000   Number         0  defsig_segv_inner.o ABSOLUTE
    ../clib/signal.c                         0x00000000   Number         0  defsig_cppl_inner.o ABSOLUTE
    ../clib/signal.c                         0x00000000   Number         0  defsig_stak_inner.o ABSOLUTE
    ../clib/signal.c                         0x00000000   Number         0  defsig_rtmem_formal.o ABSOLUTE
    ../clib/signal.c                         0x00000000   Number         0  defsig_rtmem_outer.o ABSOLUTE
    ../clib/signal.c                         0x00000000   Number         0  defsig_rtmem_inner.o ABSOLUTE
    ../clib/signal.c                         0x00000000   Number         0  defsig_rtred_inner.o ABSOLUTE
    ../clib/signal.s                         0x00000000   Number         0  defsig.o ABSOLUTE
    ../clib/stdlib.c                         0x00000000   Number         0  exit.o ABSOLUTE
    ../fplib/fpinit.s                        0x00000000   Number         0  fpinit.o ABSOLUTE
    RTE\Device\LPC1768\startup_LPC17xx.s     0x00000000   Number         0  startup_lpc17xx.o ABSOLUTE
    RTE\Device\LPC1768\system_LPC17xx.c      0x00000000   Number         0  system_lpc17xx.o ABSOLUTE
    RTE\\Device\\LPC1768\\system_LPC17xx.c   0x00000000   Number         0  system_lpc17xx.o ABSOLUTE
    dc.s                                     0x00000000   Number         0  dc.o ABSOLUTE
    src\\bsp\\LPC1768\\timer.c               0x00000000   Number         0  timer.o ABSOLUTE
    src\\bsp\\LPC1768\\uart_irq.c            0x00000000   Number         0  uart_irq.o ABSOLUTE
    src\\bsp\\LPC1768\\uart_polling.c        0x00000000   Number         0  uart_polling.o ABSOLUTE
    src\\kernel\\HAL.c                       0x00000000   Number         0  hal.o ABSOLUTE
    src\\kernel\\k_mem.c                     0x00000000   Number         0  k_mem.o ABSOLUTE
    src\\kernel\\k_msg.c                     0x00000000   Number         0  k_msg.o ABSOLUTE
    src\\kernel\\k_rtx_init.c                0x00000000   Number         0  k_rtx_init.o ABSOLUTE
    src\\kernel\\k_task.c                    0x00000000   Number         0  k_task.o ABSOLUTE
    src\\main.c                              0x00000000   Number         0  main.o ABSOLUTE
    src\\tasks\\cdisp_task.c                 0x00000000   Number         0  cdisp_task.o ABSOLUTE
    src\\tasks\\kcd_task.c                   0x00000000   Number         0  kcd_task.o ABSOLUTE
    src\\tasks\\null_task.c                  0x00000000   Number         0  null_task.o ABSOLUTE
    src\ae\ae.c                              0x00000000   Number         0  ae.o ABSOLUTE
    src\ae\ae_tasks3_G11.c                   0x00000000   Number         0  ae_tasks3_g11.o ABSOLUTE
    src\bsp\LPC1768\timer.c                  0x00000000   Number         0  timer.o ABSOLUTE
    src\bsp\LPC1768\uart_irq.c               0x00000000   Number         0  uart_irq.o ABSOLUTE
    src\bsp\LPC1768\uart_polling.c           0x00000000   Number         0  uart_polling.o ABSOLUTE
    src\kernel\HAL.c                         0x00000000   Number         0  hal.o ABSOLUTE
    src\kernel\k_mem.c                       0x00000000   Number         0  k_mem.o ABSOLUTE
    src\kernel\k_msg.c                       0x00000000   Number         0  k_msg.o ABSOLUTE
    src\kernel\k_rtx_init.c                  0x00000000   Number         0  k_rtx_init.o ABSOLUTE
    src\kernel\k_task.c                      0x00000000   Number         0  k_task.o ABSOLUTE
    src\kernel\log.c                         0x00000000   Number         0  log.o ABSOLUTE
    src\kernel\tree.c                        0x00000000   Number         0  tree.o ABSOLUTE
    src\libu\printf.c                        0x00000000   Number         0  printf.o ABSOLUTE
    src\main.c                               0x00000000   Number         0  main.o ABSOLUTE
    src\tasks\cdisp_task.c                   0x00000000   Number         0  cdisp_task.o ABSOLUTE
    src\tasks\kcd_task.c                     0x00000000   Number         0  kcd_task.o ABSOLUTE
    src\tasks\null_task.c                    0x00000000   Number         0  null_task.o ABSOLUTE
    src\tasks\wall_clock_task.c              0x00000000   Number         0  wall_clock_task.o ABSOLUTE
    !!!main                                  0x000000cc   Section        8  __main.o(!!!main)
    !!!scatter                               0x000000d4   Section       52  __scatter.o(!!!scatter)
    !!handler_copy                           0x00000108   Section       26  __scatter_copy.o(!!handler_copy)
    !!handler_zi                             0x00000124   Section       28  __scatter_zi.o(!!handler_zi)
    .ARM.Collect$$libinit$$00000000          0x00000140   Section        2  libinit.o(.ARM.Collect$$libinit$$00000000)
    .ARM.Collect$$libinit$$00000002          0x00000142   Section        0  libinit2.o(.ARM.Collect$$libinit$$00000002)
    .ARM.Collect$$libinit$$00000004          0x00000142   Section        0  libinit2.o(.ARM.Collect$$libinit$$00000004)
    .ARM.Collect$$libinit$$0000000A          0x00000142   Section        0  libinit2.o(.ARM.Collect$$libinit$$0000000A)
    .ARM.Collect$$libinit$$0000000C          0x00000142   Section        0  libinit2.o(.ARM.Collect$$libinit$$0000000C)
    .ARM.Collect$$libinit$$0000000E          0x00000142   Section        0  libinit2.o(.ARM.Collect$$libinit$$0000000E)
    .ARM.Collect$$libinit$$00000011          0x00000142   Section        0  libinit2.o(.ARM.Collect$$libinit$$00000011)
    .ARM.Collect$$libinit$$00000013          0x00000142   Section        0  libinit2.o(.ARM.Collect$$libinit$$00000013)
    .ARM.Collect$$libinit$$00000015          0x00000142   Section        0  libinit2.o(.ARM.Collect$$libinit$$00000015)
    .ARM.Collect$$libinit$$00000017          0x00000142   Section        0  libinit2.o(.ARM.Collect$$libinit$$00000017)
    .ARM.Collect$$libinit$$00000019          0x00000142   Section        0  libinit2.o(.ARM.Collect$$libinit$$00000019)
    .ARM.Collect$$libinit$$0000001B          0x00000142   Section        0  libinit2.o(.ARM.Collect$$libinit$$0000001B)
    .ARM.Collect$$libinit$$0000001D          0x00000142   Section        0  libinit2.o(.ARM.Collect$$libinit$$0000001D)
    .ARM.Collect$$libinit$$0000001F          0x00000142   Section        0  libinit2.o(.ARM.Collect$$libinit$$0000001F)
    .ARM.Collect$$libinit$$00000021          0x00000142   Section        0  libinit2.o(.ARM.Collect$$libinit$$00000021)
    .ARM.Collect$$libinit$$00000023          0x00000142   Section        0  libinit2.o(.ARM.Collect$$libinit$$00000023)
    .ARM.Collect$$libinit$$00000025          0x00000142   Section        0  libinit2.o(.ARM.Collect$$libinit$$00000025)
    .ARM.Collect$$libinit$$0000002C          0x00000142   Section        0  libinit2.o(.ARM.Collect$$libinit$$0000002C)
    .ARM.Collect$$libinit$$0000002E          0x00000142   Section        0  libinit2.o(.ARM.Collect$$libinit$$0000002E)
    .ARM.Collect$$libinit$$00000030          0x00000142   Section        0  libinit2.o(.ARM.Collect$$libinit$$00000030)
    .ARM.Collect$$libinit$$00000032          0x00000142   Section        0  libinit2.o(.ARM.Collect$$libinit$$00000032)
    .ARM.Collect$$libinit$$00000033          0x00000142   Section        2  libinit2.o(.ARM.Collect$$libinit$$00000033)
    .ARM.Collect$$libshutdown$$00000000      0x00000144   Section        2  libshutdown.o(.ARM.Collect$$libshutdown$$00000000)
    .ARM.Collect$$libshutdown$$00000002      0x00000146   Section        0  libshutdown2.o(.ARM.Collect$$libshutdown$$00000002)
    .ARM.Collect$$libshutdown$$00000004      0x00000146   Section        0  libshutdown2.o(.ARM.Collect$$libshutdown$$00000004)
    .ARM.Collect$$libshutdown$$00000006      0x00000146   Section        0  libshutdown2.o(.ARM.Collect$$libshutdown$$00000006)
    .ARM.Collect$$libshutdown$$00000009      0x00000146   Section        0  libshutdown2.o(.ARM.Collect$$libshutdown$$00000009)
    .ARM.Collect$$libshutdown$$0000000C      0x00000146   Section        0  libshutdown2.o(.ARM.Collect$$libshutdown$$0000000C)
    .ARM.Collect$$libshutdown$$0000000E      0x00000146   Section        0  libshutdown2.o(.ARM.Collect$$libshutdown$$0000000E)
    .ARM.Collect$$libshutdown$$00000011      0x00000146   Section        0  libshutdown2.o(.ARM.Collect$$libshutdown$$00000011)
    .ARM.Collect$$libshutdown$$00000012      0x00000146   Section        2  libshutdown2.o(.ARM.Collect$$libshutdown$$00000012)
    .ARM.Collect$$rtentry$$00000000          0x00000148   Section        0  __rtentry.o(.ARM.Collect$$rtentry$$00000000)
    .ARM.Collect$$rtentry$$00000002          0x00000148   Section        0  __rtentry2.o(.ARM.Collect$$rtentry$$00000002)
    .ARM.Collect$$rtentry$$00000004          0x00000148   Section        6  __rtentry4.o(.ARM.Collect$$rtentry$$00000004)
    .ARM.Collect$$rtentry$$00000009          0x0000014e   Section        0  __rtentry2.o(.ARM.Collect$$rtentry$$00000009)
    .ARM.Collect$$rtentry$$0000000A          0x0000014e   Section        4  __rtentry2.o(.ARM.Collect$$rtentry$$0000000A)
    .ARM.Collect$$rtentry$$0000000C          0x00000152   Section        0  __rtentry2.o(.ARM.Collect$$rtentry$$0000000C)
    .ARM.Collect$$rtentry$$0000000D          0x00000152   Section        8  __rtentry2.o(.ARM.Collect$$rtentry$$0000000D)
    .ARM.Collect$$rtexit$$00000000           0x0000015a   Section        2  rtexit.o(.ARM.Collect$$rtexit$$00000000)
    .ARM.Collect$$rtexit$$00000002           0x0000015c   Section        0  rtexit2.o(.ARM.Collect$$rtexit$$00000002)
    .ARM.Collect$$rtexit$$00000003           0x0000015c   Section        4  rtexit2.o(.ARM.Collect$$rtexit$$00000003)
    .ARM.Collect$$rtexit$$00000004           0x00000160   Section        6  rtexit2.o(.ARM.Collect$$rtexit$$00000004)
    .emb_text                                0x00000168   Section        8  hal.o(.emb_text)
    .emb_text                                0x00000170   Section       50  k_task.o(.emb_text)
    .text                                    0x000001a4   Section       60  startup_lpc17xx.o(.text)
    .text                                    0x000001e0   Section      100  rt_memcpy_w.o(.text)
    .text                                    0x00000244   Section        0  heapauxi.o(.text)
    .text                                    0x0000024a   Section       74  sys_stackheap_outer.o(.text)
    .text                                    0x00000294   Section        0  exit.o(.text)
    .text                                    0x000002a8   Section        8  libspace.o(.text)
    .text                                    0x000002b0   Section        0  sys_exit.o(.text)
    .text                                    0x000002bc   Section        2  use_no_semi.o(.text)
    .text                                    0x000002be   Section        0  indicate_semi.o(.text)
    i.TIMER0_IRQHandler                      0x000002c0   Section        0  timer.o(i.TIMER0_IRQHandler)
    i.__NVIC_EnableIRQ                       0x000002d8   Section        0  uart_irq.o(i.__NVIC_EnableIRQ)
    __NVIC_EnableIRQ                         0x000002d9   Thumb Code    34  uart_irq.o(i.__NVIC_EnableIRQ)
    .ARM.__at_0x02FC                         0x000002fc   Section        4  startup_lpc17xx.o(.ARM.__at_0x02FC)
    i.SVC_Handler                            0x00000300   Section        0  hal.o(i.SVC_Handler)
    i.SystemInit                             0x00000428   Section        0  system_lpc17xx.o(i.SystemInit)
    i.UART0_IRQHandler                       0x00000568   Section        0  uart_irq.o(i.UART0_IRQHandler)
    i.__NVIC_SetPriority                     0x000006f8   Section        0  uart_irq.o(i.__NVIC_SetPriority)
    __NVIC_SetPriority                       0x000006f9   Thumb Code    32  uart_irq.o(i.__NVIC_SetPriority)
    i.a2d                                    0x00000720   Section        0  printf.o(i.a2d)
    a2d                                      0x00000721   Thumb Code    50  printf.o(i.a2d)
    i.a2i                                    0x00000752   Section        0  printf.o(i.a2i)
    a2i                                      0x00000753   Thumb Code    58  printf.o(i.a2i)
    i.add_node                               0x0000078c   Section        0  k_mem.o(i.add_node)
    i.ae_init                                0x00000804   Section        0  ae.o(i.ae_init)
    i.ae_set_init_tasks_info                 0x00000834   Section        0  ae.o(i.ae_set_init_tasks_info)
    i.ae_set_sys_info                        0x0000084a   Section        0  ae.o(i.ae_set_sys_info)
    i.compute_block_address                  0x00000860   Section        0  tree.o(i.compute_block_address)
    i.compute_block_size                     0x00000882   Section        0  tree.o(i.compute_block_size)
    i.contextSwitchTcb                       0x00000894   Section        0  k_msg.o(i.contextSwitchTcb)
    i.delete_node                            0x000008c4   Section        0  k_mem.o(i.delete_node)
    i.find_buddy                             0x0000092c   Section        0  tree.o(i.find_buddy)
    i.find_k_and_x_from_pos                  0x00000964   Section        0  tree.o(i.find_k_and_x_from_pos)
    i.find_left_child                        0x0000099a   Section        0  tree.o(i.find_left_child)
    i.find_parent                            0x000009ba   Section        0  tree.o(i.find_parent)
    i.find_pos_from_k_and_x                  0x000009f2   Section        0  tree.o(i.find_pos_from_k_and_x)
    i.getAvailableTCB                        0x00000a0c   Section        0  k_task.o(i.getAvailableTCB)
    i.get_bit                                0x00000a38   Section        0  tree.o(i.get_bit)
    i.get_index                              0x00000a62   Section        0  k_task.o(i.get_index)
    i.get_index_waiting_list                 0x00000a6a   Section        0  k_msg.o(i.get_index_waiting_list)
    i.get_length_of_next_msg                 0x00000a74   Section        0  k_msg.o(i.get_length_of_next_msg)
    i.get_max_h                              0x00000ac4   Section        0  k_mem.o(i.get_max_h)
    i.get_size                               0x00000ad0   Section        0  k_mem.o(i.get_size)
    i.get_start                              0x00000ae0   Section        0  k_mem.o(i.get_start)
    i.i2a                                    0x00000af4   Section        0  printf.o(i.i2a)
    i2a                                      0x00000af5   Thumb Code    32  printf.o(i.i2a)
    i.init_ae_tsk_test                       0x00000b14   Section        0  ae_tasks3_g11.o(i.init_ae_tsk_test)
    i.init_printf                            0x00000b90   Section        0  printf.o(i.init_printf)
    i.init_ring_buffer                       0x00000ba4   Section        0  k_msg.o(i.init_ring_buffer)
    i.insert_back_queue                      0x00000c48   Section        0  k_task.o(i.insert_back_queue)
    i.insert_back_waiting_list               0x00000c84   Section        0  k_msg.o(i.insert_back_waiting_list)
    i.insert_command                         0x00000d2c   Section        0  kcd_task.o(i.insert_command)
    i.insert_front_queue                     0x00000d98   Section        0  k_task.o(i.insert_front_queue)
    i.is_empty                               0x00000dd0   Section        0  k_msg.o(i.is_empty)
    i.is_waiting_list_empty                  0x00000e00   Section        0  k_msg.o(i.is_waiting_list_empty)
    i.k_mbx_create                           0x00000e2c   Section        0  k_msg.o(i.k_mbx_create)
    i.k_mbx_get                              0x00000e80   Section        0  k_msg.o(i.k_mbx_get)
    i.k_mbx_ls                               0x00000ec0   Section        0  k_msg.o(i.k_mbx_ls)
    i.k_mem_init                             0x00000f30   Section        0  k_mem.o(i.k_mem_init)
    i.k_mpool_alloc                          0x00000f70   Section        0  k_mem.o(i.k_mpool_alloc)
    i.k_mpool_create                         0x000010bc   Section        0  k_mem.o(i.k_mpool_create)
    i.k_mpool_dealloc                        0x000011ec   Section        0  k_mem.o(i.k_mpool_dealloc)
    i.k_mpool_dump                           0x00001358   Section        0  k_mem.o(i.k_mpool_dump)
    i.k_pre_rtx_init                         0x000013b4   Section        0  k_rtx_init.o(i.k_pre_rtx_init)
    i.k_recv_msg                             0x000013f4   Section        0  k_msg.o(i.k_recv_msg)
    i.k_recv_msg_nb                          0x000014ec   Section        0  k_msg.o(i.k_recv_msg_nb)
    i.k_rt_tsk_get                           0x000015e4   Section        0  k_task.o(i.k_rt_tsk_get)
    i.k_rt_tsk_set                           0x000015fe   Section        0  k_task.o(i.k_rt_tsk_set)
    i.k_rt_tsk_susp                          0x00001604   Section        0  k_task.o(i.k_rt_tsk_susp)
    i.k_rtx_init                             0x00001608   Section        0  k_rtx_init.o(i.k_rtx_init)
    i.k_send_msg                             0x0000167c   Section        0  k_msg.o(i.k_send_msg)
    i.k_send_msg_nb                          0x0000181c   Section        0  k_msg.o(i.k_send_msg_nb)
    i.k_tsk_create                           0x00001944   Section        0  k_task.o(i.k_tsk_create)
    i.k_tsk_create_new                       0x00001a2c   Section        0  k_task.o(i.k_tsk_create_new)
    i.k_tsk_exit                             0x00001b48   Section        0  k_task.o(i.k_tsk_exit)
    i.k_tsk_get                              0x00001bb4   Section        0  k_task.o(i.k_tsk_get)
    i.k_tsk_gettid                           0x00001c4c   Section        0  k_task.o(i.k_tsk_gettid)
    i.k_tsk_init                             0x00001c5c   Section        0  k_task.o(i.k_tsk_init)
    i.k_tsk_init_first                       0x00001e30   Section        0  k_task.o(i.k_tsk_init_first)
    i.k_tsk_ls                               0x00001e4c   Section        0  k_task.o(i.k_tsk_ls)
    i.k_tsk_run_new                          0x00001eb0   Section        0  k_task.o(i.k_tsk_run_new)
    i.k_tsk_set_prio                         0x00001f18   Section        0  k_task.o(i.k_tsk_set_prio)
    i.k_tsk_yield                            0x0000207c   Section        0  k_task.o(i.k_tsk_yield)
    i.k_uart_recv_nb                         0x000020c4   Section        0  k_msg.o(i.k_uart_recv_nb)
    i.kcd_strcmp                             0x0000219c   Section        0  kcd_task.o(i.kcd_strcmp)
    i.log_ceil                               0x000021b8   Section        0  log.o(i.log_ceil)
    i.log_floor                              0x000021d4   Section        0  log.o(i.log_floor)
    i.main                                   0x00002200   Section        0  main.o(i.main)
    i.peak_head_waiting_list                 0x00002268   Section        0  k_msg.o(i.peak_head_waiting_list)
    i.pop_head_tcb                           0x000022a4   Section        0  k_task.o(i.pop_head_tcb)
    i.pop_head_waiting_list                  0x000022fc   Section        0  k_msg.o(i.pop_head_waiting_list)
    i.pop_node                               0x000023d0   Section        0  k_mem.o(i.pop_node)
    i.pop_tid_tcb                            0x00002408   Section        0  k_task.o(i.pop_tid_tcb)
    i.pop_tid_waiting_list                   0x00002488   Section        0  k_msg.o(i.pop_tid_waiting_list)
    i.power_two                              0x00002560   Section        0  tree.o(i.power_two)
    i.print_list                             0x00002574   Section        0  k_mem.o(i.print_list)
    i.putc                                   0x000025d0   Section        0  uart_polling.o(i.putc)
    i.putchw                                 0x00002614   Section        0  printf.o(i.putchw)
    putchw                                   0x00002615   Thumb Code    82  printf.o(i.putchw)
    i.read_from_queue                        0x00002668   Section        0  k_msg.o(i.read_from_queue)
    i.scheduler                              0x000026ec   Section        0  k_task.o(i.scheduler)
    i.search_command                         0x00002728   Section        0  kcd_task.o(i.search_command)
    i.send_echo                              0x00002750   Section        0  kcd_task.o(i.send_echo)
    i.set_ae_init_tasks                      0x0000277c   Section        0  ae_tasks3_g11.o(i.set_ae_init_tasks)
    i.set_ae_tasks                           0x00002798   Section        0  ae_tasks3_g11.o(i.set_ae_tasks)
    i.set_bit_off                            0x000027dc   Section        0  tree.o(i.set_bit_off)
    i.set_bit_on                             0x00002802   Section        0  tree.o(i.set_bit_on)
    i.task0                                  0x00002828   Section        0  ae_tasks3_g11.o(i.task0)
    i.task_cdisp                             0x000028b0   Section        0  cdisp_task.o(i.task_cdisp)
    i.task_kcd                               0x00002948   Section        0  kcd_task.o(i.task_kcd)
    i.task_null                              0x00002be0   Section        0  null_task.o(i.task_null)
    i.tfp_format                             0x00002be6   Section        0  printf.o(i.tfp_format)
    i.tfp_printf                             0x00002d10   Section        0  printf.o(i.tfp_printf)
    i.uart_init                              0x00002d3c   Section        0  uart_polling.o(i.uart_init)
    i.uart_irq_init                          0x00002da8   Section        0  uart_irq.o(i.uart_irq_init)
    i.uart_put_char                          0x00002e44   Section        0  uart_polling.o(i.uart_put_char)
    i.uart_put_string                        0x00002e78   Section        0  uart_polling.o(i.uart_put_string)
    i.ui2a                                   0x00002e9e   Section        0  printf.o(i.ui2a)
    ui2a                                     0x00002e9f   Thumb Code    86  printf.o(i.ui2a)
    i.write_to_queue                         0x00002ef4   Section        0  k_msg.o(i.write_to_queue)
    .constdata                               0x00002f9c   Section      128  log.o(.constdata)
    MultiplyDeBruijnBitPosition              0x00002f9c   Data         128  log.o(.constdata)
    .constdata                               0x0000301c   Section       33  ae_tasks3_g11.o(.constdata)
    .data                                    0x10000000   Section       12  uart_irq.o(.data)
    gp_buffer                                0x10000000   Data           4  uart_irq.o(.data)
    gp_buffer_address                        0x10000004   Data           4  uart_irq.o(.data)
    .data                                    0x1000000c   Section        4  timer.o(.data)
    .data                                    0x10000010   Section        8  k_rtx_init.o(.data)
    .data                                    0x10000018   Section        8  k_task.o(.data)
    .data                                    0x10000020   Section        8  printf.o(.data)
    stdout_putf                              0x10000020   Data           4  printf.o(.data)
    stdout_putp                              0x10000024   Data           4  printf.o(.data)
    .data                                    0x10000028   Section       12  kcd_task.o(.data)
    .data                                    0x10000034   Section       16  main.o(.data)
    sys                                      0x10000034   Data           8  main.o(.data)
    p_tasks                                  0x1000003c   Data           4  main.o(.data)
    num                                      0x10000040   Data           4  main.o(.data)
    .data                                    0x10000044   Section        8  ae_tasks3_g11.o(.data)
    .bss                                     0x1000004c   Section      420  k_mem.o(.bss)
    .bss                                     0x100001f0   Section      520  k_msg.o(.bss)
    .bss                                     0x100003f8   Section      560  k_task.o(.bss)
    .bss                                     0x10000628   Section       64  kcd_task.o(.bss)
    .bss                                     0x10000668   Section       96  libspace.o(.bss)
    .bss                                     0x100006c8   Section      492  ae_tasks3_g11.o(.bss)
    HEAP                                     0x100008b8   Section        0  startup_lpc17xx.o(HEAP)
    STACK                                    0x100008b8   Section      512  startup_lpc17xx.o(STACK)
    Heap_Mem                                 0x100008b8   Data           0  startup_lpc17xx.o(HEAP)
    Stack_Mem                                0x100008b8   Data         512  startup_lpc17xx.o(STACK)
    __initial_sp                             0x10000ab8   Data           0  startup_lpc17xx.o(STACK)

    Global Symbols

    Symbol Name                              Value     Ov Type        Size  Object(Section)

    BuildAttributes$$THM_ISAv4$P$D$K$B$S$PE$A:L22UL41UL21$X:L11$S22US41US21$IEEE1$IW$USESV6$~STKCKD$USESV7$~SHL$OSPACE$ROPI$EBA8$UX$STANDARDLIB$REQ8$PRES8$EABIv2 0x00000000   Number         0  anon$$obj.o ABSOLUTE
    __ARM_use_no_argv                        0x00000000   Number         0  main.o ABSOLUTE
    __Vectors                                0x00000000   Data           4  startup_lpc17xx.o(RESET)
    __ARM_exceptions_init                     - Undefined Weak Reference
    __alloca_initialize                       - Undefined Weak Reference
    __arm_fini_                               - Undefined Weak Reference
    __arm_preinit_                            - Undefined Weak Reference
    __cpp_initialize__aeabi_                  - Undefined Weak Reference
    __cxa_finalize                            - Undefined Weak Reference
    __rt_locale                               - Undefined Weak Reference
    __sigvec_lookup                           - Undefined Weak Reference
    _atexit_init                              - Undefined Weak Reference
    _call_atexit_fns                          - Undefined Weak Reference
    _clock_init                               - Undefined Weak Reference
    _fp_trap_init                             - Undefined Weak Reference
    _fp_trap_shutdown                         - Undefined Weak Reference
    _get_lc_collate                           - Undefined Weak Reference
    _get_lc_ctype                             - Undefined Weak Reference
    _get_lc_monetary                          - Undefined Weak Reference
    _get_lc_numeric                           - Undefined Weak Reference
    _get_lc_time                              - Undefined Weak Reference
    _getenv_init                              - Undefined Weak Reference
    _handle_redirection                       - Undefined Weak Reference
    _init_alloc                               - Undefined Weak Reference
    _init_user_alloc                          - Undefined Weak Reference
    _initio                                   - Undefined Weak Reference
    _rand_init                                - Undefined Weak Reference
    _signal_finish                            - Undefined Weak Reference
    _signal_init                              - Undefined Weak Reference
    _terminate_alloc                          - Undefined Weak Reference
    _terminate_user_alloc                     - Undefined Weak Reference
    _terminateio                              - Undefined Weak Reference
    __main                                   0x000000cd   Thumb Code     8  __main.o(!!!main)
    __scatterload                            0x000000d5   Thumb Code     0  __scatter.o(!!!scatter)
    __scatterload_rt2                        0x000000d5   Thumb Code    44  __scatter.o(!!!scatter)
    __scatterload_rt2_thumb_only             0x000000d5   Thumb Code     0  __scatter.o(!!!scatter)
    __scatterload_null                       0x000000e3   Thumb Code     0  __scatter.o(!!!scatter)
    __scatterload_copy                       0x00000109   Thumb Code    26  __scatter_copy.o(!!handler_copy)
    __scatterload_zeroinit                   0x00000125   Thumb Code    28  __scatter_zi.o(!!handler_zi)
    __rt_lib_init                            0x00000141   Thumb Code     0  libinit.o(.ARM.Collect$$libinit$$00000000)
    __rt_lib_init_alloca_1                   0x00000143   Thumb Code     0  libinit2.o(.ARM.Collect$$libinit$$0000002E)
    __rt_lib_init_argv_1                     0x00000143   Thumb Code     0  libinit2.o(.ARM.Collect$$libinit$$0000002C)
    __rt_lib_init_atexit_1                   0x00000143   Thumb Code     0  libinit2.o(.ARM.Collect$$libinit$$0000001B)
    __rt_lib_init_clock_1                    0x00000143   Thumb Code     0  libinit2.o(.ARM.Collect$$libinit$$00000021)
    __rt_lib_init_cpp_1                      0x00000143   Thumb Code     0  libinit2.o(.ARM.Collect$$libinit$$00000032)
    __rt_lib_init_exceptions_1               0x00000143   Thumb Code     0  libinit2.o(.ARM.Collect$$libinit$$00000030)
    __rt_lib_init_fp_1                       0x00000143   Thumb Code     0  libinit2.o(.ARM.Collect$$libinit$$00000002)
    __rt_lib_init_fp_trap_1                  0x00000143   Thumb Code     0  libinit2.o(.ARM.Collect$$libinit$$0000001F)
    __rt_lib_init_getenv_1                   0x00000143   Thumb Code     0  libinit2.o(.ARM.Collect$$libinit$$00000023)
    __rt_lib_init_heap_1                     0x00000143   Thumb Code     0  libinit2.o(.ARM.Collect$$libinit$$0000000A)
    __rt_lib_init_lc_collate_1               0x00000143   Thumb Code     0  libinit2.o(.ARM.Collect$$libinit$$00000011)
    __rt_lib_init_lc_ctype_1                 0x00000143   Thumb Code     0  libinit2.o(.ARM.Collect$$libinit$$00000013)
    __rt_lib_init_lc_monetary_1              0x00000143   Thumb Code     0  libinit2.o(.ARM.Collect$$libinit$$00000015)
    __rt_lib_init_lc_numeric_1               0x00000143   Thumb Code     0  libinit2.o(.ARM.Collect$$libinit$$00000017)
    __rt_lib_init_lc_time_1                  0x00000143   Thumb Code     0  libinit2.o(.ARM.Collect$$libinit$$00000019)
    __rt_lib_init_preinit_1                  0x00000143   Thumb Code     0  libinit2.o(.ARM.Collect$$libinit$$00000004)
    __rt_lib_init_rand_1                     0x00000143   Thumb Code     0  libinit2.o(.ARM.Collect$$libinit$$0000000E)
    __rt_lib_init_return                     0x00000143   Thumb Code     0  libinit2.o(.ARM.Collect$$libinit$$00000033)
    __rt_lib_init_signal_1                   0x00000143   Thumb Code     0  libinit2.o(.ARM.Collect$$libinit$$0000001D)
    __rt_lib_init_stdio_1                    0x00000143   Thumb Code     0  libinit2.o(.ARM.Collect$$libinit$$00000025)
    __rt_lib_init_user_alloc_1               0x00000143   Thumb Code     0  libinit2.o(.ARM.Collect$$libinit$$0000000C)
    __rt_lib_shutdown                        0x00000145   Thumb Code     0  libshutdown.o(.ARM.Collect$$libshutdown$$00000000)
    __rt_lib_shutdown_cpp_1                  0x00000147   Thumb Code     0  libshutdown2.o(.ARM.Collect$$libshutdown$$00000004)
    __rt_lib_shutdown_fini_1                 0x00000147   Thumb Code     0  libshutdown2.o(.ARM.Collect$$libshutdown$$00000002)
    __rt_lib_shutdown_fp_trap_1              0x00000147   Thumb Code     0  libshutdown2.o(.ARM.Collect$$libshutdown$$00000009)
    __rt_lib_shutdown_heap_1                 0x00000147   Thumb Code     0  libshutdown2.o(.ARM.Collect$$libshutdown$$00000011)
    __rt_lib_shutdown_return                 0x00000147   Thumb Code     0  libshutdown2.o(.ARM.Collect$$libshutdown$$00000012)
    __rt_lib_shutdown_signal_1               0x00000147   Thumb Code     0  libshutdown2.o(.ARM.Collect$$libshutdown$$0000000C)
    __rt_lib_shutdown_stdio_1                0x00000147   Thumb Code     0  libshutdown2.o(.ARM.Collect$$libshutdown$$00000006)
    __rt_lib_shutdown_user_alloc_1           0x00000147   Thumb Code     0  libshutdown2.o(.ARM.Collect$$libshutdown$$0000000E)
    __rt_entry                               0x00000149   Thumb Code     0  __rtentry.o(.ARM.Collect$$rtentry$$00000000)
    __rt_entry_presh_1                       0x00000149   Thumb Code     0  __rtentry2.o(.ARM.Collect$$rtentry$$00000002)
    __rt_entry_sh                            0x00000149   Thumb Code     0  __rtentry4.o(.ARM.Collect$$rtentry$$00000004)
    __rt_entry_li                            0x0000014f   Thumb Code     0  __rtentry2.o(.ARM.Collect$$rtentry$$0000000A)
    __rt_entry_postsh_1                      0x0000014f   Thumb Code     0  __rtentry2.o(.ARM.Collect$$rtentry$$00000009)
    __rt_entry_main                          0x00000153   Thumb Code     0  __rtentry2.o(.ARM.Collect$$rtentry$$0000000D)
    __rt_entry_postli_1                      0x00000153   Thumb Code     0  __rtentry2.o(.ARM.Collect$$rtentry$$0000000C)
    __rt_exit                                0x0000015b   Thumb Code     0  rtexit.o(.ARM.Collect$$rtexit$$00000000)
    __rt_exit_ls                             0x0000015d   Thumb Code     0  rtexit2.o(.ARM.Collect$$rtexit$$00000003)
    __rt_exit_prels_1                        0x0000015d   Thumb Code     0  rtexit2.o(.ARM.Collect$$rtexit$$00000002)
    __rt_exit_exit                           0x00000161   Thumb Code     0  rtexit2.o(.ARM.Collect$$rtexit$$00000004)
    SVC_RTE                                  0x00000169   Thumb Code     0  hal.o(.emb_text)
    __rte                                    0x00000169   Thumb Code     8  hal.o(.emb_text)
    k_tsk_switch                             0x00000171   Thumb Code    44  k_task.o(.emb_text)
    K_RESTORE                                0x00000183   Thumb Code     0  k_task.o(.emb_text)
    k_tsk_start                              0x000001a1   Thumb Code     2  k_task.o(.emb_text)
    Reset_Handler                            0x000001a5   Thumb Code     8  startup_lpc17xx.o(.text)
    NMI_Handler                              0x000001ad   Thumb Code     2  startup_lpc17xx.o(.text)
    HardFault_Handler                        0x000001af   Thumb Code     2  startup_lpc17xx.o(.text)
    MemManage_Handler                        0x000001b1   Thumb Code     2  startup_lpc17xx.o(.text)
    BusFault_Handler                         0x000001b3   Thumb Code     2  startup_lpc17xx.o(.text)
    UsageFault_Handler                       0x000001b5   Thumb Code     2  startup_lpc17xx.o(.text)
    DebugMon_Handler                         0x000001b9   Thumb Code     2  startup_lpc17xx.o(.text)
    PendSV_Handler                           0x000001bb   Thumb Code     2  startup_lpc17xx.o(.text)
    SysTick_Handler                          0x000001bd   Thumb Code     2  startup_lpc17xx.o(.text)
    ADC_IRQHandler                           0x000001bf   Thumb Code     0  startup_lpc17xx.o(.text)
    BOD_IRQHandler                           0x000001bf   Thumb Code     0  startup_lpc17xx.o(.text)
    CANActivity_IRQHandler                   0x000001bf   Thumb Code     0  startup_lpc17xx.o(.text)
    CAN_IRQHandler                           0x000001bf   Thumb Code     0  startup_lpc17xx.o(.text)
    DMA_IRQHandler                           0x000001bf   Thumb Code     0  startup_lpc17xx.o(.text)
    EINT0_IRQHandler                         0x000001bf   Thumb Code     0  startup_lpc17xx.o(.text)
    EINT1_IRQHandler                         0x000001bf   Thumb Code     0  startup_lpc17xx.o(.text)
    EINT2_IRQHandler                         0x000001bf   Thumb Code     0  startup_lpc17xx.o(.text)
    EINT3_IRQHandler                         0x000001bf   Thumb Code     0  startup_lpc17xx.o(.text)
    ENET_IRQHandler                          0x000001bf   Thumb Code     0  startup_lpc17xx.o(.text)
    I2C0_IRQHandler                          0x000001bf   Thumb Code     0  startup_lpc17xx.o(.text)
    I2C1_IRQHandler                          0x000001bf   Thumb Code     0  startup_lpc17xx.o(.text)
    I2C2_IRQHandler                          0x000001bf   Thumb Code     0  startup_lpc17xx.o(.text)
    I2S_IRQHandler                           0x000001bf   Thumb Code     0  startup_lpc17xx.o(.text)
    MCPWM_IRQHandler                         0x000001bf   Thumb Code     0  startup_lpc17xx.o(.text)
    PLL0_IRQHandler                          0x000001bf   Thumb Code     0  startup_lpc17xx.o(.text)
    PLL1_IRQHandler                          0x000001bf   Thumb Code     0  startup_lpc17xx.o(.text)
    PWM1_IRQHandler                          0x000001bf   Thumb Code     0  startup_lpc17xx.o(.text)
    QEI_IRQHandler                           0x000001bf   Thumb Code     0  startup_lpc17xx.o(.text)
    RIT_IRQHandler                           0x000001bf   Thumb Code     0  startup_lpc17xx.o(.text)
    RTC_IRQHandler                           0x000001bf   Thumb Code     0  startup_lpc17xx.o(.text)
    SPI_IRQHandler                           0x000001bf   Thumb Code     0  startup_lpc17xx.o(.text)
    SSP0_IRQHandler                          0x000001bf   Thumb Code     0  startup_lpc17xx.o(.text)
    SSP1_IRQHandler                          0x000001bf   Thumb Code     0  startup_lpc17xx.o(.text)
    TIMER1_IRQHandler                        0x000001bf   Thumb Code     0  startup_lpc17xx.o(.text)
    TIMER2_IRQHandler                        0x000001bf   Thumb Code     0  startup_lpc17xx.o(.text)
    TIMER3_IRQHandler                        0x000001bf   Thumb Code     0  startup_lpc17xx.o(.text)
    UART1_IRQHandler                         0x000001bf   Thumb Code     0  startup_lpc17xx.o(.text)
    UART2_IRQHandler                         0x000001bf   Thumb Code     0  startup_lpc17xx.o(.text)
    UART3_IRQHandler                         0x000001bf   Thumb Code     0  startup_lpc17xx.o(.text)
    USBActivity_IRQHandler                   0x000001bf   Thumb Code     0  startup_lpc17xx.o(.text)
    USB_IRQHandler                           0x000001bf   Thumb Code     0  startup_lpc17xx.o(.text)
    WDT_IRQHandler                           0x000001bf   Thumb Code     0  startup_lpc17xx.o(.text)
    __user_initial_stackheap                 0x000001c1   Thumb Code     0  startup_lpc17xx.o(.text)
    __aeabi_memcpy4                          0x000001e1   Thumb Code     0  rt_memcpy_w.o(.text)
    __aeabi_memcpy8                          0x000001e1   Thumb Code     0  rt_memcpy_w.o(.text)
    __rt_memcpy_w                            0x000001e1   Thumb Code   100  rt_memcpy_w.o(.text)
    _memcpy_lastbytes_aligned                0x00000229   Thumb Code     0  rt_memcpy_w.o(.text)
    __use_two_region_memory                  0x00000245   Thumb Code     2  heapauxi.o(.text)
    __rt_heap_escrow$2region                 0x00000247   Thumb Code     2  heapauxi.o(.text)
    __rt_heap_expand$2region                 0x00000249   Thumb Code     2  heapauxi.o(.text)
    __user_setup_stackheap                   0x0000024b   Thumb Code    74  sys_stackheap_outer.o(.text)
    exit                                     0x00000295   Thumb Code    18  exit.o(.text)
    __user_libspace                          0x000002a9   Thumb Code     8  libspace.o(.text)
    __user_perproc_libspace                  0x000002a9   Thumb Code     0  libspace.o(.text)
    __user_perthread_libspace                0x000002a9   Thumb Code     0  libspace.o(.text)
    _sys_exit                                0x000002b1   Thumb Code     8  sys_exit.o(.text)
    __I$use$semihosting                      0x000002bd   Thumb Code     0  use_no_semi.o(.text)
    __use_no_semihosting_swi                 0x000002bd   Thumb Code     2  use_no_semi.o(.text)
    __semihosting_library_function           0x000002bf   Thumb Code     0  indicate_semi.o(.text)
    TIMER0_IRQHandler                        0x000002c1   Thumb Code    20  timer.o(i.TIMER0_IRQHandler)
    SVC_Handler                              0x00000301   Thumb Code   296  hal.o(i.SVC_Handler)
    SystemInit                               0x00000429   Thumb Code   302  system_lpc17xx.o(i.SystemInit)
    UART0_IRQHandler                         0x00000569   Thumb Code   306  uart_irq.o(i.UART0_IRQHandler)
    add_node                                 0x0000078d   Thumb Code   116  k_mem.o(i.add_node)
    ae_init                                  0x00000805   Thumb Code    48  ae.o(i.ae_init)
    ae_set_init_tasks_info                   0x00000835   Thumb Code    22  ae.o(i.ae_set_init_tasks_info)
    ae_set_sys_info                          0x0000084b   Thumb Code    22  ae.o(i.ae_set_sys_info)
    compute_block_address                    0x00000861   Thumb Code    34  tree.o(i.compute_block_address)
    compute_block_size                       0x00000883   Thumb Code    16  tree.o(i.compute_block_size)
    contextSwitchTcb                         0x00000895   Thumb Code    42  k_msg.o(i.contextSwitchTcb)
    delete_node                              0x000008c5   Thumb Code    98  k_mem.o(i.delete_node)
    find_buddy                               0x0000092d   Thumb Code    56  tree.o(i.find_buddy)
    find_k_and_x_from_pos                    0x00000965   Thumb Code    54  tree.o(i.find_k_and_x_from_pos)
    find_left_child                          0x0000099b   Thumb Code    32  tree.o(i.find_left_child)
    find_parent                              0x000009bb   Thumb Code    56  tree.o(i.find_parent)
    find_pos_from_k_and_x                    0x000009f3   Thumb Code    26  tree.o(i.find_pos_from_k_and_x)
    getAvailableTCB                          0x00000a0d   Thumb Code    40  k_task.o(i.getAvailableTCB)
    get_bit                                  0x00000a39   Thumb Code    42  tree.o(i.get_bit)
    get_index                                0x00000a63   Thumb Code     8  k_task.o(i.get_index)
    get_index_waiting_list                   0x00000a6b   Thumb Code     8  k_msg.o(i.get_index_waiting_list)
    get_length_of_next_msg                   0x00000a75   Thumb Code    74  k_msg.o(i.get_length_of_next_msg)
    get_max_h                                0x00000ac5   Thumb Code    12  k_mem.o(i.get_max_h)
    get_size                                 0x00000ad1   Thumb Code    16  k_mem.o(i.get_size)
    get_start                                0x00000ae1   Thumb Code    12  k_mem.o(i.get_start)
    init_ae_tsk_test                         0x00000b15   Thumb Code    96  ae_tasks3_g11.o(i.init_ae_tsk_test)
    init_printf                              0x00000b91   Thumb Code    10  printf.o(i.init_printf)
    init_ring_buffer                         0x00000ba5   Thumb Code   156  k_msg.o(i.init_ring_buffer)
    insert_back_queue                        0x00000c49   Thumb Code    56  k_task.o(i.insert_back_queue)
    insert_back_waiting_list                 0x00000c85   Thumb Code   162  k_msg.o(i.insert_back_waiting_list)
    insert_command                           0x00000d2d   Thumb Code    86  kcd_task.o(i.insert_command)
    insert_front_queue                       0x00000d99   Thumb Code    50  k_task.o(i.insert_front_queue)
    is_empty                                 0x00000dd1   Thumb Code    42  k_msg.o(i.is_empty)
    is_waiting_list_empty                    0x00000e01   Thumb Code    40  k_msg.o(i.is_waiting_list_empty)
    k_mbx_create                             0x00000e2d   Thumb Code    74  k_msg.o(i.k_mbx_create)
    k_mbx_get                                0x00000e81   Thumb Code    56  k_msg.o(i.k_mbx_get)
    k_mbx_ls                                 0x00000ec1   Thumb Code   104  k_msg.o(i.k_mbx_ls)
    k_mem_init                               0x00000f31   Thumb Code    48  k_mem.o(i.k_mem_init)
    k_mpool_alloc                            0x00000f71   Thumb Code   324  k_mem.o(i.k_mpool_alloc)
    k_mpool_create                           0x000010bd   Thumb Code   272  k_mem.o(i.k_mpool_create)
    k_mpool_dealloc                          0x000011ed   Thumb Code   354  k_mem.o(i.k_mpool_dealloc)
    k_mpool_dump                             0x00001359   Thumb Code    60  k_mem.o(i.k_mpool_dump)
    k_pre_rtx_init                           0x000013b5   Thumb Code    58  k_rtx_init.o(i.k_pre_rtx_init)
    k_recv_msg                               0x000013f5   Thumb Code   240  k_msg.o(i.k_recv_msg)
    k_recv_msg_nb                            0x000014ed   Thumb Code   238  k_msg.o(i.k_recv_msg_nb)
    k_rt_tsk_get                             0x000015e5   Thumb Code    26  k_task.o(i.k_rt_tsk_get)
    k_rt_tsk_set                             0x000015ff   Thumb Code     6  k_task.o(i.k_rt_tsk_set)
    k_rt_tsk_susp                            0x00001605   Thumb Code     4  k_task.o(i.k_rt_tsk_susp)
    k_rtx_init                               0x00001609   Thumb Code   110  k_rtx_init.o(i.k_rtx_init)
    k_send_msg                               0x0000167d   Thumb Code   402  k_msg.o(i.k_send_msg)
    k_send_msg_nb                            0x0000181d   Thumb Code   284  k_msg.o(i.k_send_msg_nb)
    k_tsk_create                             0x00001945   Thumb Code   220  k_task.o(i.k_tsk_create)
    k_tsk_create_new                         0x00001a2d   Thumb Code   270  k_task.o(i.k_tsk_create_new)
    k_tsk_exit                               0x00001b49   Thumb Code   100  k_task.o(i.k_tsk_exit)
    k_tsk_get                                0x00001bb5   Thumb Code   144  k_task.o(i.k_tsk_get)
    k_tsk_gettid                             0x00001c4d   Thumb Code    10  k_task.o(i.k_tsk_gettid)
    k_tsk_init                               0x00001c5d   Thumb Code   430  k_task.o(i.k_tsk_init)
    k_tsk_init_first                         0x00001e31   Thumb Code    22  k_task.o(i.k_tsk_init_first)
    k_tsk_ls                                 0x00001e4d   Thumb Code    90  k_task.o(i.k_tsk_ls)
    k_tsk_run_new                            0x00001eb1   Thumb Code   100  k_task.o(i.k_tsk_run_new)
    k_tsk_set_prio                           0x00001f19   Thumb Code   344  k_task.o(i.k_tsk_set_prio)
    k_tsk_yield                              0x0000207d   Thumb Code    66  k_task.o(i.k_tsk_yield)
    k_uart_recv_nb                           0x000020c5   Thumb Code   202  k_msg.o(i.k_uart_recv_nb)
    kcd_strcmp                               0x0000219d   Thumb Code    28  kcd_task.o(i.kcd_strcmp)
    log_ceil                                 0x000021b9   Thumb Code    28  log.o(i.log_ceil)
    log_floor                                0x000021d5   Thumb Code    36  log.o(i.log_floor)
    main                                     0x00002201   Thumb Code    84  main.o(i.main)
    peak_head_waiting_list                   0x00002269   Thumb Code    54  k_msg.o(i.peak_head_waiting_list)
    pop_head_tcb                             0x000022a5   Thumb Code    82  k_task.o(i.pop_head_tcb)
    pop_head_waiting_list                    0x000022fd   Thumb Code   208  k_msg.o(i.pop_head_waiting_list)
    pop_node                                 0x000023d1   Thumb Code    52  k_mem.o(i.pop_node)
    pop_tid_tcb                              0x00002409   Thumb Code   122  k_task.o(i.pop_tid_tcb)
    pop_tid_waiting_list                     0x00002489   Thumb Code   210  k_msg.o(i.pop_tid_waiting_list)
    power_two                                0x00002561   Thumb Code    18  tree.o(i.power_two)
    print_list                               0x00002575   Thumb Code    70  k_mem.o(i.print_list)
    putc                                     0x000025d1   Thumb Code    28  uart_polling.o(i.putc)
    read_from_queue                          0x00002669   Thumb Code   126  k_msg.o(i.read_from_queue)
    scheduler                                0x000026ed   Thumb Code    52  k_task.o(i.scheduler)
    search_command                           0x00002729   Thumb Code    36  kcd_task.o(i.search_command)
    send_echo                                0x00002751   Thumb Code    44  kcd_task.o(i.send_echo)
    set_ae_init_tasks                        0x0000277d   Thumb Code    24  ae_tasks3_g11.o(i.set_ae_init_tasks)
    set_ae_tasks                             0x00002799   Thumb Code    64  ae_tasks3_g11.o(i.set_ae_tasks)
    set_bit_off                              0x000027dd   Thumb Code    38  tree.o(i.set_bit_off)
    set_bit_on                               0x00002803   Thumb Code    38  tree.o(i.set_bit_on)
    task0                                    0x00002829   Thumb Code    42  ae_tasks3_g11.o(i.task0)
    task_cdisp                               0x000028b1   Thumb Code    82  cdisp_task.o(i.task_cdisp)
    task_kcd                                 0x00002949   Thumb Code   472  kcd_task.o(i.task_kcd)
    task_null                                0x00002be1   Thumb Code     6  null_task.o(i.task_null)
    tfp_format                               0x00002be7   Thumb Code   296  printf.o(i.tfp_format)
    tfp_printf                               0x00002d11   Thumb Code    34  printf.o(i.tfp_printf)
    uart_init                                0x00002d3d   Thumb Code    96  uart_polling.o(i.uart_init)
    uart_irq_init                            0x00002da9   Thumb Code   144  uart_irq.o(i.uart_irq_init)
    uart_put_char                            0x00002e45   Thumb Code    42  uart_polling.o(i.uart_put_char)
    uart_put_string                          0x00002e79   Thumb Code    38  uart_polling.o(i.uart_put_string)
    write_to_queue                           0x00002ef5   Thumb Code   164  k_msg.o(i.write_to_queue)
    PREFIX                                   0x0000301c   Data           8  ae_tasks3_g11.o(.constdata)
    PREFIX_LOG                               0x00003024   Data          12  ae_tasks3_g11.o(.constdata)
    PREFIX_LOG2                              0x00003030   Data          13  ae_tasks3_g11.o(.constdata)
    Region$$Table$$Base                      0x00003040   Number         0  anon$$obj.o(Region$$Table)
    Region$$Table$$Limit                     0x00003060   Number         0  anon$$obj.o(Region$$Table)
    g_char_in                                0x10000008   Data           1  uart_irq.o(.data)
    g_tx_irq                                 0x10000009   Data           1  uart_irq.o(.data)
    g_switch_flag                            0x1000000a   Data           1  uart_irq.o(.data)
    setup_string                             0x1000000b   Data           1  uart_irq.o(.data)
    g_timer_count                            0x1000000c   Data           4  timer.o(.data)
    errno                                    0x10000010   Data           4  k_rtx_init.o(.data)
    null_usp                                 0x10000014   Data           4  k_rtx_init.o(.data)
    gp_current_task                          0x10000018   Data           4  k_task.o(.data)
    g_num_active_tasks                       0x1000001c   Data           4  k_task.o(.data)
    command_length                           0x10000028   Data           4  kcd_task.o(.data)
    print_flag                               0x1000002c   Data           1  kcd_task.o(.data)
    head_node                                0x10000030   Data           4  kcd_task.o(.data)
    g_ae_cases                               0x10000044   Data           8  ae_tasks3_g11.o(.data)
    g_k_stacks                               0x1000004c   Data          40  k_mem.o(.bss)
    bitArray_1                               0x10000074   Data          32  k_mem.o(.bss)
    bitArray_2                               0x10000094   Data         256  k_mem.o(.bss)
    arr_freeLists_1                          0x10000194   Data          32  k_mem.o(.bss)
    arr_freeLists_2                          0x100001b4   Data          44  k_mem.o(.bss)
    mpools                                   0x100001e0   Data          16  k_mem.o(.bss)
    ringBuffs                                0x100001f0   Data         520  k_msg.o(.bss)
    g_tcbs                                   0x100003f8   Data         528  k_task.o(.bss)
    priority_queue                           0x10000608   Data          32  k_task.o(.bss)
    command_buffer                           0x10000628   Data          64  kcd_task.o(.bss)
    __libspace_start                         0x10000668   Data          96  libspace.o(.bss)
    __temporary_stack_top$libspace           0x100006c8   Data           0  libspace.o(.bss)
    g_init_tasks                             0x100006c8   Data          12  ae_tasks3_g11.o(.bss)
    g_ae_xtest                               0x100006d4   Data         132  ae_tasks3_g11.o(.bss)
    g_tsk_cases                              0x10000758   Data          72  ae_tasks3_g11.o(.bss)
    g_buf1                                   0x100007a0   Data         128  ae_tasks3_g11.o(.bss)
    g_buf2                                   0x10000820   Data         128  ae_tasks3_g11.o(.bss)
    g_tasks                                  0x100008a0   Data          10  ae_tasks3_g11.o(.bss)
    g_tids                                   0x100008aa   Data          10  ae_tasks3_g11.o(.bss)



==============================================================================

Memory Map of the image

  Image Entry point : 0x000000cd

  Load Region LR_IROM1 (Base: 0x00000000, Size: 0x000030ac, Max: 0x00080000, ABSOLUTE)

    Execution Region ER_IROM1 (Exec base: 0x00000000, Load base: 0x00000000, Size: 0x00003060, Max: 0x00080000, ABSOLUTE)

    Exec Addr    Load Addr    Size         Type   Attr      Idx    E Section Name        Object

    0x00000000   0x00000000   0x000000cc   Data   RO         1090    RESET               startup_lpc17xx.o
    0x000000cc   0x000000cc   0x00000008   Code   RO         1142  * !!!main             c_w.l(__main.o)
    0x000000d4   0x000000d4   0x00000034   Code   RO         1454    !!!scatter          c_w.l(__scatter.o)
    0x00000108   0x00000108   0x0000001a   Code   RO         1456    !!handler_copy      c_w.l(__scatter_copy.o)
    0x00000122   0x00000122   0x00000002   PAD
    0x00000124   0x00000124   0x0000001c   Code   RO         1458    !!handler_zi        c_w.l(__scatter_zi.o)
    0x00000140   0x00000140   0x00000002   Code   RO         1239    .ARM.Collect$$libinit$$00000000  c_w.l(libinit.o)
    0x00000142   0x00000142   0x00000000   Code   RO         1288    .ARM.Collect$$libinit$$00000002  c_w.l(libinit2.o)
    0x00000142   0x00000142   0x00000000   Code   RO         1290    .ARM.Collect$$libinit$$00000004  c_w.l(libinit2.o)
    0x00000142   0x00000142   0x00000000   Code   RO         1293    .ARM.Collect$$libinit$$0000000A  c_w.l(libinit2.o)
    0x00000142   0x00000142   0x00000000   Code   RO         1295    .ARM.Collect$$libinit$$0000000C  c_w.l(libinit2.o)
    0x00000142   0x00000142   0x00000000   Code   RO         1297    .ARM.Collect$$libinit$$0000000E  c_w.l(libinit2.o)
    0x00000142   0x00000142   0x00000000   Code   RO         1300    .ARM.Collect$$libinit$$00000011  c_w.l(libinit2.o)
    0x00000142   0x00000142   0x00000000   Code   RO         1302    .ARM.Collect$$libinit$$00000013  c_w.l(libinit2.o)
    0x00000142   0x00000142   0x00000000   Code   RO         1304    .ARM.Collect$$libinit$$00000015  c_w.l(libinit2.o)
    0x00000142   0x00000142   0x00000000   Code   RO         1306    .ARM.Collect$$libinit$$00000017  c_w.l(libinit2.o)
    0x00000142   0x00000142   0x00000000   Code   RO         1308    .ARM.Collect$$libinit$$00000019  c_w.l(libinit2.o)
    0x00000142   0x00000142   0x00000000   Code   RO         1310    .ARM.Collect$$libinit$$0000001B  c_w.l(libinit2.o)
    0x00000142   0x00000142   0x00000000   Code   RO         1312    .ARM.Collect$$libinit$$0000001D  c_w.l(libinit2.o)
    0x00000142   0x00000142   0x00000000   Code   RO         1314    .ARM.Collect$$libinit$$0000001F  c_w.l(libinit2.o)
    0x00000142   0x00000142   0x00000000   Code   RO         1316    .ARM.Collect$$libinit$$00000021  c_w.l(libinit2.o)
    0x00000142   0x00000142   0x00000000   Code   RO         1318    .ARM.Collect$$libinit$$00000023  c_w.l(libinit2.o)
    0x00000142   0x00000142   0x00000000   Code   RO         1320    .ARM.Collect$$libinit$$00000025  c_w.l(libinit2.o)
    0x00000142   0x00000142   0x00000000   Code   RO         1324    .ARM.Collect$$libinit$$0000002C  c_w.l(libinit2.o)
    0x00000142   0x00000142   0x00000000   Code   RO         1326    .ARM.Collect$$libinit$$0000002E  c_w.l(libinit2.o)
    0x00000142   0x00000142   0x00000000   Code   RO         1328    .ARM.Collect$$libinit$$00000030  c_w.l(libinit2.o)
    0x00000142   0x00000142   0x00000000   Code   RO         1330    .ARM.Collect$$libinit$$00000032  c_w.l(libinit2.o)
    0x00000142   0x00000142   0x00000002   Code   RO         1331    .ARM.Collect$$libinit$$00000033  c_w.l(libinit2.o)
    0x00000144   0x00000144   0x00000002   Code   RO         1409    .ARM.Collect$$libshutdown$$00000000  c_w.l(libshutdown.o)
    0x00000146   0x00000146   0x00000000   Code   RO         1435    .ARM.Collect$$libshutdown$$00000002  c_w.l(libshutdown2.o)
    0x00000146   0x00000146   0x00000000   Code   RO         1437    .ARM.Collect$$libshutdown$$00000004  c_w.l(libshutdown2.o)
    0x00000146   0x00000146   0x00000000   Code   RO         1439    .ARM.Collect$$libshutdown$$00000006  c_w.l(libshutdown2.o)
    0x00000146   0x00000146   0x00000000   Code   RO         1442    .ARM.Collect$$libshutdown$$00000009  c_w.l(libshutdown2.o)
    0x00000146   0x00000146   0x00000000   Code   RO         1445    .ARM.Collect$$libshutdown$$0000000C  c_w.l(libshutdown2.o)
    0x00000146   0x00000146   0x00000000   Code   RO         1447    .ARM.Collect$$libshutdown$$0000000E  c_w.l(libshutdown2.o)
    0x00000146   0x00000146   0x00000000   Code   RO         1450    .ARM.Collect$$libshutdown$$00000011  c_w.l(libshutdown2.o)
    0x00000146   0x00000146   0x00000002   Code   RO         1451    .ARM.Collect$$libshutdown$$00000012  c_w.l(libshutdown2.o)
    0x00000148   0x00000148   0x00000000   Code   RO         1144    .ARM.Collect$$rtentry$$00000000  c_w.l(__rtentry.o)
    0x00000148   0x00000148   0x00000000   Code   RO         1150    .ARM.Collect$$rtentry$$00000002  c_w.l(__rtentry2.o)
    0x00000148   0x00000148   0x00000006   Code   RO         1162    .ARM.Collect$$rtentry$$00000004  c_w.l(__rtentry4.o)
    0x0000014e   0x0000014e   0x00000000   Code   RO         1152    .ARM.Collect$$rtentry$$00000009  c_w.l(__rtentry2.o)
    0x0000014e   0x0000014e   0x00000004   Code   RO         1153    .ARM.Collect$$rtentry$$0000000A  c_w.l(__rtentry2.o)
    0x00000152   0x00000152   0x00000000   Code   RO         1155    .ARM.Collect$$rtentry$$0000000C  c_w.l(__rtentry2.o)
    0x00000152   0x00000152   0x00000008   Code   RO         1156    .ARM.Collect$$rtentry$$0000000D  c_w.l(__rtentry2.o)
    0x0000015a   0x0000015a   0x00000002   Code   RO         1279    .ARM.Collect$$rtexit$$00000000  c_w.l(rtexit.o)
    0x0000015c   0x0000015c   0x00000000   Code   RO         1382    .ARM.Collect$$rtexit$$00000002  c_w.l(rtexit2.o)
    0x0000015c   0x0000015c   0x00000004   Code   RO         1383    .ARM.Collect$$rtexit$$00000003  c_w.l(rtexit2.o)
    0x00000160   0x00000160   0x00000006   Code   RO         1384    .ARM.Collect$$rtexit$$00000004  c_w.l(rtexit2.o)
    0x00000166   0x00000166   0x00000002   PAD
    0x00000168   0x00000168   0x00000008   Code   RO          243    .emb_text           hal.o
    0x00000170   0x00000170   0x00000032   Code   RO          624    .emb_text           k_task.o
    0x000001a2   0x000001a2   0x00000002   PAD
    0x000001a4   0x000001a4   0x0000003c   Code   RO         1092    .text               startup_lpc17xx.o
    0x000001e0   0x000001e0   0x00000064   Code   RO         1138    .text               c_w.l(rt_memcpy_w.o)
    0x00000244   0x00000244   0x00000006   Code   RO         1140    .text               c_w.l(heapauxi.o)
    0x0000024a   0x0000024a   0x0000004a   Code   RO         1226    .text               c_w.l(sys_stackheap_outer.o)
    0x00000294   0x00000294   0x00000012   Code   RO         1228    .text               c_w.l(exit.o)
    0x000002a6   0x000002a6   0x00000002   PAD
    0x000002a8   0x000002a8   0x00000008   Code   RO         1276    .text               c_w.l(libspace.o)
    0x000002b0   0x000002b0   0x0000000c   Code   RO         1379    .text               c_w.l(sys_exit.o)
    0x000002bc   0x000002bc   0x00000002   Code   RO         1398    .text               c_w.l(use_no_semi.o)
    0x000002be   0x000002be   0x00000000   Code   RO         1400    .text               c_w.l(indicate_semi.o)
    0x000002be   0x000002be   0x00000002   PAD
    0x000002c0   0x000002c0   0x00000018   Code   RO          191    i.TIMER0_IRQHandler  timer.o
    0x000002d8   0x000002d8   0x00000022   Code   RO           88    i.__NVIC_EnableIRQ  uart_irq.o
    0x000002fa   0x000002fa   0x00000002   PAD
    0x000002fc   0x000002fc   0x00000004   Code   RO         1091    .ARM.__at_0x02FC    startup_lpc17xx.o
    0x00000300   0x00000300   0x00000128   Code   RO          244    i.SVC_Handler       hal.o
    0x00000428   0x00000428   0x00000140   Code   RO         1102    i.SystemInit        system_lpc17xx.o
    0x00000568   0x00000568   0x00000190   Code   RO           87    i.UART0_IRQHandler  uart_irq.o
    0x000006f8   0x000006f8   0x00000028   Code   RO           89    i.__NVIC_SetPriority  uart_irq.o
    0x00000720   0x00000720   0x00000032   Code   RO          900    i.a2d               printf.o
    0x00000752   0x00000752   0x0000003a   Code   RO          901    i.a2i               printf.o
    0x0000078c   0x0000078c   0x00000078   Code   RO          302    i.add_node          k_mem.o
    0x00000804   0x00000804   0x00000030   Code   RO         1241    i.ae_init           ae-lib-sim.lib(ae.o)
    0x00000834   0x00000834   0x00000016   Code   RO         1242    i.ae_set_init_tasks_info  ae-lib-sim.lib(ae.o)
    0x0000084a   0x0000084a   0x00000016   Code   RO         1243    i.ae_set_sys_info   ae-lib-sim.lib(ae.o)
    0x00000860   0x00000860   0x00000022   Code   RO          805    i.compute_block_address  tree.o
    0x00000882   0x00000882   0x00000010   Code   RO          806    i.compute_block_size  tree.o
    0x00000892   0x00000892   0x00000002   PAD
    0x00000894   0x00000894   0x00000030   Code   RO          404    i.contextSwitchTcb  k_msg.o
    0x000008c4   0x000008c4   0x00000068   Code   RO          303    i.delete_node       k_mem.o
    0x0000092c   0x0000092c   0x00000038   Code   RO          807    i.find_buddy        tree.o
    0x00000964   0x00000964   0x00000036   Code   RO          808    i.find_k_and_x_from_pos  tree.o
    0x0000099a   0x0000099a   0x00000020   Code   RO          809    i.find_left_child   tree.o
    0x000009ba   0x000009ba   0x00000038   Code   RO          810    i.find_parent       tree.o
    0x000009f2   0x000009f2   0x0000001a   Code   RO          811    i.find_pos_from_k_and_x  tree.o
    0x00000a0c   0x00000a0c   0x0000002c   Code   RO          625    i.getAvailableTCB   k_task.o
    0x00000a38   0x00000a38   0x0000002a   Code   RO          812    i.get_bit           tree.o
    0x00000a62   0x00000a62   0x00000008   Code   RO          626    i.get_index         k_task.o
    0x00000a6a   0x00000a6a   0x00000008   Code   RO          406    i.get_index_waiting_list  k_msg.o
    0x00000a72   0x00000a72   0x00000002   PAD
    0x00000a74   0x00000a74   0x00000050   Code   RO          407    i.get_length_of_next_msg  k_msg.o
    0x00000ac4   0x00000ac4   0x0000000c   Code   RO          304    i.get_max_h         k_mem.o
    0x00000ad0   0x00000ad0   0x00000010   Code   RO          305    i.get_size          k_mem.o
    0x00000ae0   0x00000ae0   0x00000014   Code   RO          306    i.get_start         k_mem.o
    0x00000af4   0x00000af4   0x00000020   Code   RO          902    i.i2a               printf.o
    0x00000b14   0x00000b14   0x0000007c   Code   RO         1332    i.init_ae_tsk_test  ae-lib-sim.lib(ae_tasks3_g11.o)
    0x00000b90   0x00000b90   0x00000014   Code   RO          903    i.init_printf       printf.o
    0x00000ba4   0x00000ba4   0x000000a4   Code   RO          409    i.init_ring_buffer  k_msg.o
    0x00000c48   0x00000c48   0x0000003c   Code   RO          627    i.insert_back_queue  k_task.o
    0x00000c84   0x00000c84   0x000000a8   Code   RO          410    i.insert_back_waiting_list  k_msg.o
    0x00000d2c   0x00000d2c   0x0000006c   Code   RO          993    i.insert_command    kcd_task.o
    0x00000d98   0x00000d98   0x00000038   Code   RO          628    i.insert_front_queue  k_task.o
    0x00000dd0   0x00000dd0   0x00000030   Code   RO          411    i.is_empty          k_msg.o
    0x00000e00   0x00000e00   0x0000002c   Code   RO          413    i.is_waiting_list_empty  k_msg.o
    0x00000e2c   0x00000e2c   0x00000054   Code   RO          414    i.k_mbx_create      k_msg.o
    0x00000e80   0x00000e80   0x00000040   Code   RO          415    i.k_mbx_get         k_msg.o
    0x00000ec0   0x00000ec0   0x00000070   Code   RO          416    i.k_mbx_ls          k_msg.o
    0x00000f30   0x00000f30   0x00000040   Code   RO          307    i.k_mem_init        k_mem.o
    0x00000f70   0x00000f70   0x0000014c   Code   RO          308    i.k_mpool_alloc     k_mem.o
    0x000010bc   0x000010bc   0x00000130   Code   RO          309    i.k_mpool_create    k_mem.o
    0x000011ec   0x000011ec   0x0000016c   Code   RO          310    i.k_mpool_dealloc   k_mem.o
    0x00001358   0x00001358   0x0000005c   Code   RO          311    i.k_mpool_dump      k_mem.o
    0x000013b4   0x000013b4   0x00000040   Code   RO          571    i.k_pre_rtx_init    k_rtx_init.o
    0x000013f4   0x000013f4   0x000000f8   Code   RO          417    i.k_recv_msg        k_msg.o
    0x000014ec   0x000014ec   0x000000f8   Code   RO          418    i.k_recv_msg_nb     k_msg.o
    0x000015e4   0x000015e4   0x0000001a   Code   RO          629    i.k_rt_tsk_get      k_task.o
    0x000015fe   0x000015fe   0x00000006   Code   RO          630    i.k_rt_tsk_set      k_task.o
    0x00001604   0x00001604   0x00000004   Code   RO          631    i.k_rt_tsk_susp     k_task.o
    0x00001608   0x00001608   0x00000074   Code   RO          572    i.k_rtx_init        k_rtx_init.o
    0x0000167c   0x0000167c   0x000001a0   Code   RO          419    i.k_send_msg        k_msg.o
    0x0000181c   0x0000181c   0x00000128   Code   RO          420    i.k_send_msg_nb     k_msg.o
    0x00001944   0x00001944   0x000000e8   Code   RO          632    i.k_tsk_create      k_task.o
    0x00001a2c   0x00001a2c   0x0000011c   Code   RO          633    i.k_tsk_create_new  k_task.o
    0x00001b48   0x00001b48   0x0000006c   Code   RO          634    i.k_tsk_exit        k_task.o
    0x00001bb4   0x00001bb4   0x00000098   Code   RO          635    i.k_tsk_get         k_task.o
    0x00001c4c   0x00001c4c   0x00000010   Code   RO          636    i.k_tsk_gettid      k_task.o
    0x00001c5c   0x00001c5c   0x000001d4   Code   RO          637    i.k_tsk_init        k_task.o
    0x00001e30   0x00001e30   0x0000001c   Code   RO          638    i.k_tsk_init_first  k_task.o
    0x00001e4c   0x00001e4c   0x00000064   Code   RO          639    i.k_tsk_ls          k_task.o
    0x00001eb0   0x00001eb0   0x00000068   Code   RO          640    i.k_tsk_run_new     k_task.o
    0x00001f18   0x00001f18   0x00000164   Code   RO          641    i.k_tsk_set_prio    k_task.o
    0x0000207c   0x0000207c   0x00000048   Code   RO          642    i.k_tsk_yield       k_task.o
    0x000020c4   0x000020c4   0x000000d8   Code   RO          421    i.k_uart_recv_nb    k_msg.o
    0x0000219c   0x0000219c   0x0000001c   Code   RO          994    i.kcd_strcmp        kcd_task.o
    0x000021b8   0x000021b8   0x0000001c   Code   RO          880    i.log_ceil          log.o
    0x000021d4   0x000021d4   0x0000002c   Code   RO          881    i.log_floor         log.o
    0x00002200   0x00002200   0x00000068   Code   RO         1168    i.main              ae-lib-sim.lib(main.o)
    0x00002268   0x00002268   0x0000003c   Code   RO          423    i.peak_head_waiting_list  k_msg.o
    0x000022a4   0x000022a4   0x00000058   Code   RO          643    i.pop_head_tcb      k_task.o
    0x000022fc   0x000022fc   0x000000d4   Code   RO          424    i.pop_head_waiting_list  k_msg.o
    0x000023d0   0x000023d0   0x00000038   Code   RO          312    i.pop_node          k_mem.o
    0x00002408   0x00002408   0x00000080   Code   RO          644    i.pop_tid_tcb       k_task.o
    0x00002488   0x00002488   0x000000d8   Code   RO          425    i.pop_tid_waiting_list  k_msg.o
    0x00002560   0x00002560   0x00000012   Code   RO          813    i.power_two         tree.o
    0x00002572   0x00002572   0x00000002   PAD
    0x00002574   0x00002574   0x0000005c   Code   RO          313    i.print_list        k_mem.o
    0x000025d0   0x000025d0   0x00000044   Code   RO            4    i.putc              uart_polling.o
    0x00002614   0x00002614   0x00000052   Code   RO          904    i.putchw            printf.o
    0x00002666   0x00002666   0x00000002   PAD
    0x00002668   0x00002668   0x00000084   Code   RO          426    i.read_from_queue   k_msg.o
    0x000026ec   0x000026ec   0x0000003c   Code   RO          646    i.scheduler         k_task.o
    0x00002728   0x00002728   0x00000028   Code   RO          996    i.search_command    kcd_task.o
    0x00002750   0x00002750   0x0000002c   Code   RO          997    i.send_echo         kcd_task.o
    0x0000277c   0x0000277c   0x0000001c   Code   RO         1333    i.set_ae_init_tasks  ae-lib-sim.lib(ae_tasks3_g11.o)
    0x00002798   0x00002798   0x00000044   Code   RO         1334    i.set_ae_tasks      ae-lib-sim.lib(ae_tasks3_g11.o)
    0x000027dc   0x000027dc   0x00000026   Code   RO          814    i.set_bit_off       tree.o
    0x00002802   0x00002802   0x00000026   Code   RO          815    i.set_bit_on        tree.o
    0x00002828   0x00002828   0x00000088   Code   RO         1335    i.task0             ae-lib-sim.lib(ae_tasks3_g11.o)
    0x000028b0   0x000028b0   0x00000098   Code   RO          965    i.task_cdisp        cdisp_task.o
    0x00002948   0x00002948   0x00000298   Code   RO          998    i.task_kcd          kcd_task.o
    0x00002be0   0x00002be0   0x00000006   Code   RO         1051    i.task_null         null_task.o
    0x00002be6   0x00002be6   0x00000128   Code   RO          906    i.tfp_format        printf.o
    0x00002d0e   0x00002d0e   0x00000002   PAD
    0x00002d10   0x00002d10   0x0000002c   Code   RO          907    i.tfp_printf        printf.o
    0x00002d3c   0x00002d3c   0x0000006c   Code   RO            6    i.uart_init         uart_polling.o
    0x00002da8   0x00002da8   0x0000009c   Code   RO           90    i.uart_irq_init     uart_irq.o
    0x00002e44   0x00002e44   0x00000034   Code   RO            7    i.uart_put_char     uart_polling.o
    0x00002e78   0x00002e78   0x00000026   Code   RO            8    i.uart_put_string   uart_polling.o
    0x00002e9e   0x00002e9e   0x00000056   Code   RO          909    i.ui2a              printf.o
    0x00002ef4   0x00002ef4   0x000000a8   Code   RO          427    i.write_to_queue    k_msg.o
    0x00002f9c   0x00002f9c   0x00000080   Data   RO          882    .constdata          log.o
    0x0000301c   0x0000301c   0x00000021   Data   RO         1337    .constdata          ae-lib-sim.lib(ae_tasks3_g11.o)
    0x0000303d   0x0000303d   0x00000003   PAD
    0x00003040   0x00003040   0x00000020   Data   RO         1452    Region$$Table       anon$$obj.o


    Execution Region RW_IRAM1 (Exec base: 0x10000000, Load base: 0x00003060, Size: 0x00000ab8, Max: 0x00007000, ABSOLUTE)

    Exec Addr    Load Addr    Size         Type   Attr      Idx    E Section Name        Object

    0x10000000   0x00003060   0x0000000c   Data   RW           92    .data               uart_irq.o
    0x1000000c   0x0000306c   0x00000004   Data   RW          195    .data               timer.o
    0x10000010   0x00003070   0x00000008   Data   RW          574    .data               k_rtx_init.o
    0x10000018   0x00003078   0x00000008   Data   RW          649    .data               k_task.o
    0x10000020   0x00003080   0x00000008   Data   RW          910    .data               printf.o
    0x10000028   0x00003088   0x0000000c   Data   RW         1000    .data               kcd_task.o
    0x10000034   0x00003094   0x00000010   Data   RW         1169    .data               ae-lib-sim.lib(main.o)
    0x10000044   0x000030a4   0x00000008   Data   RW         1338    .data               ae-lib-sim.lib(ae_tasks3_g11.o)
    0x1000004c        -       0x000001a4   Zero   RW          314    .bss                k_mem.o
    0x100001f0        -       0x00000208   Zero   RW          428    .bss                k_msg.o
    0x100003f8        -       0x00000230   Zero   RW          647    .bss                k_task.o
    0x10000628        -       0x00000040   Zero   RW          999    .bss                kcd_task.o
    0x10000668        -       0x00000060   Zero   RW         1277    .bss                c_w.l(libspace.o)
    0x100006c8        -       0x000001ec   Zero   RW         1336    .bss                ae-lib-sim.lib(ae_tasks3_g11.o)
    0x100008b4   0x000030ac   0x00000004   PAD
    0x100008b8        -       0x00000000   Zero   RW         1089    HEAP                startup_lpc17xx.o
    0x100008b8        -       0x00000200   Zero   RW         1088    STACK               startup_lpc17xx.o


==============================================================================

Image component sizes


      Code (inc. data)   RO Data    RW Data    ZI Data      Debug   Object Name

       152         70          0          0          0       1013   cdisp_task.o
       304         24          0          0          0       7665   hal.o
      1576        142          0          0        420       9571   k_mem.o
      3032        146          0          0        520      15666   k_msg.o
       180         12          0          8          0       5959   k_rtx_init.o
      2450        162          0          8        560      20799   k_task.o
       884        218          0         12         64       4975   kcd_task.o
        72          8        128          0          0       1339   log.o
         6          0          0          0          0        444   null_task.o
       668         20          0          8          0       5948   printf.o
        64         26        204          0        512       1092   startup_lpc17xx.o
       320         18          0          0          0        621   system_lpc17xx.o
        24          4          0          4          0       1592   timer.o
       410          0          0          0          0       7559   tree.o
       630        114          0         12          0       7363   uart_irq.o
       266         62          0          0          0      24501   uart_polling.o

    ----------------------------------------------------------------------
     11052       1026        364         52       2076     116107   Object Totals
         0          0         32          0          0          0   (incl. Generated)
        14          0          0          0          0          0   (incl. Padding)

    ----------------------------------------------------------------------

      Code (inc. data)   RO Data    RW Data    ZI Data      Debug   Library Member Name

        92          0          0          0          0       4773   ae.o
       356        130         33          8        492       4274   ae_tasks3_g11.o
       104         20          0         16          0       5075   main.o
         8          0          0          0          0         68   __main.o
         0          0          0          0          0          0   __rtentry.o
        12          0          0          0          0          0   __rtentry2.o
         6          0          0          0          0          0   __rtentry4.o
        52          8          0          0          0          0   __scatter.o
        26          0          0          0          0          0   __scatter_copy.o
        28          0          0          0          0          0   __scatter_zi.o
        18          0          0          0          0         80   exit.o
         6          0          0          0          0        152   heapauxi.o
         0          0          0          0          0          0   indicate_semi.o
         2          0          0          0          0          0   libinit.o
         2          0          0          0          0          0   libinit2.o
         2          0          0          0          0          0   libshutdown.o
         2          0          0          0          0          0   libshutdown2.o
         8          4          0          0         96         68   libspace.o
       100          0          0          0          0         80   rt_memcpy_w.o
         2          0          0          0          0          0   rtexit.o
        10          0          0          0          0          0   rtexit2.o
        12          4          0          0          0         68   sys_exit.o
        74          0          0          0          0         80   sys_stackheap_outer.o
         2          0          0          0          0         68   use_no_semi.o

    ----------------------------------------------------------------------
       932        166         36         24        592      14786   Library Totals
         8          0          3          0          4          0   (incl. Padding)

    ----------------------------------------------------------------------

      Code (inc. data)   RO Data    RW Data    ZI Data      Debug   Library Name

       552        150         33         24        492      14122   ae-lib-sim.lib
       372         16          0          0         96        664   c_w.l

    ----------------------------------------------------------------------
       932        166         36         24        592      14786   Library Totals

    ----------------------------------------------------------------------

==============================================================================


      Code (inc. data)   RO Data    RW Data    ZI Data      Debug   

     11984       1192        400         76       2668     125481   Grand Totals
     11984       1192        400         76       2668     125481   ELF Image Totals
     11984       1192        400         76          0          0   ROM Totals

==============================================================================

    Total RO  Size (Code + RO Data)                12384 (  12.09kB)
    Total RW  Size (RW Data + ZI Data)              2744 (   2.68kB)
    Total ROM Size (Code + RO Data + RW Data)      12460 (  12.17kB)

==============================================================================

