Component: ARM Compiler 5.06 update 7 (build 960) Tool: armlink [4d3601]

==============================================================================

Section Cross References

    uart_polling.o(i.putc) refers to uart_polling.o(i.uart_put_string) for uart_put_string
    uart_polling.o(i.putc) refers to uart_polling.o(i.uart_put_char) for uart_put_char
    uart_polling.o(i.uart_put_string) refers to uart_polling.o(i.uart_put_char) for uart_put_char
    uart_irq.o(i.UART0_IRQHandler) refers to uart_irq.o(.data) for g_send_char
    uart_irq.o(i.uart_irq_init) refers to uart_irq.o(i.__NVIC_SetPriority) for __NVIC_SetPriority
    uart_irq.o(i.uart_irq_init) refers to uart_irq.o(i.__NVIC_EnableIRQ) for __NVIC_EnableIRQ
    timer.o(i.TIMER0_IRQHandler) refers to timer.o(.data) for g_timer_count
    timer.o(i.timer_irq_init) refers to timer.o(.data) for g_timer_count
    hal.o(i.SVC_Handler) refers to k_rtx_init.o(i.k_rtx_init) for k_rtx_init
    hal.o(i.SVC_Handler) refers to k_mem.o(i.k_mpool_alloc) for k_mpool_alloc
    hal.o(i.SVC_Handler) refers to k_mem.o(i.k_mpool_dealloc) for k_mpool_dealloc
    hal.o(i.SVC_Handler) refers to k_mem.o(i.k_mpool_dump) for k_mpool_dump
    hal.o(i.SVC_Handler) refers to k_task.o(i.k_tsk_create) for k_tsk_create
    hal.o(i.SVC_Handler) refers to k_task.o(i.k_tsk_exit) for k_tsk_exit
    hal.o(i.SVC_Handler) refers to k_task.o(i.k_tsk_yield) for k_tsk_yield
    hal.o(i.SVC_Handler) refers to k_task.o(i.k_tsk_set_prio) for k_tsk_set_prio
    hal.o(i.SVC_Handler) refers to k_task.o(i.k_tsk_get) for k_tsk_get
    hal.o(i.SVC_Handler) refers to k_task.o(i.k_tsk_gettid) for k_tsk_gettid
    hal.o(i.SVC_Handler) refers to k_task.o(i.k_tsk_ls) for k_tsk_ls
    hal.o(i.SVC_Handler) refers to k_msg.o(i.k_mbx_create) for k_mbx_create
    hal.o(i.SVC_Handler) refers to k_msg.o(i.k_send_msg) for k_send_msg
    hal.o(i.SVC_Handler) refers to k_msg.o(i.k_send_msg_nb) for k_send_msg_nb
    hal.o(i.SVC_Handler) refers to k_msg.o(i.k_recv_msg) for k_recv_msg
    hal.o(i.SVC_Handler) refers to k_msg.o(i.k_recv_msg_nb) for k_recv_msg_nb
    hal.o(i.SVC_Handler) refers to k_msg.o(i.k_mbx_ls) for k_mbx_ls
    hal.o(i.SVC_Handler) refers to k_msg.o(i.k_mbx_get) for k_mbx_get
    hal.o(i.SVC_Handler) refers to k_task.o(i.k_rt_tsk_set) for k_rt_tsk_set
    hal.o(i.SVC_Handler) refers to k_task.o(i.k_rt_tsk_susp) for k_rt_tsk_susp
    hal.o(i.SVC_Handler) refers to k_task.o(i.k_rt_tsk_get) for k_rt_tsk_get
    k_mem.o(i.add_node) refers to k_mem.o(.bss) for mpools
    k_mem.o(i.delete_node) refers to k_mem.o(.bss) for mpools
    k_mem.o(i.k_alloc_k_stack) refers to k_rtx_init.o(.data) for errno
    k_mem.o(i.k_alloc_k_stack) refers to k_mem.o(.bss) for g_k_stacks
    k_mem.o(i.k_mem_init) refers to k_mem.o(i.k_mpool_create) for k_mpool_create
    k_mem.o(i.k_mpool_alloc) refers to k_mem.o(i.get_size) for get_size
    k_mem.o(i.k_mpool_alloc) refers to log.o(i.log_ceil) for log_ceil
    k_mem.o(i.k_mpool_alloc) refers to k_mem.o(i.get_max_h) for get_max_h
    k_mem.o(i.k_mpool_alloc) refers to k_mem.o(i.pop_node) for pop_node
    k_mem.o(i.k_mpool_alloc) refers to tree.o(i.set_bit_on) for set_bit_on
    k_mem.o(i.k_mpool_alloc) refers to k_mem.o(i.get_start) for get_start
    k_mem.o(i.k_mpool_alloc) refers to tree.o(i.compute_block_address) for compute_block_address
    k_mem.o(i.k_mpool_alloc) refers to tree.o(i.find_left_child) for find_left_child
    k_mem.o(i.k_mpool_alloc) refers to k_mem.o(i.add_node) for add_node
    k_mem.o(i.k_mpool_alloc) refers to k_mem.o(.bss) for mpools
    k_mem.o(i.k_mpool_alloc) refers to k_rtx_init.o(.data) for errno
    k_mem.o(i.k_mpool_create) refers to k_mem.o(i.get_size) for get_size
    k_mem.o(i.k_mpool_create) refers to k_mem.o(i.get_max_h) for get_max_h
    k_mem.o(i.k_mpool_create) refers to k_mem.o(i.add_node) for add_node
    k_mem.o(i.k_mpool_create) refers to k_rtx_init.o(.data) for errno
    k_mem.o(i.k_mpool_create) refers to k_mem.o(.bss) for bitArray_1
    k_mem.o(i.k_mpool_dealloc) refers to k_mem.o(i.get_max_h) for get_max_h
    k_mem.o(i.k_mpool_dealloc) refers to k_mem.o(i.get_start) for get_start
    k_mem.o(i.k_mpool_dealloc) refers to k_mem.o(i.get_size) for get_size
    k_mem.o(i.k_mpool_dealloc) refers to tree.o(i.compute_block_size) for compute_block_size
    k_mem.o(i.k_mpool_dealloc) refers to tree.o(i.get_bit) for get_bit
    k_mem.o(i.k_mpool_dealloc) refers to k_mem.o(i.add_node) for add_node
    k_mem.o(i.k_mpool_dealloc) refers to tree.o(i.set_bit_off) for set_bit_off
    k_mem.o(i.k_mpool_dealloc) refers to tree.o(i.find_buddy) for find_buddy
    k_mem.o(i.k_mpool_dealloc) refers to k_mem.o(i.delete_node) for delete_node
    k_mem.o(i.k_mpool_dealloc) refers to tree.o(i.find_parent) for find_parent
    k_mem.o(i.k_mpool_dealloc) refers to tree.o(i.compute_block_address) for compute_block_address
    k_mem.o(i.k_mpool_dealloc) refers to k_rtx_init.o(.data) for errno
[...]
    ae_tasks200_g99.o(i.priv_task1) refers to uart_polling.o(i.uart_put_char) for uart_put_char
    ae_tasks200_g99.o(i.priv_task1) refers to uart_polling.o(i.uart_put_string) for uart_put_string
    ae_tasks200_g99.o(i.priv_task1) refers to ae_tasks200_g99.o(i.update_exec_seq) for update_exec_seq
    ae_tasks200_g99.o(i.priv_task1) refers to printf.o(i.tfp_sprintf) for tfp_sprintf
    ae_tasks200_g99.o(i.priv_task1) refers to ae_util.o(i.process_sub_result) for process_sub_result
    ae_tasks200_g99.o(i.priv_task1) refers to ae_tasks200_g99.o(i.test1_start) for test1_start
    ae_tasks200_g99.o(i.priv_task1) refers to ae_tasks200_g99.o(.bss) for g_ae_xtest
    ae_tasks200_g99.o(i.priv_task1) refers to ae_tasks200_g99.o(.constdata) for PREFIX_LOG2
    ae_tasks200_g99.o(i.set_ae_init_tasks) refers to ae_tasks200_g99.o(i.set_ae_tasks) for set_ae_tasks
    ae_tasks200_g99.o(i.set_ae_init_tasks) refers to ae_tasks200_g99.o(.bss) for g_init_tasks
    ae_tasks200_g99.o(i.set_ae_tasks) refers to ae_tasks200_g99.o(i.init_ae_tsk_test) for init_ae_tsk_test
    ae_tasks200_g99.o(i.set_ae_tasks) refers to ae_tasks200_g99.o(i.priv_task1) for priv_task1
    ae_tasks200_g99.o(i.set_ae_tasks) refers to ae_tasks200_g99.o(i.task1) for task1
    ae_tasks200_g99.o(i.task1) refers to printf.o(i.tfp_printf) for tfp_printf
    ae_tasks200_g99.o(i.task1) refers to ae_tasks200_g99.o(i.test1_start) for test1_start
    ae_tasks200_g99.o(i.task1) refers to uart_polling.o(i.uart_put_char) for uart_put_char
    ae_tasks200_g99.o(i.task1) refers to uart_polling.o(i.uart_put_string) for uart_put_string
    ae_tasks200_g99.o(i.task1) refers to ae_tasks200_g99.o(i.update_exec_seq) for update_exec_seq
    ae_tasks200_g99.o(i.task1) refers to printf.o(i.tfp_sprintf) for tfp_sprintf
    ae_tasks200_g99.o(i.task1) refers to ae_util.o(i.process_sub_result) for process_sub_result
    ae_tasks200_g99.o(i.task1) refers to ae_tasks200_g99.o(.bss) for g_ae_xtest
    ae_tasks200_g99.o(i.task1) refers to ae_tasks200_g99.o(.constdata) for PREFIX_LOG2
    ae_tasks200_g99.o(i.task2) refers to printf.o(i.tfp_printf) for tfp_printf
    ae_tasks200_g99.o(i.task2) refers to ae_tasks200_g99.o(i.update_exec_seq) for update_exec_seq
    ae_tasks200_g99.o(i.task2) refers to printf.o(i.tfp_sprintf) for tfp_sprintf
    ae_tasks200_g99.o(i.task2) refers to ae_util.o(i.process_sub_result) for process_sub_result
    ae_tasks200_g99.o(i.task2) refers to ae_tasks200_g99.o(i.test1_start) for test1_start
    ae_tasks200_g99.o(i.task2) refers to ae_tasks200_g99.o(.bss) for g_ae_xtest
    ae_tasks200_g99.o(i.task2) refers to ae_tasks200_g99.o(.constdata) for PREFIX_LOG2
    ae_tasks200_g99.o(i.task3) refers to printf.o(i.tfp_printf) for tfp_printf
    ae_tasks200_g99.o(i.task3) refers to ae_tasks200_g99.o(i.update_exec_seq) for update_exec_seq
    ae_tasks200_g99.o(i.task3) refers to printf.o(i.tfp_sprintf) for tfp_sprintf
    ae_tasks200_g99.o(i.task3) refers to ae_util.o(i.process_sub_result) for process_sub_result
    ae_tasks200_g99.o(i.task3) refers to ae_tasks200_g99.o(i.test1_start) for test1_start
    ae_tasks200_g99.o(i.task3) refers to ae_tasks200_g99.o(.bss) for g_ae_xtest
    ae_tasks200_g99.o(i.task3) refers to ae_tasks200_g99.o(.constdata) for PREFIX_LOG2
    ae_tasks200_g99.o(i.test0_start) refers to ae_tasks200_g99.o(i.gen_req0) for gen_req0
    ae_tasks200_g99.o(i.test0_start) refers to ae_util.o(i.strcpy) for strcpy
    ae_tasks200_g99.o(i.test0_start) refers to ae_util.o(i.process_sub_result) for process_sub_result
    ae_tasks200_g99.o(i.test0_start) refers to ae_util.o(i.test_exit) for test_exit
    ae_tasks200_g99.o(i.test0_start) refers to ae_tasks200_g99.o(.bss) for g_ae_xtest
    ae_tasks200_g99.o(i.test0_start) refers to ae_tasks200_g99.o(i.task2) for task2
    ae_tasks200_g99.o(i.test0_start) refers to ae_tasks200_g99.o(i.task3) for task3
    ae_tasks200_g99.o(i.test1_start) refers to ae_tasks200_g99.o(i.gen_req1) for gen_req1
    ae_tasks200_g99.o(i.test1_start) refers to printf.o(i.tfp_printf) for tfp_printf
    ae_tasks200_g99.o(i.test1_start) refers to ae_util.o(i.strcpy) for strcpy
    ae_tasks200_g99.o(i.test1_start) refers to ae_util.o(i.process_sub_result) for process_sub_result
    ae_tasks200_g99.o(i.test1_start) refers to printf.o(i.tfp_sprintf) for tfp_sprintf
    ae_tasks200_g99.o(i.test1_start) refers to ae_util.o(i.test_exit) for test_exit
    ae_tasks200_g99.o(i.test1_start) refers to ae_tasks200_g99.o(.bss) for g_tsk_cases
    ae_tasks200_g99.o(i.test1_start) refers to ae_tasks200_g99.o(.constdata) for PREFIX_LOG
    ae_tasks200_g99.o(i.update_ae_xtest) refers to ae_tasks200_g99.o(.bss) for g_ae_xtest
    ae_tasks200_g99.o(i.update_exec_seq) refers to ae_tasks200_g99.o(.bss) for g_tsk_cases
    sys_exit.o(.text) refers (Special) to use_no_semi.o(.text) for __I$use$semihosting
    sys_exit.o(.text) refers (Special) to indicate_semi.o(.text) for __semihosting_library_function
    rtexit2.o(.ARM.Collect$$rtexit$$00000003) refers to libshutdown.o(.ARM.Collect$$libshutdown$$00000000) for __rt_lib_shutdown
    rtexit2.o(.ARM.Collect$$rtexit$$00000004) refers to sys_exit.o(.text) for _sys_exit
    rtexit2.o(.ARM.exidx) refers to rtexit2.o(.ARM.Collect$$rtexit$$00000001) for .ARM.Collect$$rtexit$$00000001
    rtexit2.o(.ARM.exidx) refers to rtexit2.o(.ARM.Collect$$rtexit$$00000003) for .ARM.Collect$$rtexit$$00000003
    rtexit2.o(.ARM.exidx) refers to rtexit2.o(.ARM.Collect$$rtexit$$00000004) for .ARM.Collect$$rtexit$$00000004
    __raise.o(.text) refers to defsig.o(CL$$defsig) for __default_signal_handler
    defsig_general.o(.text) refers to sys_wrch.o(.text) for _ttywrch
    argv_veneer.o(.emb_text) refers to no_argv.o(.text) for __ARM_get_argv
    ae_util.o(i.HardFault_Handler) refers to printf.o(i.tfp_printf) for tfp_printf
    ae_util.o(i.HardFault_Handler) refers to ae_util.o(i.test_abort) for test_abort
    ae_util.o(i.HardFault_Handler) refers to ae_tasks200_g99.o(.constdata) for PREFIX
    ae_util.o(i.HardFault_Handler) refers to ae_tasks200_g99.o(.bss) for g_ae_xtest
    ae_util.o(i.print_log) refers to printf.o(i.tfp_printf) for tfp_printf
    ae_util.o(i.print_log) refers to ae_tasks200_g99.o(.constdata) for PREFIX_LOG
    ae_util.o(i.print_results) refers to ae_util.o(i.count_set_bits) for count_set_bits
    ae_util.o(i.print_results) refers to printf.o(i.tfp_printf) for tfp_printf
    ae_util.o(i.print_results) refers to ae_tasks200_g99.o(.constdata) for PREFIX_LOG
    ae_util.o(i.print_results) refers to ae_tasks200_g99.o(.bss) for g_ae_xtest
    ae_util.o(i.print_summary) refers to ae_util.o(i.print_results) for print_results
    ae_util.o(i.print_summary) refers to printf.o(i.tfp_printf) for tfp_printf
    ae_util.o(i.print_summary) refers to ae.o(i.ae_exit) for ae_exit
    ae_util.o(i.print_summary) refers to ae_tasks200_g99.o(.bss) for g_ae_cases
    ae_util.o(i.print_summary) refers to ae_tasks200_g99.o(.constdata) for PREFIX
    ae_util.o(i.process_sub_result) refers to ae_util.o(i.print_log) for print_log
    ae_util.o(i.process_sub_result) refers to ae_tasks200_g99.o(.bss) for g_ae_cases
    ae_util.o(i.test_abort) refers to printf.o(i.tfp_printf) for tfp_printf
    ae_util.o(i.test_abort) refers to ae_util.o(i.print_summary) for print_summary
    ae_util.o(i.test_abort) refers to ae_tasks200_g99.o(.bss) for g_ae_xtest
    ae_util.o(i.test_abort) refers to ae_tasks200_g99.o(.constdata) for PREFIX
    ae_util.o(i.test_exit) refers to printf.o(i.tfp_printf) for tfp_printf
    ae_util.o(i.test_exit) refers to ae_util.o(i.print_summary) for print_summary
    ae_util.o(i.test_exit) refers to ae_tasks200_g99.o(.constdata) for PREFIX
    sys_wrch.o(.text) refers (Special) to use_no_semi.o(.text) for __I$use$semihosting
    sys_wrch.o(.text) refers (Special) to indicate_semi.o(.text) for __semihosting_library_function
    defsig.o(CL$$defsig) refers to defsig_fpe_inner.o(.text) for __rt_SIGFPE_inner
    defsig.o(CL$$defsig) refers to defsig_rtmem_inner.o(.text) for __rt_SIGRTMEM_inner
    _get_argv_nomalloc.o(.text) refers (Special) to hrguard.o(.text) for __heap_region$guard
    _get_argv_nomalloc.o(.text) refers to defsig_rtmem_outer.o(.text) for __rt_SIGRTMEM
    _get_argv_nomalloc.o(.text) refers to sys_command.o(.text) for _sys_command_string
    libshutdown.o(.ARM.Collect$$libshutdown$$00000000) refers (Special) to libshutdown2.o(.ARM.Collect$$libshutdown$$00000004) for __rt_lib_shutdown_cpp_1
    libshutdown.o(.ARM.Collect$$libshutdown$$00000000) refers (Special) to libshutdown2.o(.ARM.Collect$$libshutdown$$00000002) for __rt_lib_shutdown_fini_1
    libshutdown.o(.ARM.Collect$$libshutdown$$00000000) refers (Special) to libshutdown2.o(.ARM.Collect$$libshutdown$$00000009) for __rt_lib_shutdown_fp_trap_1
    libshutdown.o(.ARM.Collect$$libshutdown$$00000000) refers (Special) to libshutdown2.o(.ARM.Collect$$libshutdown$$00000011) for __rt_lib_shutdown_heap_1
    libshutdown.o(.ARM.Collect$$libshutdown$$00000000) refers (Special) to libshutdown2.o(.ARM.Collect$$libshutdown$$00000012) for __rt_lib_shutdown_return
    libshutdown.o(.ARM.Collect$$libshutdown$$00000000) refers (Special) to libshutdown2.o(.ARM.Collect$$libshutdown$$0000000C) for __rt_lib_shutdown_signal_1
    libshutdown.o(.ARM.Collect$$libshutdown$$00000000) refers (Special) to libshutdown2.o(.ARM.Collect$$libshutdown$$00000006) for __rt_lib_shutdown_stdio_1
    libshutdown.o(.ARM.Collect$$libshutdown$$00000000) refers (Special) to libshutdown2.o(.ARM.Collect$$libshutdown$$0000000E) for __rt_lib_shutdown_user_alloc_1
    sys_command.o(.text) refers (Special) to use_no_semi.o(.text) for __I$use$semihosting
    sys_command.o(.text) refers (Special) to indicate_semi.o(.text) for __semihosting_library_function
    defsig_abrt_inner.o(.text) refers to defsig_general.o(.text) for __default_signal_display
    defsig_rtred_inner.o(.text) refers to defsig_general.o(.text) for __default_signal_display
    defsig_rtmem_inner.o(.text) refers to defsig_general.o(.text) for __default_signal_display
    defsig_rtmem_outer.o(.text) refers to defsig_rtmem_inner.o(.text) for __rt_SIGRTMEM_inner
    defsig_rtmem_outer.o(.text) refers to defsig_exit.o(.text) for __sig_exit
    defsig_rtmem_formal.o(.text) refers to rt_raise.o(.text) for __rt_raise
    defsig_stak_inner.o(.text) refers to defsig_general.o(.text) for __default_signal_display
    defsig_pvfn_inner.o(.text) refers to defsig_general.o(.text) for __default_signal_display
    defsig_cppl_inner.o(.text) refers to defsig_general.o(.text) for __default_signal_display
    defsig_segv_inner.o(.text) refers to defsig_general.o(.text) for __default_signal_display
    defsig_other.o(.text) refers to defsig_general.o(.text) for __default_signal_display


==============================================================================

Removing Unused input sections from the image.

    Removing uart_polling.o(.rev16_text), (4 bytes).
    Removing uart_polling.o(.revsh_text), (4 bytes).
    Removing uart_polling.o(.rrx_text), (6 bytes).
    Removing uart_polling.o(i.uart_get_char), (48 bytes).
    Removing uart_irq.o(.rev16_text), (4 bytes).
    Removing uart_irq.o(.revsh_text), (4 bytes).
    Removing uart_irq.o(.rrx_text), (6 bytes).
    Removing uart_irq.o(.constdata), (128 bytes).
    Removing timer.o(.rev16_text), (4 bytes).
    Removing timer.o(.revsh_text), (4 bytes).
    Removing timer.o(.rrx_text), (6 bytes).
    Removing timer.o(i.get_tick), (72 bytes).
    Removing timer.o(i.timer_freerun_init), (152 bytes).
    Removing timer.o(i.timer_irq_init), (128 bytes).
    Removing hal.o(.rev16_text), (4 bytes).
    Removing hal.o(.revsh_text), (4 bytes).
    Removing hal.o(.rrx_text), (6 bytes).
    Removing hal.o(.constdata), (128 bytes).
    Removing k_mem.o(.rev16_text), (4 bytes).
    Removing k_mem.o(.revsh_text), (4 bytes).
    Removing k_mem.o(.rrx_text), (6 bytes).
    Removing k_mem.o(.constdata), (136 bytes).
    Removing k_msg.o(.rev16_text), (4 bytes).
    Removing k_msg.o(.revsh_text), (4 bytes).
    Removing k_msg.o(.rrx_text), (6 bytes).
    Removing k_msg.o(.constdata), (128 bytes).
    Removing k_rtx_init.o(.rev16_text), (4 bytes).
    Removing k_rtx_init.o(.revsh_text), (4 bytes).
    Removing k_rtx_init.o(.rrx_text), (6 bytes).
    Removing k_rtx_init.o(i.k_get_sys_info), (6 bytes).
    Removing k_rtx_init.o(.constdata), (128 bytes).
    Removing k_task.o(.rev16_text), (4 bytes).
    Removing k_task.o(.revsh_text), (4 bytes).
    Removing k_task.o(.rrx_text), (6 bytes).
    Removing k_task.o(i.print_queue), (32 bytes).
    Removing k_task.o(.constdata), (128 bytes).
    Removing cdisp_task.o(i.task_cdisp), (2 bytes).
    Removing kcd_task.o(i.task_kcd), (2 bytes).
    Removing null_task.o(.rev16_text), (4 bytes).
    Removing null_task.o(.revsh_text), (4 bytes).
    Removing null_task.o(.rrx_text), (6 bytes).
    Removing wall_clock_task.o(i.task_wall_clock), (2 bytes).
    Removing system_lpc17xx.o(.rev16_text), (4 bytes).
    Removing system_lpc17xx.o(.revsh_text), (4 bytes).
    Removing system_lpc17xx.o(.rrx_text), (6 bytes).
    Removing system_lpc17xx.o(i.SystemCoreClockUpdate), (424 bytes).
    Removing system_lpc17xx.o(.data), (4 bytes).
    Removing main.o(.rev16_text), (4 bytes).
    Removing main.o(.revsh_text), (4 bytes).

49 unused section(s) (total 1796 bytes) removed from the image.

==============================================================================

Image Symbol Table

    Local Symbols

    Symbol Name                              Value     Ov Type        Size  Object(Section)

    ../clib/angel/boardlib.s                 0x00000000   Number         0  boardshut.o ABSOLUTE
    ../clib/angel/boardlib.s                 0x00000000   Number         0  boardinit1.o ABSOLUTE
    ../clib/angel/boardlib.s                 0x00000000   Number         0  boardinit3.o ABSOLUTE
    ../clib/angel/boardlib.s                 0x00000000   Number         0  boardinit2.o ABSOLUTE
    ../clib/angel/handlers.s                 0x00000000   Number         0  __scatter_zi.o ABSOLUTE
    ../clib/angel/handlers.s                 0x00000000   Number         0  __scatter_copy.o ABSOLUTE
    ../clib/angel/kernel.s                   0x00000000   Number         0  rtexit.o ABSOLUTE
    ../clib/angel/kernel.s                   0x00000000   Number         0  __rtentry4.o ABSOLUTE
    ../clib/angel/kernel.s                   0x00000000   Number         0  __rtentry.o ABSOLUTE
    ../clib/angel/kernel.s                   0x00000000   Number         0  __rtentry2.o ABSOLUTE
    ../clib/angel/kernel.s                   0x00000000   Number         0  rtexit2.o ABSOLUTE
    ../clib/angel/rt.s                       0x00000000   Number         0  rt_raise.o ABSOLUTE
    ../clib/angel/rt.s                       0x00000000   Number         0  rt_div0.o ABSOLUTE
    ../clib/angel/rt.s                       0x00000000   Number         0  aeabi_ldiv0.o ABSOLUTE
    ../clib/angel/rt.s                       0x00000000   Number         0  aeabi_ldiv0_sigfpe.o ABSOLUTE
    ../clib/angel/scatter.s                  0x00000000   Number         0  __scatter.o ABSOLUTE
    ../clib/angel/startup.s                  0x00000000   Number         0  __main.o ABSOLUTE
    ../clib/angel/sys.s                      0x00000000   Number         0  sys_stackheap_outer.o ABSOLUTE
    ../clib/angel/sys.s                      0x00000000   Number         0  use_no_semi.o ABSOLUTE
    ../clib/angel/sys.s                      0x00000000   Number         0  indicate_semi.o ABSOLUTE
    ../clib/angel/sys.s                      0x00000000   Number         0  libspace.o ABSOLUTE
    ../clib/angel/sysapp.c                   0x00000000   Number         0  sys_command.o ABSOLUTE
    ../clib/angel/sysapp.c                   0x00000000   Number         0  sys_wrch.o ABSOLUTE
    ../clib/angel/sysapp.c                   0x00000000   Number         0  sys_exit.o ABSOLUTE
    ../clib/armsys.c                         0x00000000   Number         0  argv_veneer.o ABSOLUTE
    ../clib/armsys.c                         0x00000000   Number         0  _get_argv_nomalloc.o ABSOLUTE
    ../clib/armsys.c                         0x00000000   Number         0  no_argv.o ABSOLUTE
    ../clib/armsys.c                         0x00000000   Number         0  argv_veneer.o ABSOLUTE
    ../clib/heapalloc.c                      0x00000000   Number         0  hrguard.o ABSOLUTE
    ../clib/heapaux.c                        0x00000000   Number         0  heapauxi.o ABSOLUTE
    ../clib/libinit.s                        0x00000000   Number         0  libinit2.o ABSOLUTE
    ../clib/libinit.s                        0x00000000   Number         0  libshutdown.o ABSOLUTE
    ../clib/libinit.s                        0x00000000   Number         0  libinit.o ABSOLUTE
    ../clib/libinit.s                        0x00000000   Number         0  libshutdown2.o ABSOLUTE
    ../clib/longlong.s                       0x00000000   Number         0  lludivv7m.o ABSOLUTE
    ../clib/signal.c                         0x00000000   Number         0  defsig_general.o ABSOLUTE
    ../clib/signal.c                         0x00000000   Number         0  __raise.o ABSOLUTE
    ../clib/signal.c                         0x00000000   Number         0  defsig_other.o ABSOLUTE
    ../clib/signal.c                         0x00000000   Number         0  defsig_segv_inner.o ABSOLUTE
    ../clib/signal.c                         0x00000000   Number         0  defsig_fpe_formal.o ABSOLUTE
    ../clib/signal.c                         0x00000000   Number         0  defsig_rtmem_outer.o ABSOLUTE
    ../clib/signal.c                         0x00000000   Number         0  defsig_pvfn_inner.o ABSOLUTE
    ../clib/signal.c                         0x00000000   Number         0  defsig_stak_inner.o ABSOLUTE
    ../clib/signal.c                         0x00000000   Number         0  defsig_rtmem_formal.o ABSOLUTE
    ../clib/signal.c                         0x00000000   Number         0  defsig_fpe_outer.o ABSOLUTE
    ../clib/signal.c                         0x00000000   Number         0  defsig_fpe_inner.o ABSOLUTE
    ../clib/signal.c                         0x00000000   Number         0  defsig_exit.o ABSOLUTE
    ../clib/signal.c                         0x00000000   Number         0  defsig_rtmem_inner.o ABSOLUTE
    ../clib/signal.c                         0x00000000   Number         0  defsig_rtred_inner.o ABSOLUTE
    ../clib/signal.c                         0x00000000   Number         0  defsig_abrt_inner.o ABSOLUTE
    ../clib/signal.c                         0x00000000   Number         0  defsig_cppl_inner.o ABSOLUTE
    ../clib/signal.s                         0x00000000   Number         0  defsig.o ABSOLUTE
    ../clib/stdlib.c                         0x00000000   Number         0  exit.o ABSOLUTE
    ../fplib/fpinit.s                        0x00000000   Number         0  fpinit.o ABSOLUTE
    RTE\Device\LPC1768\startup_LPC17xx.s     0x00000000   Number         0  startup_lpc17xx.o ABSOLUTE
    RTE\Device\LPC1768\system_LPC17xx.c      0x00000000   Number         0  system_lpc17xx.o ABSOLUTE
    RTE\\Device\\LPC1768\\system_LPC17xx.c   0x00000000   Number         0  system_lpc17xx.o ABSOLUTE
    dc.s                                     0x00000000   Number         0  dc.o ABSOLUTE
    src\\bsp\\LPC1768\\timer.c               0x00000000   Number         0  timer.o ABSOLUTE
    src\\bsp\\LPC1768\\uart_irq.c            0x00000000   Number         0  uart_irq.o ABSOLUTE
    src\\bsp\\LPC1768\\uart_polling.c        0x00000000   Number         0  uart_polling.o ABSOLUTE
    src\\kernel\\HAL.c                       0x00000000   Number         0  hal.o ABSOLUTE
    src\\kernel\\k_mem.c                     0x00000000   Number         0  k_mem.o ABSOLUTE
    src\\kernel\\k_msg.c                     0x00000000   Number         0  k_msg.o ABSOLUTE
    src\\kernel\\k_rtx_init.c                0x00000000   Number         0  k_rtx_init.o ABSOLUTE
    src\\kernel\\k_task.c                    0x00000000   Number         0  k_task.o ABSOLUTE
    src\\main.c                              0x00000000   Number         0  main.o ABSOLUTE
    src\\tasks\\null_task.c                  0x00000000   Number         0  null_task.o ABSOLUTE
    src\ae\ae.c                              0x00000000   Number         0  ae.o ABSOLUTE
    src\ae\ae_tasks200_G99.c                 0x00000000   Number         0  ae_tasks200_g99.o ABSOLUTE
    src\ae\ae_util.c                         0x00000000   Number         0  ae_util.o ABSOLUTE
    src\bsp\LPC1768\timer.c                  0x00000000   Number         0  timer.o ABSOLUTE
    src\bsp\LPC1768\uart_irq.c               0x00000000   Number         0  uart_irq.o ABSOLUTE
    src\bsp\LPC1768\uart_polling.c           0x00000000   Number         0  uart_polling.o ABSOLUTE
    src\kernel\HAL.c                         0x00000000   Number         0  hal.o ABSOLUTE
    src\kernel\k_mem.c                       0x00000000   Number         0  k_mem.o ABSOLUTE
    src\kernel\k_msg.c                       0x00000000   Number         0  k_msg.o ABSOLUTE
    src\kernel\k_rtx_init.c                  0x00000000   Number         0  k_rtx_init.o ABSOLUTE
    src\kernel\k_task.c                      0x00000000   Number         0  k_task.o ABSOLUTE
    src\kernel\log.c                         0x00000000   Number         0  log.o ABSOLUTE
    src\kernel\tree.c                        0x00000000   Number         0  tree.o ABSOLUTE
    src\libu\printf.c                        0x00000000   Number         0  printf.o ABSOLUTE
    src\main.c                               0x00000000   Number         0  main.o ABSOLUTE
    src\tasks\cdisp_task.c                   0x00000000   Number         0  cdisp_task.o ABSOLUTE
    src\tasks\kcd_task.c                     0x00000000   Number         0  kcd_task.o ABSOLUTE
    src\tasks\null_task.c                    0x00000000   Number         0  null_task.o ABSOLUTE
    src\tasks\wall_clock_task.c              0x00000000   Number         0  wall_clock_task.o ABSOLUTE
    RESET                                    0x10000000   Section      204  startup_lpc17xx.o(RESET)
    !!!main                                  0x100000cc   Section        8  __main.o(!!!main)
    !!!scatter                               0x100000d4   Section       52  __scatter.o(!!!scatter)
    !!handler_copy                           0x10000108   Section       26  __scatter_copy.o(!!handler_copy)
    !!handler_zi                             0x10000124   Section       28  __scatter_zi.o(!!handler_zi)
    .ARM.Collect$$libinit$$00000000          0x10000140   Section        2  libinit.o(.ARM.Collect$$libinit$$00000000)
    .ARM.Collect$$libinit$$00000002          0x10000142   Section        0  libinit2.o(.ARM.Collect$$libinit$$00000002)
    .ARM.Collect$$libinit$$00000004          0x10000142   Section        0  libinit2.o(.ARM.Collect$$libinit$$00000004)
    .ARM.Collect$$libinit$$0000000A          0x10000142   Section        0  libinit2.o(.ARM.Collect$$libinit$$0000000A)
    .ARM.Collect$$libinit$$0000000C          0x10000142   Section        0  libinit2.o(.ARM.Collect$$libinit$$0000000C)
    .ARM.Collect$$libinit$$0000000E          0x10000142   Section        0  libinit2.o(.ARM.Collect$$libinit$$0000000E)
    .ARM.Collect$$libinit$$00000011          0x10000142   Section        0  libinit2.o(.ARM.Collect$$libinit$$00000011)
    .ARM.Collect$$libinit$$00000013          0x10000142   Section        0  libinit2.o(.ARM.Collect$$libinit$$00000013)
    .ARM.Collect$$libinit$$00000015          0x10000142   Section        0  libinit2.o(.ARM.Collect$$libinit$$00000015)
    .ARM.Collect$$libinit$$00000017          0x10000142   Section        0  libinit2.o(.ARM.Collect$$libinit$$00000017)
    .ARM.Collect$$libinit$$00000019          0x10000142   Section        0  libinit2.o(.ARM.Collect$$libinit$$00000019)
    .ARM.Collect$$libinit$$0000001B          0x10000142   Section        0  libinit2.o(.ARM.Collect$$libinit$$0000001B)
    .ARM.Collect$$libinit$$0000001D          0x10000142   Section        0  libinit2.o(.ARM.Collect$$libinit$$0000001D)
    .ARM.Collect$$libinit$$0000001F          0x10000142   Section        0  libinit2.o(.ARM.Collect$$libinit$$0000001F)
    .ARM.Collect$$libinit$$00000021          0x10000142   Section        0  libinit2.o(.ARM.Collect$$libinit$$00000021)
    .ARM.Collect$$libinit$$00000023          0x10000142   Section        0  libinit2.o(.ARM.Collect$$libinit$$00000023)
    .ARM.Collect$$libinit$$00000025          0x10000142   Section        0  libinit2.o(.ARM.Collect$$libinit$$00000025)
    .ARM.Collect$$libinit$$0000002C          0x10000142   Section        0  libinit2.o(.ARM.Collect$$libinit$$0000002C)
    .ARM.Collect$$libinit$$0000002E          0x10000142   Section        0  libinit2.o(.ARM.Collect$$libinit$$0000002E)
    .ARM.Collect$$libinit$$00000030          0x10000142   Section        0  libinit2.o(.ARM.Collect$$libinit$$00000030)
    .ARM.Collect$$libinit$$00000032          0x10000142   Section        0  libinit2.o(.ARM.Collect$$libinit$$00000032)
    .ARM.Collect$$libinit$$00000033          0x10000142   Section        2  libinit2.o(.ARM.Collect$$libinit$$00000033)
    .ARM.Collect$$libshutdown$$00000000      0x10000144   Section        2  libshutdown.o(.ARM.Collect$$libshutdown$$00000000)
    .ARM.Collect$$libshutdown$$00000002      0x10000146   Section        0  libshutdown2.o(.ARM.Collect$$libshutdown$$00000002)
    .ARM.Collect$$libshutdown$$00000004      0x10000146   Section        0  libshutdown2.o(.ARM.Collect$$libshutdown$$00000004)
    .ARM.Collect$$libshutdown$$00000006      0x10000146   Section        0  libshutdown2.o(.ARM.Collect$$libshutdown$$00000006)
    .ARM.Collect$$libshutdown$$00000009      0x10000146   Section        0  libshutdown2.o(.ARM.Collect$$libshutdown$$00000009)
    .ARM.Collect$$libshutdown$$0000000C      0x10000146   Section        0  libshutdown2.o(.ARM.Collect$$libshutdown$$0000000C)
    .ARM.Collect$$libshutdown$$0000000E      0x10000146   Section        0  libshutdown2.o(.ARM.Collect$$libshutdown$$0000000E)
    .ARM.Collect$$libshutdown$$00000011      0x10000146   Section        0  libshutdown2.o(.ARM.Collect$$libshutdown$$00000011)
    .ARM.Collect$$libshutdown$$00000012      0x10000146   Section        2  libshutdown2.o(.ARM.Collect$$libshutdown$$00000012)
    .ARM.Collect$$rtentry$$00000000          0x10000148   Section        0  __rtentry.o(.ARM.Collect$$rtentry$$00000000)
    .ARM.Collect$$rtentry$$00000002          0x10000148   Section        0  __rtentry2.o(.ARM.Collect$$rtentry$$00000002)
    .ARM.Collect$$rtentry$$00000004          0x10000148   Section        6  __rtentry4.o(.ARM.Collect$$rtentry$$00000004)
    .ARM.Collect$$rtentry$$00000009          0x1000014e   Section        0  __rtentry2.o(.ARM.Collect$$rtentry$$00000009)
    .ARM.Collect$$rtentry$$0000000A          0x1000014e   Section        4  __rtentry2.o(.ARM.Collect$$rtentry$$0000000A)
    .ARM.Collect$$rtentry$$0000000C          0x10000152   Section        0  __rtentry2.o(.ARM.Collect$$rtentry$$0000000C)
    .ARM.Collect$$rtentry$$0000000D          0x10000152   Section        8  __rtentry2.o(.ARM.Collect$$rtentry$$0000000D)
    .ARM.Collect$$rtexit$$00000000           0x1000015a   Section        2  rtexit.o(.ARM.Collect$$rtexit$$00000000)
    .ARM.Collect$$rtexit$$00000002           0x1000015c   Section        0  rtexit2.o(.ARM.Collect$$rtexit$$00000002)
    .ARM.Collect$$rtexit$$00000003           0x1000015c   Section        4  rtexit2.o(.ARM.Collect$$rtexit$$00000003)
    .ARM.Collect$$rtexit$$00000004           0x10000160   Section        6  rtexit2.o(.ARM.Collect$$rtexit$$00000004)
    .emb_text                                0x10000168   Section        8  hal.o(.emb_text)
    .emb_text                                0x10000170   Section       50  k_task.o(.emb_text)
    .text                                    0x100001a4   Section       60  startup_lpc17xx.o(.text)
    .text                                    0x100001e0   Section        0  heapauxi.o(.text)
    .text                                    0x100001e6   Section       74  sys_stackheap_outer.o(.text)
    .text                                    0x10000230   Section        0  exit.o(.text)
    .text                                    0x10000244   Section        8  libspace.o(.text)
    .text                                    0x1000024c   Section        0  sys_exit.o(.text)
    .text                                    0x10000258   Section        2  use_no_semi.o(.text)
    .text                                    0x1000025a   Section        0  indicate_semi.o(.text)
    i.HardFault_Handler                      0x1000025c   Section        0  ae_util.o(i.HardFault_Handler)
    i.SVC_Handler                            0x1000028c   Section        0  hal.o(i.SVC_Handler)
    i.SystemInit                             0x100003b4   Section        0  system_lpc17xx.o(i.SystemInit)
    i.TIMER0_IRQHandler                      0x100004f4   Section        0  timer.o(i.TIMER0_IRQHandler)
    i.UART0_IRQHandler                       0x1000050c   Section        0  uart_irq.o(i.UART0_IRQHandler)
    i.__NVIC_EnableIRQ                       0x1000058c   Section        0  uart_irq.o(i.__NVIC_EnableIRQ)
    __NVIC_EnableIRQ                         0x1000058d   Thumb Code    34  uart_irq.o(i.__NVIC_EnableIRQ)
    i.__NVIC_SetPriority                     0x100005b0   Section        0  uart_irq.o(i.__NVIC_SetPriority)
    __NVIC_SetPriority                       0x100005b1   Thumb Code    32  uart_irq.o(i.__NVIC_SetPriority)
    i.a2d                                    0x100005d8   Section        0  printf.o(i.a2d)
    a2d                                      0x100005d9   Thumb Code    50  printf.o(i.a2d)
    i.a2i                                    0x1000060a   Section        0  printf.o(i.a2i)
    a2i                                      0x1000060b   Thumb Code    58  printf.o(i.a2i)
    i.add_node                               0x10000644   Section        0  k_mem.o(i.add_node)
    i.ae_exit                                0x100006bc   Section        0  ae.o(i.ae_exit)
    i.ae_init                                0x100006c0   Section        0  ae.o(i.ae_init)
    i.ae_set_init_tasks_info                 0x100006f0   Section        0  ae.o(i.ae_set_init_tasks_info)
    i.ae_set_sys_info                        0x10000706   Section        0  ae.o(i.ae_set_sys_info)
    i.compute_block_address                  0x1000071c   Section        0  tree.o(i.compute_block_address)
    i.compute_block_size                     0x1000073e   Section        0  tree.o(i.compute_block_size)
    i.count_set_bits                         0x1000074e   Section        0  ae_util.o(i.count_set_bits)
    i.delete_node                            0x10000760   Section        0  k_mem.o(i.delete_node)
    i.find_buddy                             0x100007c8   Section        0  tree.o(i.find_buddy)
    i.find_k_and_x_from_pos                  0x10000800   Section        0  tree.o(i.find_k_and_x_from_pos)
    i.find_left_child                        0x10000836   Section        0  tree.o(i.find_left_child)
    i.find_parent                            0x10000856   Section        0  tree.o(i.find_parent)
    i.find_pos_from_k_and_x                  0x1000088e   Section        0  tree.o(i.find_pos_from_k_and_x)
    i.gen_req0                               0x100008a8   Section        0  ae_tasks200_g99.o(i.gen_req0)
    i.gen_req1                               0x10000900   Section        0  ae_tasks200_g99.o(i.gen_req1)
    i.getAvailableTCB                        0x10000948   Section        0  k_task.o(i.getAvailableTCB)
    i.get_bit                                0x10000974   Section        0  tree.o(i.get_bit)
    i.get_index                              0x1000099e   Section        0  k_task.o(i.get_index)
    i.get_max_h                              0x100009a6   Section        0  k_mem.o(i.get_max_h)
    i.get_size                               0x100009b2   Section        0  k_mem.o(i.get_size)
    i.get_start                              0x100009c4   Section        0  k_mem.o(i.get_start)
    i.i2a                                    0x100009d8   Section        0  printf.o(i.i2a)
    i2a                                      0x100009d9   Thumb Code    32  printf.o(i.i2a)
    i.init_ae_tsk_test                       0x100009f8   Section        0  ae_tasks200_g99.o(i.init_ae_tsk_test)
    i.init_printf                            0x10000a74   Section        0  printf.o(i.init_printf)
    i.insert_back_queue                      0x10000a88   Section        0  k_task.o(i.insert_back_queue)
    i.insert_front_queue                     0x10000ac4   Section        0  k_task.o(i.insert_front_queue)
    i.k_alloc_k_stack                        0x10000afc   Section        0  k_mem.o(i.k_alloc_k_stack)
    i.k_mbx_create                           0x10000b28   Section        0  k_msg.o(i.k_mbx_create)
    i.k_mbx_get                              0x10000b2e   Section        0  k_msg.o(i.k_mbx_get)
    i.k_mbx_ls                               0x10000b34   Section        0  k_msg.o(i.k_mbx_ls)
    i.k_mem_init                             0x10000b3c   Section        0  k_mem.o(i.k_mem_init)
    i.k_mpool_alloc                          0x10000b7c   Section        0  k_mem.o(i.k_mpool_alloc)
    i.k_mpool_create                         0x10000ca8   Section        0  k_mem.o(i.k_mpool_create)
    i.k_mpool_dealloc                        0x10000dd8   Section        0  k_mem.o(i.k_mpool_dealloc)
    i.k_mpool_dump                           0x10000f44   Section        0  k_mem.o(i.k_mpool_dump)
    i.k_pre_rtx_init                         0x10000fa0   Section        0  k_rtx_init.o(i.k_pre_rtx_init)
    i.k_recv_msg                             0x10000fe0   Section        0  k_msg.o(i.k_recv_msg)
    i.k_recv_msg_nb                          0x10000fe6   Section        0  k_msg.o(i.k_recv_msg_nb)
    i.k_rt_tsk_get                           0x10000fec   Section        0  k_task.o(i.k_rt_tsk_get)
    i.k_rt_tsk_set                           0x10001006   Section        0  k_task.o(i.k_rt_tsk_set)
    i.k_rt_tsk_susp                          0x1000100c   Section        0  k_task.o(i.k_rt_tsk_susp)
    i.k_rtx_init                             0x10001010   Section        0  k_rtx_init.o(i.k_rtx_init)
    i.k_send_msg                             0x10001084   Section        0  k_msg.o(i.k_send_msg)
    i.k_send_msg_nb                          0x1000108a   Section        0  k_msg.o(i.k_send_msg_nb)
    i.k_tsk_create                           0x10001090   Section        0  k_task.o(i.k_tsk_create)
    i.k_tsk_create_new                       0x10001178   Section        0  k_task.o(i.k_tsk_create_new)
    i.k_tsk_exit                             0x10001278   Section        0  k_task.o(i.k_tsk_exit)
    i.k_tsk_get                              0x100012f4   Section        0  k_task.o(i.k_tsk_get)
    i.k_tsk_gettid                           0x1000138c   Section        0  k_task.o(i.k_tsk_gettid)
    i.k_tsk_init                             0x1000139c   Section        0  k_task.o(i.k_tsk_init)
    i.k_tsk_init_first                       0x10001488   Section        0  k_task.o(i.k_tsk_init_first)
    i.k_tsk_ls                               0x100014a4   Section        0  k_task.o(i.k_tsk_ls)
    i.k_tsk_run_new                          0x10001508   Section        0  k_task.o(i.k_tsk_run_new)
    i.k_tsk_set_prio                         0x10001560   Section        0  k_task.o(i.k_tsk_set_prio)
    i.k_tsk_yield                            0x1000168c   Section        0  k_task.o(i.k_tsk_yield)
    i.log_ceil                               0x100016d4   Section        0  log.o(i.log_ceil)
    i.log_floor                              0x100016f0   Section        0  log.o(i.log_floor)
    i.main                                   0x1000171c   Section        0  main.o(i.main)
    i.pop_head_tcb                           0x10001784   Section        0  k_task.o(i.pop_head_tcb)
    i.pop_node                               0x100017dc   Section        0  k_mem.o(i.pop_node)
    i.pop_tid_tcb                            0x10001814   Section        0  k_task.o(i.pop_tid_tcb)
    i.power_two                              0x10001894   Section        0  tree.o(i.power_two)
    i.print_list                             0x100018a8   Section        0  k_mem.o(i.print_list)
    i.print_log                              0x10001904   Section        0  ae_util.o(i.print_log)
    i.print_results                          0x10001974   Section        0  ae_util.o(i.print_results)
    i.print_summary                          0x10001a94   Section        0  ae_util.o(i.print_summary)
    i.priv_task1                             0x10001ac0   Section        0  ae_tasks200_g99.o(i.priv_task1)
    i.process_sub_result                     0x10001c1c   Section        0  ae_util.o(i.process_sub_result)
    i.putc                                   0x10001c54   Section        0  uart_polling.o(i.putc)
    i.putchw                                 0x10001c98   Section        0  printf.o(i.putchw)
    putchw                                   0x10001c99   Thumb Code    82  printf.o(i.putchw)
    i.putcp                                  0x10001cea   Section        0  printf.o(i.putcp)
    putcp                                    0x10001ceb   Thumb Code    10  printf.o(i.putcp)
    i.scheduler                              0x10001cf4   Section        0  k_task.o(i.scheduler)
    i.set_ae_init_tasks                      0x10001d30   Section        0  ae_tasks200_g99.o(i.set_ae_init_tasks)
    i.set_ae_tasks                           0x10001d4c   Section        0  ae_tasks200_g99.o(i.set_ae_tasks)
    i.set_bit_off                            0x10001da4   Section        0  tree.o(i.set_bit_off)
    i.set_bit_on                             0x10001dca   Section        0  tree.o(i.set_bit_on)
    i.strcpy                                 0x10001df0   Section        0  ae_util.o(i.strcpy)
    i.task1                                  0x10001e10   Section        0  ae_tasks200_g99.o(i.task1)
    i.task2                                  0x10001f78   Section        0  ae_tasks200_g99.o(i.task2)
    i.task3                                  0x100020a0   Section        0  ae_tasks200_g99.o(i.task3)
    i.task_null                              0x100021cc   Section        0  null_task.o(i.task_null)
    i.test0_start                            0x100021d4   Section        0  ae_tasks200_g99.o(i.test0_start)
    i.test1_start                            0x10002304   Section        0  ae_tasks200_g99.o(i.test1_start)
    i.test_abort                             0x10002578   Section        0  ae_util.o(i.test_abort)
    i.test_exit                              0x100025e4   Section        0  ae_util.o(i.test_exit)
    i.tfp_format                             0x10002608   Section        0  printf.o(i.tfp_format)
    i.tfp_printf                             0x10002730   Section        0  printf.o(i.tfp_printf)
    i.tfp_sprintf                            0x1000275c   Section        0  printf.o(i.tfp_sprintf)
    i.uart_init                              0x10002788   Section        0  uart_polling.o(i.uart_init)
    i.uart_irq_init                          0x100027f4   Section        0  uart_irq.o(i.uart_irq_init)
    i.uart_put_char                          0x10002890   Section        0  uart_polling.o(i.uart_put_char)
    i.uart_put_string                        0x100028c4   Section        0  uart_polling.o(i.uart_put_string)
    i.ui2a                                   0x100028ea   Section        0  printf.o(i.ui2a)
    ui2a                                     0x100028eb   Thumb Code    86  printf.o(i.ui2a)
    i.update_ae_xtest                        0x10002940   Section        0  ae_tasks200_g99.o(i.update_ae_xtest)
    i.update_exec_seq                        0x10002958   Section        0  ae_tasks200_g99.o(i.update_exec_seq)
    .constdata                               0x1000299c   Section      128  log.o(.constdata)
    MultiplyDeBruijnBitPosition              0x1000299c   Data         128  log.o(.constdata)
    .constdata                               0x10002a1c   Section       39  ae_tasks200_g99.o(.constdata)
    .data                                    0x10003000   Section       24  uart_irq.o(.data)
    gp_buffer                                0x10003010   Data           4  uart_irq.o(.data)
    .data                                    0x10003018   Section        4  timer.o(.data)
    .data                                    0x1000301c   Section        8  k_rtx_init.o(.data)
    .data                                    0x10003024   Section        8  k_task.o(.data)
    .data                                    0x1000302c   Section        8  printf.o(.data)
    stdout_putf                              0x1000302c   Data           4  printf.o(.data)
    stdout_putp                              0x10003030   Data           4  printf.o(.data)
    .data                                    0x10003034   Section       16  main.o(.data)
    sys                                      0x10003034   Data           8  main.o(.data)
    p_tasks                                  0x1000303c   Data           4  main.o(.data)
    num                                      0x10003040   Data           4  main.o(.data)
    .bss                                     0x10003048   Section    10620  k_mem.o(.bss)
    .bss                                     0x100059c4   Section      432  k_task.o(.bss)
    .bss                                     0x10005b74   Section       96  libspace.o(.bss)
    .bss                                     0x10005bd4   Section      316  ae_tasks200_g99.o(.bss)
    HEAP                                     0x10005d10   Section        0  startup_lpc17xx.o(HEAP)
    STACK                                    0x10005d10   Section      512  startup_lpc17xx.o(STACK)
    Heap_Mem                                 0x10005d10   Data           0  startup_lpc17xx.o(HEAP)
    Stack_Mem                                0x10005d10   Data         512  startup_lpc17xx.o(STACK)
    __initial_sp                             0x10005f10   Data           0  startup_lpc17xx.o(STACK)

    Global Symbols

    Symbol Name                              Value     Ov Type        Size  Object(Section)

    BuildAttributes$$THM_ISAv4$P$D$K$B$S$PE$A:L22UL41UL21$X:L11$S22US41US21$IEEE1$IW$USESV6$~STKCKD$USESV7$~SHL$OSPACE$ROPI$EBA8$UX$STANDARDLIB$REQ8$PRES8$EABIv2 0x00000000   Number         0  anon$$obj.o ABSOLUTE
    __ARM_use_no_argv                        0x00000000   Number         0  main.o ABSOLUTE
    __ARM_exceptions_init                     - Undefined Weak Reference
    __alloca_initialize                       - Undefined Weak Reference
    __arm_fini_                               - Undefined Weak Reference
    __arm_preinit_                            - Undefined Weak Reference
    __cpp_initialize__aeabi_                  - Undefined Weak Reference
    __cxa_finalize                            - Undefined Weak Reference
    __rt_locale                               - Undefined Weak Reference
    __sigvec_lookup                           - Undefined Weak Reference
    _atexit_init                              - Undefined Weak Reference
    _call_atexit_fns                          - Undefined Weak Reference
    _clock_init                               - Undefined Weak Reference
    _fp_trap_init                             - Undefined Weak Reference
    _fp_trap_shutdown                         - Undefined Weak Reference
    _get_lc_collate                           - Undefined Weak Reference
    _get_lc_ctype                             - Undefined Weak Reference
    _get_lc_monetary                          - Undefined Weak Reference
    _get_lc_numeric                           - Undefined Weak Reference
    _get_lc_time                              - Undefined Weak Reference
    _getenv_init                              - Undefined Weak Reference
    _handle_redirection                       - Undefined Weak Reference
    _init_alloc                               - Undefined Weak Reference
    _init_user_alloc                          - Undefined Weak Reference
    _initio                                   - Undefined Weak Reference
    _rand_init                                - Undefined Weak Reference
    _signal_finish                            - Undefined Weak Reference
    _signal_init                              - Undefined Weak Reference
    _terminate_alloc                          - Undefined Weak Reference
    _terminate_user_alloc                     - Undefined Weak Reference
    _terminateio                              - Undefined Weak Reference
    __Vectors                                0x10000000   Data           4  startup_lpc17xx.o(RESET)
    __main                                   0x100000cd   Thumb Code     8  __main.o(!!!main)
    __scatterload                            0x100000d5   Thumb Code     0  __scatter.o(!!!scatter)
    __scatterload_rt2                        0x100000d5   Thumb Code    44  __scatter.o(!!!scatter)
    __scatterload_rt2_thumb_only             0x100000d5   Thumb Code     0  __scatter.o(!!!scatter)
    __scatterload_null                       0x100000e3   Thumb Code     0  __scatter.o(!!!scatter)
    __scatterload_copy                       0x10000109   Thumb Code    26  __scatter_copy.o(!!handler_copy)
    __scatterload_zeroinit                   0x10000125   Thumb Code    28  __scatter_zi.o(!!handler_zi)
    __rt_lib_init                            0x10000141   Thumb Code     0  libinit.o(.ARM.Collect$$libinit$$00000000)
    __rt_lib_init_alloca_1                   0x10000143   Thumb Code     0  libinit2.o(.ARM.Collect$$libinit$$0000002E)
    __rt_lib_init_argv_1                     0x10000143   Thumb Code     0  libinit2.o(.ARM.Collect$$libinit$$0000002C)
    __rt_lib_init_atexit_1                   0x10000143   Thumb Code     0  libinit2.o(.ARM.Collect$$libinit$$0000001B)
    __rt_lib_init_clock_1                    0x10000143   Thumb Code     0  libinit2.o(.ARM.Collect$$libinit$$00000021)
    __rt_lib_init_cpp_1                      0x10000143   Thumb Code     0  libinit2.o(.ARM.Collect$$libinit$$00000032)
    __rt_lib_init_exceptions_1               0x10000143   Thumb Code     0  libinit2.o(.ARM.Collect$$libinit$$00000030)
    __rt_lib_init_fp_1                       0x10000143   Thumb Code     0  libinit2.o(.ARM.Collect$$libinit$$00000002)
    __rt_lib_init_fp_trap_1                  0x10000143   Thumb Code     0  libinit2.o(.ARM.Collect$$libinit$$0000001F)
    __rt_lib_init_getenv_1                   0x10000143   Thumb Code     0  libinit2.o(.ARM.Collect$$libinit$$00000023)
    __rt_lib_init_heap_1                     0x10000143   Thumb Code     0  libinit2.o(.ARM.Collect$$libinit$$0000000A)
    __rt_lib_init_lc_collate_1               0x10000143   Thumb Code     0  libinit2.o(.ARM.Collect$$libinit$$00000011)
    __rt_lib_init_lc_ctype_1                 0x10000143   Thumb Code     0  libinit2.o(.ARM.Collect$$libinit$$00000013)
    __rt_lib_init_lc_monetary_1              0x10000143   Thumb Code     0  libinit2.o(.ARM.Collect$$libinit$$00000015)
    __rt_lib_init_lc_numeric_1               0x10000143   Thumb Code     0  libinit2.o(.ARM.Collect$$libinit$$00000017)
    __rt_lib_init_lc_time_1                  0x10000143   Thumb Code     0  libinit2.o(.ARM.Collect$$libinit$$00000019)
    __rt_lib_init_preinit_1                  0x10000143   Thumb Code     0  libinit2.o(.ARM.Collect$$libinit$$00000004)
    __rt_lib_init_rand_1                     0x10000143   Thumb Code     0  libinit2.o(.ARM.Collect$$libinit$$0000000E)
    __rt_lib_init_return                     0x10000143   Thumb Code     0  libinit2.o(.ARM.Collect$$libinit$$00000033)
    __rt_lib_init_signal_1                   0x10000143   Thumb Code     0  libinit2.o(.ARM.Collect$$libinit$$0000001D)
    __rt_lib_init_stdio_1                    0x10000143   Thumb Code     0  libinit2.o(.ARM.Collect$$libinit$$00000025)
    __rt_lib_init_user_alloc_1               0x10000143   Thumb Code     0  libinit2.o(.ARM.Collect$$libinit$$0000000C)
    __rt_lib_shutdown                        0x10000145   Thumb Code     0  libshutdown.o(.ARM.Collect$$libshutdown$$00000000)
    __rt_lib_shutdown_cpp_1                  0x10000147   Thumb Code     0  libshutdown2.o(.ARM.Collect$$libshutdown$$00000004)
    __rt_lib_shutdown_fini_1                 0x10000147   Thumb Code     0  libshutdown2.o(.ARM.Collect$$libshutdown$$00000002)
    __rt_lib_shutdown_fp_trap_1              0x10000147   Thumb Code     0  libshutdown2.o(.ARM.Collect$$libshutdown$$00000009)
    __rt_lib_shutdown_heap_1                 0x10000147   Thumb Code     0  libshutdown2.o(.ARM.Collect$$libshutdown$$00000011)
    __rt_lib_shutdown_return                 0x10000147   Thumb Code     0  libshutdown2.o(.ARM.Collect$$libshutdown$$00000012)
    __rt_lib_shutdown_signal_1               0x10000147   Thumb Code     0  libshutdown2.o(.ARM.Collect$$libshutdown$$0000000C)
    __rt_lib_shutdown_stdio_1                0x10000147   Thumb Code     0  libshutdown2.o(.ARM.Collect$$libshutdown$$00000006)
    __rt_lib_shutdown_user_alloc_1           0x10000147   Thumb Code     0  libshutdown2.o(.ARM.Collect$$libshutdown$$0000000E)
    __rt_entry                               0x10000149   Thumb Code     0  __rtentry.o(.ARM.Collect$$rtentry$$00000000)
    __rt_entry_presh_1                       0x10000149   Thumb Code     0  __rtentry2.o(.ARM.Collect$$rtentry$$00000002)
    __rt_entry_sh                            0x10000149   Thumb Code     0  __rtentry4.o(.ARM.Collect$$rtentry$$00000004)
    __rt_entry_li                            0x1000014f   Thumb Code     0  __rtentry2.o(.ARM.Collect$$rtentry$$0000000A)
    __rt_entry_postsh_1                      0x1000014f   Thumb Code     0  __rtentry2.o(.ARM.Collect$$rtentry$$00000009)
    __rt_entry_main                          0x10000153   Thumb Code     0  __rtentry2.o(.ARM.Collect$$rtentry$$0000000D)
    __rt_entry_postli_1                      0x10000153   Thumb Code     0  __rtentry2.o(.ARM.Collect$$rtentry$$0000000C)
    __rt_exit                                0x1000015b   Thumb Code     0  rtexit.o(.ARM.Collect$$rtexit$$00000000)
    __rt_exit_ls                             0x1000015d   Thumb Code     0  rtexit2.o(.ARM.Collect$$rtexit$$00000003)
    __rt_exit_prels_1                        0x1000015d   Thumb Code     0  rtexit2.o(.ARM.Collect$$rtexit$$00000002)
    __rt_exit_exit                           0x10000161   Thumb Code     0  rtexit2.o(.ARM.Collect$$rtexit$$00000004)
    SVC_RTE                                  0x10000169   Thumb Code     0  hal.o(.emb_text)
    __rte                                    0x10000169   Thumb Code     8  hal.o(.emb_text)
    k_tsk_switch                             0x10000171   Thumb Code    44  k_task.o(.emb_text)
    K_RESTORE                                0x10000183   Thumb Code     0  k_task.o(.emb_text)
    k_tsk_start                              0x100001a1   Thumb Code     2  k_task.o(.emb_text)
    Reset_Handler                            0x100001a5   Thumb Code     8  startup_lpc17xx.o(.text)
    NMI_Handler                              0x100001ad   Thumb Code     2  startup_lpc17xx.o(.text)
    MemManage_Handler                        0x100001b1   Thumb Code     2  startup_lpc17xx.o(.text)
    BusFault_Handler                         0x100001b3   Thumb Code     2  startup_lpc17xx.o(.text)
    UsageFault_Handler                       0x100001b5   Thumb Code     2  startup_lpc17xx.o(.text)
    DebugMon_Handler                         0x100001b9   Thumb Code     2  startup_lpc17xx.o(.text)
    PendSV_Handler                           0x100001bb   Thumb Code     2  startup_lpc17xx.o(.text)
    SysTick_Handler                          0x100001bd   Thumb Code     2  startup_lpc17xx.o(.text)
    ADC_IRQHandler                           0x100001bf   Thumb Code     0  startup_lpc17xx.o(.text)
    BOD_IRQHandler                           0x100001bf   Thumb Code     0  startup_lpc17xx.o(.text)
    CANActivity_IRQHandler                   0x100001bf   Thumb Code     0  startup_lpc17xx.o(.text)
    CAN_IRQHandler                           0x100001bf   Thumb Code     0  startup_lpc17xx.o(.text)
    DMA_IRQHandler                           0x100001bf   Thumb Code     0  startup_lpc17xx.o(.text)
    EINT0_IRQHandler                         0x100001bf   Thumb Code     0  startup_lpc17xx.o(.text)
    EINT1_IRQHandler                         0x100001bf   Thumb Code     0  startup_lpc17xx.o(.text)
    EINT2_IRQHandler                         0x100001bf   Thumb Code     0  startup_lpc17xx.o(.text)
    EINT3_IRQHandler                         0x100001bf   Thumb Code     0  startup_lpc17xx.o(.text)
    ENET_IRQHandler                          0x100001bf   Thumb Code     0  startup_lpc17xx.o(.text)
    I2C0_IRQHandler                          0x100001bf   Thumb Code     0  startup_lpc17xx.o(.text)
    I2C1_IRQHandler                          0x100001bf   Thumb Code     0  startup_lpc17xx.o(.text)
    I2C2_IRQHandler                          0x100001bf   Thumb Code     0  startup_lpc17xx.o(.text)
    I2S_IRQHandler                           0x100001bf   Thumb Code     0  startup_lpc17xx.o(.text)
    MCPWM_IRQHandler                         0x100001bf   Thumb Code     0  startup_lpc17xx.o(.text)
    PLL0_IRQHandler                          0x100001bf   Thumb Code     0  startup_lpc17xx.o(.text)
    PLL1_IRQHandler                          0x100001bf   Thumb Code     0  startup_lpc17xx.o(.text)
    PWM1_IRQHandler                          0x100001bf   Thumb Code     0  startup_lpc17xx.o(.text)
    QEI_IRQHandler                           0x100001bf   Thumb Code     0  startup_lpc17xx.o(.text)
    RIT_IRQHandler                           0x100001bf   Thumb Code     0  startup_lpc17xx.o(.text)
    RTC_IRQHandler                           0x100001bf   Thumb Code     0  startup_lpc17xx.o(.text)
    SPI_IRQHandler                           0x100001bf   Thumb Code     0  startup_lpc17xx.o(.text)
    SSP0_IRQHandler                          0x100001bf   Thumb Code     0  startup_lpc17xx.o(.text)
    SSP1_IRQHandler                          0x100001bf   Thumb Code     0  startup_lpc17xx.o(.text)
    TIMER1_IRQHandler                        0x100001bf   Thumb Code     0  startup_lpc17xx.o(.text)
    TIMER2_IRQHandler                        0x100001bf   Thumb Code     0  startup_lpc17xx.o(.text)
    TIMER3_IRQHandler                        0x100001bf   Thumb Code     0  startup_lpc17xx.o(.text)
    UART1_IRQHandler                         0x100001bf   Thumb Code     0  startup_lpc17xx.o(.text)
    UART2_IRQHandler                         0x100001bf   Thumb Code     0  startup_lpc17xx.o(.text)
    UART3_IRQHandler                         0x100001bf   Thumb Code     0  startup_lpc17xx.o(.text)
    USBActivity_IRQHandler                   0x100001bf   Thumb Code     0  startup_lpc17xx.o(.text)
    USB_IRQHandler                           0x100001bf   Thumb Code     0  startup_lpc17xx.o(.text)
    WDT_IRQHandler                           0x100001bf   Thumb Code     0  startup_lpc17xx.o(.text)
    __user_initial_stackheap                 0x100001c1   Thumb Code     0  startup_lpc17xx.o(.text)
    __use_two_region_memory                  0x100001e1   Thumb Code     2  heapauxi.o(.text)
    __rt_heap_escrow$2region                 0x100001e3   Thumb Code     2  heapauxi.o(.text)
    __rt_heap_expand$2region                 0x100001e5   Thumb Code     2  heapauxi.o(.text)
    __user_setup_stackheap                   0x100001e7   Thumb Code    74  sys_stackheap_outer.o(.text)
    exit                                     0x10000231   Thumb Code    18  exit.o(.text)
    __user_libspace                          0x10000245   Thumb Code     8  libspace.o(.text)
    __user_perproc_libspace                  0x10000245   Thumb Code     0  libspace.o(.text)
    __user_perthread_libspace                0x10000245   Thumb Code     0  libspace.o(.text)
    _sys_exit                                0x1000024d   Thumb Code     8  sys_exit.o(.text)
    __I$use$semihosting                      0x10000259   Thumb Code     0  use_no_semi.o(.text)
    __use_no_semihosting_swi                 0x10000259   Thumb Code     2  use_no_semi.o(.text)
    __semihosting_library_function           0x1000025b   Thumb Code     0  indicate_semi.o(.text)
    HardFault_Handler                        0x1000025d   Thumb Code    22  ae_util.o(i.HardFault_Handler)
    SVC_Handler                              0x1000028d   Thumb Code   296  hal.o(i.SVC_Handler)
    SystemInit                               0x100003b5   Thumb Code   302  system_lpc17xx.o(i.SystemInit)
    TIMER0_IRQHandler                        0x100004f5   Thumb Code    20  timer.o(i.TIMER0_IRQHandler)
    UART0_IRQHandler                         0x1000050d   Thumb Code   104  uart_irq.o(i.UART0_IRQHandler)
    add_node                                 0x10000645   Thumb Code   116  k_mem.o(i.add_node)
    ae_exit                                  0x100006bd   Thumb Code     4  ae.o(i.ae_exit)
    ae_init                                  0x100006c1   Thumb Code    48  ae.o(i.ae_init)
    ae_set_init_tasks_info                   0x100006f1   Thumb Code    22  ae.o(i.ae_set_init_tasks_info)
    ae_set_sys_info                          0x10000707   Thumb Code    22  ae.o(i.ae_set_sys_info)
    compute_block_address                    0x1000071d   Thumb Code    34  tree.o(i.compute_block_address)
    compute_block_size                       0x1000073f   Thumb Code    16  tree.o(i.compute_block_size)
    count_set_bits                           0x1000074f   Thumb Code    18  ae_util.o(i.count_set_bits)
    delete_node                              0x10000761   Thumb Code    98  k_mem.o(i.delete_node)
    find_buddy                               0x100007c9   Thumb Code    56  tree.o(i.find_buddy)
    find_k_and_x_from_pos                    0x10000801   Thumb Code    54  tree.o(i.find_k_and_x_from_pos)
    find_left_child                          0x10000837   Thumb Code    32  tree.o(i.find_left_child)
    find_parent                              0x10000857   Thumb Code    56  tree.o(i.find_parent)
    find_pos_from_k_and_x                    0x1000088f   Thumb Code    26  tree.o(i.find_pos_from_k_and_x)
    gen_req0                                 0x100008a9   Thumb Code    78  ae_tasks200_g99.o(i.gen_req0)
    gen_req1                                 0x10000901   Thumb Code    68  ae_tasks200_g99.o(i.gen_req1)
    getAvailableTCB                          0x10000949   Thumb Code    40  k_task.o(i.getAvailableTCB)
    get_bit                                  0x10000975   Thumb Code    42  tree.o(i.get_bit)
    get_index                                0x1000099f   Thumb Code     8  k_task.o(i.get_index)
    get_max_h                                0x100009a7   Thumb Code    12  k_mem.o(i.get_max_h)
    get_size                                 0x100009b3   Thumb Code    16  k_mem.o(i.get_size)
    get_start                                0x100009c5   Thumb Code    12  k_mem.o(i.get_start)
    init_ae_tsk_test                         0x100009f9   Thumb Code    96  ae_tasks200_g99.o(i.init_ae_tsk_test)
    init_printf                              0x10000a75   Thumb Code    10  printf.o(i.init_printf)
    insert_back_queue                        0x10000a89   Thumb Code    56  k_task.o(i.insert_back_queue)
    insert_front_queue                       0x10000ac5   Thumb Code    50  k_task.o(i.insert_front_queue)
    k_alloc_k_stack                          0x10000afd   Thumb Code    36  k_mem.o(i.k_alloc_k_stack)
    k_mbx_create                             0x10000b29   Thumb Code     6  k_msg.o(i.k_mbx_create)
    k_mbx_get                                0x10000b2f   Thumb Code     6  k_msg.o(i.k_mbx_get)
    k_mbx_ls                                 0x10000b35   Thumb Code     6  k_msg.o(i.k_mbx_ls)
    k_mem_init                               0x10000b3d   Thumb Code    48  k_mem.o(i.k_mem_init)
    k_mpool_alloc                            0x10000b7d   Thumb Code   290  k_mem.o(i.k_mpool_alloc)
    k_mpool_create                           0x10000ca9   Thumb Code   272  k_mem.o(i.k_mpool_create)
    k_mpool_dealloc                          0x10000dd9   Thumb Code   354  k_mem.o(i.k_mpool_dealloc)
    k_mpool_dump                             0x10000f45   Thumb Code    60  k_mem.o(i.k_mpool_dump)
    k_pre_rtx_init                           0x10000fa1   Thumb Code    58  k_rtx_init.o(i.k_pre_rtx_init)
    k_recv_msg                               0x10000fe1   Thumb Code     6  k_msg.o(i.k_recv_msg)
    k_recv_msg_nb                            0x10000fe7   Thumb Code     6  k_msg.o(i.k_recv_msg_nb)
    k_rt_tsk_get                             0x10000fed   Thumb Code    26  k_task.o(i.k_rt_tsk_get)
    k_rt_tsk_set                             0x10001007   Thumb Code     6  k_task.o(i.k_rt_tsk_set)
    k_rt_tsk_susp                            0x1000100d   Thumb Code     4  k_task.o(i.k_rt_tsk_susp)
    k_rtx_init                               0x10001011   Thumb Code   110  k_rtx_init.o(i.k_rtx_init)
    k_send_msg                               0x10001085   Thumb Code     6  k_msg.o(i.k_send_msg)
    k_send_msg_nb                            0x1000108b   Thumb Code     6  k_msg.o(i.k_send_msg_nb)
    k_tsk_create                             0x10001091   Thumb Code   220  k_task.o(i.k_tsk_create)
    k_tsk_create_new                         0x10001179   Thumb Code   242  k_task.o(i.k_tsk_create_new)
    k_tsk_exit                               0x10001279   Thumb Code    90  k_task.o(i.k_tsk_exit)
    k_tsk_get                                0x100012f5   Thumb Code   144  k_task.o(i.k_tsk_get)
    k_tsk_gettid                             0x1000138d   Thumb Code    10  k_task.o(i.k_tsk_gettid)
    k_tsk_init                               0x1000139d   Thumb Code   212  k_task.o(i.k_tsk_init)
    k_tsk_init_first                         0x10001489   Thumb Code    22  k_task.o(i.k_tsk_init_first)
    k_tsk_ls                                 0x100014a5   Thumb Code    90  k_task.o(i.k_tsk_ls)
    k_tsk_run_new                            0x10001509   Thumb Code    84  k_task.o(i.k_tsk_run_new)
    k_tsk_set_prio                           0x10001561   Thumb Code   286  k_task.o(i.k_tsk_set_prio)
    k_tsk_yield                              0x1000168d   Thumb Code    66  k_task.o(i.k_tsk_yield)
    log_ceil                                 0x100016d5   Thumb Code    28  log.o(i.log_ceil)
    log_floor                                0x100016f1   Thumb Code    36  log.o(i.log_floor)
    main                                     0x1000171d   Thumb Code    84  main.o(i.main)
    pop_head_tcb                             0x10001785   Thumb Code    82  k_task.o(i.pop_head_tcb)
    pop_node                                 0x100017dd   Thumb Code    52  k_mem.o(i.pop_node)
    pop_tid_tcb                              0x10001815   Thumb Code   122  k_task.o(i.pop_tid_tcb)
    power_two                                0x10001895   Thumb Code    18  tree.o(i.power_two)
    print_list                               0x100018a9   Thumb Code    70  k_mem.o(i.print_list)
    print_log                                0x10001905   Thumb Code    42  ae_util.o(i.print_log)
    print_results                            0x10001975   Thumb Code   118  ae_util.o(i.print_results)
    print_summary                            0x10001a95   Thumb Code    22  ae_util.o(i.print_summary)
    priv_task1                               0x10001ac1   Thumb Code   172  ae_tasks200_g99.o(i.priv_task1)
    process_sub_result                       0x10001c1d   Thumb Code    46  ae_util.o(i.process_sub_result)
    putc                                     0x10001c55   Thumb Code    28  uart_polling.o(i.putc)
    scheduler                                0x10001cf5   Thumb Code    52  k_task.o(i.scheduler)
    set_ae_init_tasks                        0x10001d31   Thumb Code    24  ae_tasks200_g99.o(i.set_ae_init_tasks)
    set_ae_tasks                             0x10001d4d   Thumb Code    78  ae_tasks200_g99.o(i.set_ae_tasks)
    set_bit_off                              0x10001da5   Thumb Code    38  tree.o(i.set_bit_off)
    set_bit_on                               0x10001dcb   Thumb Code    38  tree.o(i.set_bit_on)
    strcpy                                   0x10001df1   Thumb Code    32  ae_util.o(i.strcpy)
    task1                                    0x10001e11   Thumb Code   186  ae_tasks200_g99.o(i.task1)
    task2                                    0x10001f79   Thumb Code   138  ae_tasks200_g99.o(i.task2)
    task3                                    0x100020a1   Thumb Code   138  ae_tasks200_g99.o(i.task3)
    task_null                                0x100021cd   Thumb Code     6  null_task.o(i.task_null)
    test0_start                              0x100021d5   Thumb Code   182  ae_tasks200_g99.o(i.test0_start)
    test1_start                              0x10002305   Thumb Code   370  ae_tasks200_g99.o(i.test1_start)
    test_abort                               0x10002579   Thumb Code    36  ae_util.o(i.test_abort)
    test_exit                                0x100025e5   Thumb Code    16  ae_util.o(i.test_exit)
    tfp_format                               0x10002609   Thumb Code   296  printf.o(i.tfp_format)
    tfp_printf                               0x10002731   Thumb Code    34  printf.o(i.tfp_printf)
    tfp_sprintf                              0x1000275d   Thumb Code    38  printf.o(i.tfp_sprintf)
    uart_init                                0x10002789   Thumb Code    96  uart_polling.o(i.uart_init)
    uart_irq_init                            0x100027f5   Thumb Code   144  uart_irq.o(i.uart_irq_init)
    uart_put_char                            0x10002891   Thumb Code    42  uart_polling.o(i.uart_put_char)
    uart_put_string                          0x100028c5   Thumb Code    38  uart_polling.o(i.uart_put_string)
    update_ae_xtest                          0x10002941   Thumb Code    18  ae_tasks200_g99.o(i.update_ae_xtest)
    update_exec_seq                          0x10002959   Thumb Code    64  ae_tasks200_g99.o(i.update_exec_seq)
    PREFIX                                   0x10002a1c   Data          10  ae_tasks200_g99.o(.constdata)
    PREFIX_LOG                               0x10002a26   Data          14  ae_tasks200_g99.o(.constdata)
    PREFIX_LOG2                              0x10002a34   Data          15  ae_tasks200_g99.o(.constdata)
    Region$$Table$$Base                      0x10002a44   Number         0  anon$$obj.o(Region$$Table)
    Region$$Table$$Limit                     0x10002a64   Number         0  anon$$obj.o(Region$$Table)
    g_buffer                                 0x10003000   Data          16  uart_irq.o(.data)
    g_send_char                              0x10003014   Data           1  uart_irq.o(.data)
    g_char_in                                0x10003015   Data           1  uart_irq.o(.data)
    g_tx_irq                                 0x10003016   Data           1  uart_irq.o(.data)
    g_switch_flag                            0x10003017   Data           1  uart_irq.o(.data)
    g_timer_count                            0x10003018   Data           4  timer.o(.data)
    errno                                    0x1000301c   Data           4  k_rtx_init.o(.data)
    null_usp                                 0x10003020   Data           4  k_rtx_init.o(.data)
    gp_current_task                          0x10003024   Data           4  k_task.o(.data)
    g_num_active_tasks                       0x10003028   Data           4  k_task.o(.data)
    g_k_stacks                               0x10003048   Data       10240  k_mem.o(.bss)
    bitArray_1                               0x10005848   Data          32  k_mem.o(.bss)
    bitArray_2                               0x10005868   Data         256  k_mem.o(.bss)
    arr_freeLists_1                          0x10005968   Data          32  k_mem.o(.bss)
    arr_freeLists_2                          0x10005988   Data          44  k_mem.o(.bss)
    mpools                                   0x100059b4   Data          16  k_mem.o(.bss)
    g_tcbs                                   0x100059c4   Data         400  k_task.o(.bss)
    priority_queue                           0x10005b54   Data          32  k_task.o(.bss)
    __libspace_start                         0x10005b74   Data          96  libspace.o(.bss)
    __temporary_stack_top$libspace           0x10005bd4   Data           0  libspace.o(.bss)
    g_init_tasks                             0x10005bd4   Data          24  ae_tasks200_g99.o(.bss)
    g_ae_xtest                               0x10005bec   Data         132  ae_tasks200_g99.o(.bss)
    g_ae_cases                               0x10005c70   Data          16  ae_tasks200_g99.o(.bss)
    g_tsk_cases                              0x10005c80   Data         144  ae_tasks200_g99.o(.bss)



==============================================================================

Memory Map of the image

  Image Entry point : 0x100000cd

  Load Region LR_IROM1 (Base: 0x10000000, Size: 0x00002aa8, Max: 0x00003000, ABSOLUTE)

    Execution Region ER_IROM1 (Exec base: 0x10000000, Load base: 0x10000000, Size: 0x00002a64, Max: 0x00003000, ABSOLUTE)

    Exec Addr    Load Addr    Size         Type   Attr      Idx    E Section Name        Object

    0x10000000   0x10000000   0x000000cc   Data   RO          918    RESET               startup_lpc17xx.o
    0x100000cc   0x100000cc   0x00000008   Code   RO          965  * !!!main             c_w.l(__main.o)
    0x100000d4   0x100000d4   0x00000034   Code   RO         1394    !!!scatter          c_w.l(__scatter.o)
    0x10000108   0x10000108   0x0000001a   Code   RO         1396    !!handler_copy      c_w.l(__scatter_copy.o)
    0x10000122   0x10000122   0x00000002   PAD
    0x10000124   0x10000124   0x0000001c   Code   RO         1398    !!handler_zi        c_w.l(__scatter_zi.o)
    0x10000140   0x10000140   0x00000002   Code   RO         1062    .ARM.Collect$$libinit$$00000000  c_w.l(libinit.o)
    0x10000142   0x10000142   0x00000000   Code   RO         1111    .ARM.Collect$$libinit$$00000002  c_w.l(libinit2.o)
    0x10000142   0x10000142   0x00000000   Code   RO         1113    .ARM.Collect$$libinit$$00000004  c_w.l(libinit2.o)
    0x10000142   0x10000142   0x00000000   Code   RO         1116    .ARM.Collect$$libinit$$0000000A  c_w.l(libinit2.o)
    0x10000142   0x10000142   0x00000000   Code   RO         1118    .ARM.Collect$$libinit$$0000000C  c_w.l(libinit2.o)
    0x10000142   0x10000142   0x00000000   Code   RO         1120    .ARM.Collect$$libinit$$0000000E  c_w.l(libinit2.o)
    0x10000142   0x10000142   0x00000000   Code   RO         1123    .ARM.Collect$$libinit$$00000011  c_w.l(libinit2.o)
    0x10000142   0x10000142   0x00000000   Code   RO         1125    .ARM.Collect$$libinit$$00000013  c_w.l(libinit2.o)
    0x10000142   0x10000142   0x00000000   Code   RO         1127    .ARM.Collect$$libinit$$00000015  c_w.l(libinit2.o)
    0x10000142   0x10000142   0x00000000   Code   RO         1129    .ARM.Collect$$libinit$$00000017  c_w.l(libinit2.o)
    0x10000142   0x10000142   0x00000000   Code   RO         1131    .ARM.Collect$$libinit$$00000019  c_w.l(libinit2.o)
    0x10000142   0x10000142   0x00000000   Code   RO         1133    .ARM.Collect$$libinit$$0000001B  c_w.l(libinit2.o)
    0x10000142   0x10000142   0x00000000   Code   RO         1135    .ARM.Collect$$libinit$$0000001D  c_w.l(libinit2.o)
    0x10000142   0x10000142   0x00000000   Code   RO         1137    .ARM.Collect$$libinit$$0000001F  c_w.l(libinit2.o)
    0x10000142   0x10000142   0x00000000   Code   RO         1139    .ARM.Collect$$libinit$$00000021  c_w.l(libinit2.o)
    0x10000142   0x10000142   0x00000000   Code   RO         1141    .ARM.Collect$$libinit$$00000023  c_w.l(libinit2.o)
    0x10000142   0x10000142   0x00000000   Code   RO         1143    .ARM.Collect$$libinit$$00000025  c_w.l(libinit2.o)
    0x10000142   0x10000142   0x00000000   Code   RO         1147    .ARM.Collect$$libinit$$0000002C  c_w.l(libinit2.o)
    0x10000142   0x10000142   0x00000000   Code   RO         1149    .ARM.Collect$$libinit$$0000002E  c_w.l(libinit2.o)
    0x10000142   0x10000142   0x00000000   Code   RO         1151    .ARM.Collect$$libinit$$00000030  c_w.l(libinit2.o)
    0x10000142   0x10000142   0x00000000   Code   RO         1153    .ARM.Collect$$libinit$$00000032  c_w.l(libinit2.o)
    0x10000142   0x10000142   0x00000002   Code   RO         1154    .ARM.Collect$$libinit$$00000033  c_w.l(libinit2.o)
    0x10000144   0x10000144   0x00000002   Code   RO         1349    .ARM.Collect$$libshutdown$$00000000  c_w.l(libshutdown.o)
    0x10000146   0x10000146   0x00000000   Code   RO         1375    .ARM.Collect$$libshutdown$$00000002  c_w.l(libshutdown2.o)
    0x10000146   0x10000146   0x00000000   Code   RO         1377    .ARM.Collect$$libshutdown$$00000004  c_w.l(libshutdown2.o)
    0x10000146   0x10000146   0x00000000   Code   RO         1379    .ARM.Collect$$libshutdown$$00000006  c_w.l(libshutdown2.o)
    0x10000146   0x10000146   0x00000000   Code   RO         1382    .ARM.Collect$$libshutdown$$00000009  c_w.l(libshutdown2.o)
    0x10000146   0x10000146   0x00000000   Code   RO         1385    .ARM.Collect$$libshutdown$$0000000C  c_w.l(libshutdown2.o)
    0x10000146   0x10000146   0x00000000   Code   RO         1387    .ARM.Collect$$libshutdown$$0000000E  c_w.l(libshutdown2.o)
    0x10000146   0x10000146   0x00000000   Code   RO         1390    .ARM.Collect$$libshutdown$$00000011  c_w.l(libshutdown2.o)
    0x10000146   0x10000146   0x00000002   Code   RO         1391    .ARM.Collect$$libshutdown$$00000012  c_w.l(libshutdown2.o)
    0x10000148   0x10000148   0x00000000   Code   RO          967    .ARM.Collect$$rtentry$$00000000  c_w.l(__rtentry.o)
    0x10000148   0x10000148   0x00000000   Code   RO          973    .ARM.Collect$$rtentry$$00000002  c_w.l(__rtentry2.o)
    0x10000148   0x10000148   0x00000006   Code   RO          985    .ARM.Collect$$rtentry$$00000004  c_w.l(__rtentry4.o)
    0x1000014e   0x1000014e   0x00000000   Code   RO          975    .ARM.Collect$$rtentry$$00000009  c_w.l(__rtentry2.o)
    0x1000014e   0x1000014e   0x00000004   Code   RO          976    .ARM.Collect$$rtentry$$0000000A  c_w.l(__rtentry2.o)
    0x10000152   0x10000152   0x00000000   Code   RO          978    .ARM.Collect$$rtentry$$0000000C  c_w.l(__rtentry2.o)
    0x10000152   0x10000152   0x00000008   Code   RO          979    .ARM.Collect$$rtentry$$0000000D  c_w.l(__rtentry2.o)
    0x1000015a   0x1000015a   0x00000002   Code   RO         1102    .ARM.Collect$$rtexit$$00000000  c_w.l(rtexit.o)
    0x1000015c   0x1000015c   0x00000000   Code   RO         1258    .ARM.Collect$$rtexit$$00000002  c_w.l(rtexit2.o)
    0x1000015c   0x1000015c   0x00000004   Code   RO         1259    .ARM.Collect$$rtexit$$00000003  c_w.l(rtexit2.o)
    0x10000160   0x10000160   0x00000006   Code   RO         1260    .ARM.Collect$$rtexit$$00000004  c_w.l(rtexit2.o)
    0x10000166   0x10000166   0x00000002   PAD
    0x10000168   0x10000168   0x00000008   Code   RO          241    .emb_text           hal.o
    0x10000170   0x10000170   0x00000032   Code   RO          522    .emb_text           k_task.o
    0x100001a2   0x100001a2   0x00000002   PAD
    0x100001a4   0x100001a4   0x0000003c   Code   RO          919    .text               startup_lpc17xx.o
    0x100001e0   0x100001e0   0x00000006   Code   RO          963    .text               c_w.l(heapauxi.o)
    0x100001e6   0x100001e6   0x0000004a   Code   RO         1049    .text               c_w.l(sys_stackheap_outer.o)
    0x10000230   0x10000230   0x00000012   Code   RO         1051    .text               c_w.l(exit.o)
    0x10000242   0x10000242   0x00000002   PAD
    0x10000244   0x10000244   0x00000008   Code   RO         1099    .text               c_w.l(libspace.o)
    0x1000024c   0x1000024c   0x0000000c   Code   RO         1255    .text               c_w.l(sys_exit.o)
    0x10000258   0x10000258   0x00000002   Code   RO         1338    .text               c_w.l(use_no_semi.o)
    0x1000025a   0x1000025a   0x00000000   Code   RO         1340    .text               c_w.l(indicate_semi.o)
    0x1000025a   0x1000025a   0x00000002   PAD
    0x1000025c   0x1000025c   0x00000030   Code   RO         1272    i.HardFault_Handler  ae-lib-ram.lib(ae_util.o)
    0x1000028c   0x1000028c   0x00000128   Code   RO          242    i.SVC_Handler       hal.o
    0x100003b4   0x100003b4   0x00000140   Code   RO          927    i.SystemInit        system_lpc17xx.o
    0x100004f4   0x100004f4   0x00000018   Code   RO          189    i.TIMER0_IRQHandler  timer.o
    0x1000050c   0x1000050c   0x00000080   Code   RO           87    i.UART0_IRQHandler  uart_irq.o
    0x1000058c   0x1000058c   0x00000022   Code   RO           88    i.__NVIC_EnableIRQ  uart_irq.o
    0x100005ae   0x100005ae   0x00000002   PAD
    0x100005b0   0x100005b0   0x00000028   Code   RO           89    i.__NVIC_SetPriority  uart_irq.o
    0x100005d8   0x100005d8   0x00000032   Code   RO          784    i.a2d               printf.o
    0x1000060a   0x1000060a   0x0000003a   Code   RO          785    i.a2i               printf.o
    0x10000644   0x10000644   0x00000078   Code   RO          303    i.add_node          k_mem.o
    0x100006bc   0x100006bc   0x00000004   Code   RO         1063    i.ae_exit           ae-lib-ram.lib(ae.o)
    0x100006c0   0x100006c0   0x00000030   Code   RO         1064    i.ae_init           ae-lib-ram.lib(ae.o)
    0x100006f0   0x100006f0   0x00000016   Code   RO         1065    i.ae_set_init_tasks_info  ae-lib-ram.lib(ae.o)
    0x10000706   0x10000706   0x00000016   Code   RO         1066    i.ae_set_sys_info   ae-lib-ram.lib(ae.o)
    0x1000071c   0x1000071c   0x00000022   Code   RO          689    i.compute_block_address  tree.o
    0x1000073e   0x1000073e   0x00000010   Code   RO          690    i.compute_block_size  tree.o
    0x1000074e   0x1000074e   0x00000012   Code   RO         1273    i.count_set_bits    ae-lib-ram.lib(ae_util.o)
    0x10000760   0x10000760   0x00000068   Code   RO          304    i.delete_node       k_mem.o
    0x100007c8   0x100007c8   0x00000038   Code   RO          691    i.find_buddy        tree.o
    0x10000800   0x10000800   0x00000036   Code   RO          692    i.find_k_and_x_from_pos  tree.o
    0x10000836   0x10000836   0x00000020   Code   RO          693    i.find_left_child   tree.o
    0x10000856   0x10000856   0x00000038   Code   RO          694    i.find_parent       tree.o
    0x1000088e   0x1000088e   0x0000001a   Code   RO          695    i.find_pos_from_k_and_x  tree.o
    0x100008a8   0x100008a8   0x00000058   Code   RO         1155    i.gen_req0          ae-lib-ram.lib(ae_tasks200_g99.o)
    0x10000900   0x10000900   0x00000048   Code   RO         1156    i.gen_req1          ae-lib-ram.lib(ae_tasks200_g99.o)
    0x10000948   0x10000948   0x0000002c   Code   RO          523    i.getAvailableTCB   k_task.o
    0x10000974   0x10000974   0x0000002a   Code   RO          696    i.get_bit           tree.o
    0x1000099e   0x1000099e   0x00000008   Code   RO          524    i.get_index         k_task.o
    0x100009a6   0x100009a6   0x0000000c   Code   RO          305    i.get_max_h         k_mem.o
    0x100009b2   0x100009b2   0x00000010   Code   RO          306    i.get_size          k_mem.o
    0x100009c2   0x100009c2   0x00000002   PAD
    0x100009c4   0x100009c4   0x00000014   Code   RO          307    i.get_start         k_mem.o
    0x100009d8   0x100009d8   0x00000020   Code   RO          786    i.i2a               printf.o
    0x100009f8   0x100009f8   0x0000007c   Code   RO         1157    i.init_ae_tsk_test  ae-lib-ram.lib(ae_tasks200_g99.o)
    0x10000a74   0x10000a74   0x00000014   Code   RO          787    i.init_printf       printf.o
    0x10000a88   0x10000a88   0x0000003c   Code   RO          525    i.insert_back_queue  k_task.o
    0x10000ac4   0x10000ac4   0x00000038   Code   RO          526    i.insert_front_queue  k_task.o
    0x10000afc   0x10000afc   0x0000002c   Code   RO          308    i.k_alloc_k_stack   k_mem.o
    0x10000b28   0x10000b28   0x00000006   Code   RO          407    i.k_mbx_create      k_msg.o
    0x10000b2e   0x10000b2e   0x00000006   Code   RO          408    i.k_mbx_get         k_msg.o
    0x10000b34   0x10000b34   0x00000006   Code   RO          409    i.k_mbx_ls          k_msg.o
    0x10000b3a   0x10000b3a   0x00000002   PAD
    0x10000b3c   0x10000b3c   0x00000040   Code   RO          309    i.k_mem_init        k_mem.o
    0x10000b7c   0x10000b7c   0x0000012c   Code   RO          310    i.k_mpool_alloc     k_mem.o
    0x10000ca8   0x10000ca8   0x00000130   Code   RO          311    i.k_mpool_create    k_mem.o
    0x10000dd8   0x10000dd8   0x0000016c   Code   RO          312    i.k_mpool_dealloc   k_mem.o
    0x10000f44   0x10000f44   0x0000005c   Code   RO          313    i.k_mpool_dump      k_mem.o
    0x10000fa0   0x10000fa0   0x00000040   Code   RO          470    i.k_pre_rtx_init    k_rtx_init.o
    0x10000fe0   0x10000fe0   0x00000006   Code   RO          410    i.k_recv_msg        k_msg.o
    0x10000fe6   0x10000fe6   0x00000006   Code   RO          411    i.k_recv_msg_nb     k_msg.o
    0x10000fec   0x10000fec   0x0000001a   Code   RO          527    i.k_rt_tsk_get      k_task.o
    0x10001006   0x10001006   0x00000006   Code   RO          528    i.k_rt_tsk_set      k_task.o
    0x1000100c   0x1000100c   0x00000004   Code   RO          529    i.k_rt_tsk_susp     k_task.o
    0x10001010   0x10001010   0x00000074   Code   RO          471    i.k_rtx_init        k_rtx_init.o
    0x10001084   0x10001084   0x00000006   Code   RO          412    i.k_send_msg        k_msg.o
    0x1000108a   0x1000108a   0x00000006   Code   RO          413    i.k_send_msg_nb     k_msg.o
    0x10001090   0x10001090   0x000000e8   Code   RO          530    i.k_tsk_create      k_task.o
    0x10001178   0x10001178   0x00000100   Code   RO          531    i.k_tsk_create_new  k_task.o
    0x10001278   0x10001278   0x0000007c   Code   RO          532    i.k_tsk_exit        k_task.o
    0x100012f4   0x100012f4   0x00000098   Code   RO          533    i.k_tsk_get         k_task.o
    0x1000138c   0x1000138c   0x00000010   Code   RO          534    i.k_tsk_gettid      k_task.o
    0x1000139c   0x1000139c   0x000000ec   Code   RO          535    i.k_tsk_init        k_task.o
    0x10001488   0x10001488   0x0000001c   Code   RO          536    i.k_tsk_init_first  k_task.o
    0x100014a4   0x100014a4   0x00000064   Code   RO          537    i.k_tsk_ls          k_task.o
    0x10001508   0x10001508   0x00000058   Code   RO          538    i.k_tsk_run_new     k_task.o
    0x10001560   0x10001560   0x0000012c   Code   RO          539    i.k_tsk_set_prio    k_task.o
    0x1000168c   0x1000168c   0x00000048   Code   RO          540    i.k_tsk_yield       k_task.o
    0x100016d4   0x100016d4   0x0000001c   Code   RO          764    i.log_ceil          log.o
    0x100016f0   0x100016f0   0x0000002c   Code   RO          765    i.log_floor         log.o
    0x1000171c   0x1000171c   0x00000068   Code   RO          991    i.main              ae-lib-ram.lib(main.o)
    0x10001784   0x10001784   0x00000058   Code   RO          541    i.pop_head_tcb      k_task.o
    0x100017dc   0x100017dc   0x00000038   Code   RO          314    i.pop_node          k_mem.o
    0x10001814   0x10001814   0x00000080   Code   RO          542    i.pop_tid_tcb       k_task.o
    0x10001894   0x10001894   0x00000012   Code   RO          697    i.power_two         tree.o
    0x100018a6   0x100018a6   0x00000002   PAD
    0x100018a8   0x100018a8   0x0000005c   Code   RO          315    i.print_list        k_mem.o
    0x10001904   0x10001904   0x00000070   Code   RO         1274    i.print_log         ae-lib-ram.lib(ae_util.o)
    0x10001974   0x10001974   0x00000120   Code   RO         1275    i.print_results     ae-lib-ram.lib(ae_util.o)
    0x10001a94   0x10001a94   0x0000002c   Code   RO         1276    i.print_summary     ae-lib-ram.lib(ae_util.o)
    0x10001ac0   0x10001ac0   0x0000015c   Code   RO         1158    i.priv_task1        ae-lib-ram.lib(ae_tasks200_g99.o)
    0x10001c1c   0x10001c1c   0x00000038   Code   RO         1277    i.process_sub_result  ae-lib-ram.lib(ae_util.o)
    0x10001c54   0x10001c54   0x00000044   Code   RO            4    i.putc              uart_polling.o
    0x10001c98   0x10001c98   0x00000052   Code   RO          788    i.putchw            printf.o
    0x10001cea   0x10001cea   0x0000000a   Code   RO          789    i.putcp             printf.o
    0x10001cf4   0x10001cf4   0x0000003c   Code   RO          544    i.scheduler         k_task.o
    0x10001d30   0x10001d30   0x0000001c   Code   RO         1159    i.set_ae_init_tasks  ae-lib-ram.lib(ae_tasks200_g99.o)
    0x10001d4c   0x10001d4c   0x00000058   Code   RO         1160    i.set_ae_tasks      ae-lib-ram.lib(ae_tasks200_g99.o)
    0x10001da4   0x10001da4   0x00000026   Code   RO          698    i.set_bit_off       tree.o
    0x10001dca   0x10001dca   0x00000026   Code   RO          699    i.set_bit_on        tree.o
    0x10001df0   0x10001df0   0x00000020   Code   RO         1278    i.strcpy            ae-lib-ram.lib(ae_util.o)
    0x10001e10   0x10001e10   0x00000168   Code   RO         1161    i.task1             ae-lib-ram.lib(ae_tasks200_g99.o)
    0x10001f78   0x10001f78   0x00000128   Code   RO         1162    i.task2             ae-lib-ram.lib(ae_tasks200_g99.o)
    0x100020a0   0x100020a0   0x0000012c   Code   RO         1163    i.task3             ae-lib-ram.lib(ae_tasks200_g99.o)
    0x100021cc   0x100021cc   0x00000006   Code   RO          880    i.task_null         null_task.o
    0x100021d2   0x100021d2   0x00000002   PAD
    0x100021d4   0x100021d4   0x00000130   Code   RO         1164    i.test0_start       ae-lib-ram.lib(ae_tasks200_g99.o)
    0x10002304   0x10002304   0x00000274   Code   RO         1165    i.test1_start       ae-lib-ram.lib(ae_tasks200_g99.o)
    0x10002578   0x10002578   0x0000006c   Code   RO         1279    i.test_abort        ae-lib-ram.lib(ae_util.o)
    0x100025e4   0x100025e4   0x00000024   Code   RO         1280    i.test_exit         ae-lib-ram.lib(ae_util.o)
    0x10002608   0x10002608   0x00000128   Code   RO          790    i.tfp_format        printf.o
    0x10002730   0x10002730   0x0000002c   Code   RO          791    i.tfp_printf        printf.o
    0x1000275c   0x1000275c   0x0000002c   Code   RO          792    i.tfp_sprintf       printf.o
    0x10002788   0x10002788   0x0000006c   Code   RO            6    i.uart_init         uart_polling.o
    0x100027f4   0x100027f4   0x0000009c   Code   RO           90    i.uart_irq_init     uart_irq.o
    0x10002890   0x10002890   0x00000034   Code   RO            7    i.uart_put_char     uart_polling.o
    0x100028c4   0x100028c4   0x00000026   Code   RO            8    i.uart_put_string   uart_polling.o
    0x100028ea   0x100028ea   0x00000056   Code   RO          793    i.ui2a              printf.o
    0x10002940   0x10002940   0x00000018   Code   RO         1166    i.update_ae_xtest   ae-lib-ram.lib(ae_tasks200_g99.o)
    0x10002958   0x10002958   0x00000044   Code   RO         1167    i.update_exec_seq   ae-lib-ram.lib(ae_tasks200_g99.o)
    0x1000299c   0x1000299c   0x00000080   Data   RO          766    .constdata          log.o
    0x10002a1c   0x10002a1c   0x00000027   Data   RO         1169    .constdata          ae-lib-ram.lib(ae_tasks200_g99.o)
    0x10002a43   0x10002a43   0x00000001   PAD
    0x10002a44   0x10002a44   0x00000020   Data   RO         1392    Region$$Table       anon$$obj.o


    Execution Region RW_IRAM1 (Exec base: 0x10003000, Load base: 0x10002a64, Size: 0x00002f10, Max: 0x00004000, ABSOLUTE)

    Exec Addr    Load Addr    Size         Type   Attr      Idx    E Section Name        Object

    0x10003000   0x10002a64   0x00000018   Data   RW           92    .data               uart_irq.o
    0x10003018   0x10002a7c   0x00000004   Data   RW          193    .data               timer.o
    0x1000301c   0x10002a80   0x00000008   Data   RW          473    .data               k_rtx_init.o
    0x10003024   0x10002a88   0x00000008   Data   RW          547    .data               k_task.o
    0x1000302c   0x10002a90   0x00000008   Data   RW          794    .data               printf.o
    0x10003034   0x10002a98   0x00000010   Data   RW          992    .data               ae-lib-ram.lib(main.o)
    0x10003044   0x10002aa8   0x00000004   PAD
    0x10003048        -       0x0000297c   Zero   RW          316    .bss                k_mem.o
    0x100059c4        -       0x000001b0   Zero   RW          545    .bss                k_task.o
    0x10005b74        -       0x00000060   Zero   RW         1100    .bss                c_w.l(libspace.o)
    0x10005bd4        -       0x0000013c   Zero   RW         1168    .bss                ae-lib-ram.lib(ae_tasks200_g99.o)
    0x10005d10        -       0x00000000   Zero   RW          917    HEAP                startup_lpc17xx.o
    0x10005d10        -       0x00000200   Zero   RW          916    STACK               startup_lpc17xx.o


==============================================================================

Image component sizes


      Code (inc. data)   RO Data    RW Data    ZI Data      Debug   Object Name

       304         24          0          0          0       6294   hal.o
      1588        152          0          0      10620      10165   k_mem.o
        42          0          0          0          0       4136   k_msg.o
       180         12          0          8          0       5963   k_rtx_init.o
      2134        176          0          8        432      20694   k_task.o
        72          8        128          0          0       1339   log.o
         6          0          0          0          0        444   null_task.o
       722         26          0          8          0       6970   printf.o
        60         22        204          0        512        836   startup_lpc17xx.o
       320         18          0          0          0        621   system_lpc17xx.o
        24          4          0          4          0       1592   timer.o
       410          0          0          0          0       7559   tree.o
       358         44          0         24          0       6847   uart_irq.o
       266         62          0          0          0      24501   uart_polling.o

    ----------------------------------------------------------------------
      6498        548        364         52      11564      97961   Object Totals
         0          0         32          0          0          0   (incl. Generated)
        12          0          0          0          0          0   (incl. Padding)

    ----------------------------------------------------------------------

      Code (inc. data)   RO Data    RW Data    ZI Data      Debug   Library Member Name

        96          0          0          0          0       5159   ae.o
      2728       1116         39          0        316      11040   ae_tasks200_g99.o
       742        390          0          0          0       6142   ae_util.o
       104         20          0         16          0       5047   main.o
         8          0          0          0          0         68   __main.o
         0          0          0          0          0          0   __rtentry.o
        12          0          0          0          0          0   __rtentry2.o
         6          0          0          0          0          0   __rtentry4.o
        52          8          0          0          0          0   __scatter.o
        26          0          0          0          0          0   __scatter_copy.o
        28          0          0          0          0          0   __scatter_zi.o
        18          0          0          0          0         80   exit.o
         6          0          0          0          0        152   heapauxi.o
         0          0          0          0          0          0   indicate_semi.o
         2          0          0          0          0          0   libinit.o
         2          0          0          0          0          0   libinit2.o
         2          0          0          0          0          0   libshutdown.o
         2          0          0          0          0          0   libshutdown2.o
         8          4          0          0         96         68   libspace.o
         2          0          0          0          0          0   rtexit.o
        10          0          0          0          0          0   rtexit2.o
        12          4          0          0          0         68   sys_exit.o
        74          0          0          0          0         80   sys_stackheap_outer.o
         2          0          0          0          0         68   use_no_semi.o

    ----------------------------------------------------------------------
      3950       1542         40         16        416      27972   Library Totals
         8          0          1          0          4          0   (incl. Padding)

    ----------------------------------------------------------------------

      Code (inc. data)   RO Data    RW Data    ZI Data      Debug   Library Name

      3670       1526         39         16        316      27388   ae-lib-ram.lib
       272         16          0          0         96        584   c_w.l

    ----------------------------------------------------------------------
      3950       1542         40         16        416      27972   Library Totals

    ----------------------------------------------------------------------

==============================================================================


      Code (inc. data)   RO Data    RW Data    ZI Data      Debug   

     10448       2090        404         68      11980     120469   Grand Totals
     10448       2090        404         68      11980     120469   ELF Image Totals
     10448       2090        404         68          0          0   ROM Totals

==============================================================================

    Total RO  Size (Code + RO Data)                10852 (  10.60kB)
    Total RW  Size (RW Data + ZI Data)             12048 (  11.77kB)
    Total ROM Size (Code + RO Data + RW Data)      10920 (  10.66kB)

==============================================================================

