Component: ARM Compiler 5.06 update 7 (build 960) Tool: armlink [4d3601]

==============================================================================

Section Cross References

    uart_polling.o(i.putc) refers to uart_polling.o(i.uart_put_string) for uart_put_string
    uart_polling.o(i.putc) refers to uart_polling.o(i.uart_put_char) for uart_put_char
    uart_polling.o(i.uart_put_string) refers to uart_polling.o(i.uart_put_char) for uart_put_char
    uart_irq.o(i.UART0_IRQHandler) refers to uart_irq.o(.data) for g_send_char
    uart_irq.o(i.uart_irq_init) refers to uart_irq.o(i.__NVIC_EnableIRQ) for __NVIC_EnableIRQ
    timer.o(i.TIMER0_IRQHandler) refers to timer.o(.data) for g_timer_count
    timer.o(i.timer_irq_init) refers to timer.o(.data) for g_timer_count
    hal.o(i.SVC_Handler) refers to k_rtx_init.o(i.k_rtx_init) for k_rtx_init
    hal.o(i.SVC_Handler) refers to k_mem.o(i.k_mpool_alloc) for k_mpool_alloc
    hal.o(i.SVC_Handler) refers to k_mem.o(i.k_mpool_dealloc) for k_mpool_dealloc
    hal.o(i.SVC_Handler) refers to k_mem.o(i.k_mpool_dump) for k_mpool_dump
    hal.o(i.SVC_Handler) refers to k_task.o(i.k_tsk_create) for k_tsk_create
    hal.o(i.SVC_Handler) refers to k_task.o(i.k_tsk_exit) for k_tsk_exit
    hal.o(i.SVC_Handler) refers to k_task.o(i.k_tsk_yield) for k_tsk_yield
    hal.o(i.SVC_Handler) refers to k_task.o(i.k_tsk_set_prio) for k_tsk_set_prio
    hal.o(i.SVC_Handler) refers to k_task.o(i.k_tsk_get) for k_tsk_get
    hal.o(i.SVC_Handler) refers to k_task.o(i.k_tsk_gettid) for k_tsk_gettid
    hal.o(i.SVC_Handler) refers to k_task.o(i.k_tsk_ls) for k_tsk_ls
    hal.o(i.SVC_Handler) refers to k_msg.o(i.k_mbx_create) for k_mbx_create
    hal.o(i.SVC_Handler) refers to k_msg.o(i.k_send_msg) for k_send_msg
    hal.o(i.SVC_Handler) refers to k_msg.o(i.k_send_msg_nb) for k_send_msg_nb
    hal.o(i.SVC_Handler) refers to k_msg.o(i.k_recv_msg) for k_recv_msg
    hal.o(i.SVC_Handler) refers to k_msg.o(i.k_recv_msg_nb) for k_recv_msg_nb
    hal.o(i.SVC_Handler) refers to k_msg.o(i.k_mbx_ls) for k_mbx_ls
    hal.o(i.SVC_Handler) refers to k_msg.o(i.k_mbx_get) for k_mbx_get
    hal.o(i.SVC_Handler) refers to k_task.o(i.k_rt_tsk_set) for k_rt_tsk_set
    hal.o(i.SVC_Handler) refers to k_task.o(i.k_rt_tsk_susp) for k_rt_tsk_susp
    hal.o(i.SVC_Handler) refers to k_task.o(i.k_rt_tsk_get) for k_rt_tsk_get
    k_mem.o(i.add_node) refers to k_mem.o(.bss) for mpools
    k_mem.o(i.delete_node) refers to k_mem.o(.bss) for mpools
    k_mem.o(i.k_alloc_k_stack) refers to k_rtx_init.o(.data) for errno
    k_mem.o(i.k_alloc_k_stack) refers to k_mem.o(.bss) for g_k_stacks
    k_mem.o(i.k_alloc_p_stack) refers to k_rtx_init.o(.data) for errno
    k_mem.o(i.k_alloc_p_stack) refers to k_mem.o(.bss) for g_p_stacks
    k_mem.o(i.k_mem_init) refers to k_mem.o(i.k_mpool_create) for k_mpool_create
    k_mem.o(i.k_mpool_alloc) refers to k_mem.o(i.get_size) for get_size
    k_mem.o(i.k_mpool_alloc) refers to log.o(i.log_ceil) for log_ceil
    k_mem.o(i.k_mpool_alloc) refers to k_mem.o(i.get_max_k) for get_max_k
    k_mem.o(i.k_mpool_alloc) refers to k_mem.o(i.pop_node) for pop_node
    k_mem.o(i.k_mpool_alloc) refers to tree.o(i.set_bit_on) for set_bit_on
    k_mem.o(i.k_mpool_alloc) refers to k_mem.o(i.get_start) for get_start
    k_mem.o(i.k_mpool_alloc) refers to tree.o(i.compute_block_address) for compute_block_address
    k_mem.o(i.k_mpool_alloc) refers to tree.o(i.find_left_child) for find_left_child
    k_mem.o(i.k_mpool_alloc) refers to k_mem.o(i.add_node) for add_node
    k_mem.o(i.k_mpool_alloc) refers to k_mem.o(.bss) for mpools
    k_mem.o(i.k_mpool_alloc) refers to k_rtx_init.o(.data) for errno
    k_mem.o(i.k_mpool_create) refers to k_mem.o(i.get_size) for get_size
    k_mem.o(i.k_mpool_create) refers to k_mem.o(i.get_max_k) for get_max_k
    k_mem.o(i.k_mpool_create) refers to k_mem.o(i.add_node) for add_node
    k_mem.o(i.k_mpool_create) refers to k_rtx_init.o(.data) for errno
    k_mem.o(i.k_mpool_create) refers to k_mem.o(.bss) for bitArray_1
    k_mem.o(i.k_mpool_dealloc) refers to k_mem.o(i.get_max_k) for get_max_k
    k_mem.o(i.k_mpool_dealloc) refers to k_mem.o(i.get_start) for get_start
    k_mem.o(i.k_mpool_dealloc) refers to k_mem.o(i.get_size) for get_size
    k_mem.o(i.k_mpool_dealloc) refers to tree.o(i.compute_block_size) for compute_block_size
    k_mem.o(i.k_mpool_dealloc) refers to tree.o(i.get_bit) for get_bit
    k_mem.o(i.k_mpool_dealloc) refers to k_mem.o(i.add_node) for add_node
    k_mem.o(i.k_mpool_dealloc) refers to tree.o(i.set_bit_off) for set_bit_off
    k_mem.o(i.k_mpool_dealloc) refers to tree.o(i.find_buddy) for find_buddy
    k_mem.o(i.k_mpool_dealloc) refers to k_mem.o(i.delete_node) for delete_node
    k_mem.o(i.k_mpool_dealloc) refers to tree.o(i.find_parent) for find_parent
    k_mem.o(i.k_mpool_dealloc) refers to tree.o(i.compute_block_address) for compute_block_address
    k_mem.o(i.k_mpool_dealloc) refers to k_rtx_init.o(.data) for errno
[...]
    __rtentry2.o(.ARM.exidx) refers to __rtentry2.o(.ARM.Collect$$rtentry$$00000001) for .ARM.Collect$$rtentry$$00000001
    __rtentry2.o(.ARM.exidx) refers to __rtentry2.o(.ARM.Collect$$rtentry$$00000008) for .ARM.Collect$$rtentry$$00000008
    __rtentry2.o(.ARM.exidx) refers to __rtentry2.o(.ARM.Collect$$rtentry$$0000000A) for .ARM.Collect$$rtentry$$0000000A
    __rtentry2.o(.ARM.exidx) refers to __rtentry2.o(.ARM.Collect$$rtentry$$0000000B) for .ARM.Collect$$rtentry$$0000000B
    __rtentry2.o(.ARM.exidx) refers to __rtentry2.o(.ARM.Collect$$rtentry$$0000000D) for .ARM.Collect$$rtentry$$0000000D
    __rtentry4.o(.ARM.Collect$$rtentry$$00000004) refers to sys_stackheap_outer.o(.text) for __user_setup_stackheap
    __rtentry4.o(.ARM.exidx) refers to __rtentry4.o(.ARM.Collect$$rtentry$$00000004) for .ARM.Collect$$rtentry$$00000004
    rt_div0.o(.text) refers to defsig_fpe_outer.o(.text) for __rt_SIGFPE
    main.o(i.main) refers to system_lpc17xx.o(i.SystemInit) for SystemInit
    main.o(i.main) refers to uart_polling.o(i.uart_init) for uart_init
    main.o(i.main) refers to printf.o(i.init_printf) for init_printf
    main.o(i.main) refers to ae.o(i.ae_init) for ae_init
    main.o(i.main) refers to uart_polling.o(i.putc) for putc
    main.o(i.main) refers to main.o(.data) for sys
    main.o(i.main) refers to k_rtx_init.o(i.k_pre_rtx_init) for k_pre_rtx_init
    sys_stackheap_outer.o(.text) refers to libspace.o(.text) for __user_perproc_libspace
    sys_stackheap_outer.o(.text) refers to startup_lpc17xx.o(.text) for __user_initial_stackheap
    exit.o(.text) refers to rtexit.o(.ARM.Collect$$rtexit$$00000000) for __rt_exit
    defsig_fpe_outer.o(.text) refers to defsig_fpe_inner.o(.text) for __rt_SIGFPE_inner
    defsig_fpe_outer.o(.text) refers to defsig_exit.o(.text) for __sig_exit
    defsig_fpe_formal.o(.text) refers to rt_raise.o(.text) for __rt_raise
    libinit.o(.ARM.Collect$$libinit$$00000000) refers (Special) to libinit2.o(.ARM.Collect$$libinit$$0000002E) for __rt_lib_init_alloca_1
    libinit.o(.ARM.Collect$$libinit$$00000000) refers (Special) to libinit2.o(.ARM.Collect$$libinit$$0000002C) for __rt_lib_init_argv_1
    libinit.o(.ARM.Collect$$libinit$$00000000) refers (Special) to libinit2.o(.ARM.Collect$$libinit$$0000001B) for __rt_lib_init_atexit_1
    libinit.o(.ARM.Collect$$libinit$$00000000) refers (Special) to libinit2.o(.ARM.Collect$$libinit$$00000021) for __rt_lib_init_clock_1
    libinit.o(.ARM.Collect$$libinit$$00000000) refers (Special) to libinit2.o(.ARM.Collect$$libinit$$00000032) for __rt_lib_init_cpp_1
    libinit.o(.ARM.Collect$$libinit$$00000000) refers (Special) to libinit2.o(.ARM.Collect$$libinit$$00000030) for __rt_lib_init_exceptions_1
    libinit.o(.ARM.Collect$$libinit$$00000000) refers (Special) to libinit2.o(.ARM.Collect$$libinit$$00000002) for __rt_lib_init_fp_1
    libinit.o(.ARM.Collect$$libinit$$00000000) refers (Special) to libinit2.o(.ARM.Collect$$libinit$$0000001F) for __rt_lib_init_fp_trap_1
    libinit.o(.ARM.Collect$$libinit$$00000000) refers (Special) to libinit2.o(.ARM.Collect$$libinit$$00000023) for __rt_lib_init_getenv_1
    libinit.o(.ARM.Collect$$libinit$$00000000) refers (Special) to libinit2.o(.ARM.Collect$$libinit$$0000000A) for __rt_lib_init_heap_1
    libinit.o(.ARM.Collect$$libinit$$00000000) refers (Special) to libinit2.o(.ARM.Collect$$libinit$$00000011) for __rt_lib_init_lc_collate_1
    libinit.o(.ARM.Collect$$libinit$$00000000) refers (Special) to libinit2.o(.ARM.Collect$$libinit$$00000013) for __rt_lib_init_lc_ctype_1
    libinit.o(.ARM.Collect$$libinit$$00000000) refers (Special) to libinit2.o(.ARM.Collect$$libinit$$00000015) for __rt_lib_init_lc_monetary_1
    libinit.o(.ARM.Collect$$libinit$$00000000) refers (Special) to libinit2.o(.ARM.Collect$$libinit$$00000017) for __rt_lib_init_lc_numeric_1
    libinit.o(.ARM.Collect$$libinit$$00000000) refers (Special) to libinit2.o(.ARM.Collect$$libinit$$00000019) for __rt_lib_init_lc_time_1
    libinit.o(.ARM.Collect$$libinit$$00000000) refers (Special) to libinit2.o(.ARM.Collect$$libinit$$00000004) for __rt_lib_init_preinit_1
    libinit.o(.ARM.Collect$$libinit$$00000000) refers (Special) to libinit2.o(.ARM.Collect$$libinit$$0000000E) for __rt_lib_init_rand_1
    libinit.o(.ARM.Collect$$libinit$$00000000) refers (Special) to libinit2.o(.ARM.Collect$$libinit$$00000033) for __rt_lib_init_return
    libinit.o(.ARM.Collect$$libinit$$00000000) refers (Special) to libinit2.o(.ARM.Collect$$libinit$$0000001D) for __rt_lib_init_signal_1
    libinit.o(.ARM.Collect$$libinit$$00000000) refers (Special) to libinit2.o(.ARM.Collect$$libinit$$00000025) for __rt_lib_init_stdio_1
    libinit.o(.ARM.Collect$$libinit$$00000000) refers (Special) to libinit2.o(.ARM.Collect$$libinit$$0000000C) for __rt_lib_init_user_alloc_1
    ae.o(i.ae_init) refers to ae.o(i.ae_set_sys_info) for ae_set_sys_info
    ae.o(i.ae_init) refers to ae.o(i.ae_set_init_tasks_info) for ae_set_init_tasks_info
    ae.o(i.ae_set_init_tasks_info) refers to ae_mem0_g11.o(i.set_ae_init_tasks) for set_ae_init_tasks
    libspace.o(.text) refers to libspace.o(.bss) for __libspace_start
    rtexit.o(.ARM.Collect$$rtexit$$00000000) refers (Special) to rtexit2.o(.ARM.Collect$$rtexit$$00000004) for __rt_exit_exit
    rtexit.o(.ARM.Collect$$rtexit$$00000000) refers (Special) to rtexit2.o(.ARM.Collect$$rtexit$$00000003) for __rt_exit_ls
    rtexit.o(.ARM.Collect$$rtexit$$00000000) refers (Special) to rtexit2.o(.ARM.Collect$$rtexit$$00000002) for __rt_exit_prels_1
    rtexit.o(.ARM.exidx) refers (Special) to rtexit2.o(.ARM.Collect$$rtexit$$00000004) for __rt_exit_exit
    rtexit.o(.ARM.exidx) refers (Special) to rtexit2.o(.ARM.Collect$$rtexit$$00000003) for __rt_exit_ls
    rtexit.o(.ARM.exidx) refers (Special) to rtexit2.o(.ARM.Collect$$rtexit$$00000002) for __rt_exit_prels_1
    rtexit.o(.ARM.exidx) refers to rtexit.o(.ARM.Collect$$rtexit$$00000000) for .ARM.Collect$$rtexit$$00000000
    rt_raise.o(.text) refers to __raise.o(.text) for __raise
    rt_raise.o(.text) refers to sys_exit.o(.text) for _sys_exit
    defsig_exit.o(.text) refers to sys_exit.o(.text) for _sys_exit
    defsig_fpe_inner.o(.text) refers to defsig_general.o(.text) for __default_signal_display
    libinit2.o(.ARM.Collect$$libinit$$00000010) refers to libinit2.o(.ARM.Collect$$libinit$$0000000F) for .ARM.Collect$$libinit$$0000000F
    libinit2.o(.ARM.Collect$$libinit$$00000012) refers to libinit2.o(.ARM.Collect$$libinit$$0000000F) for .ARM.Collect$$libinit$$0000000F
    libinit2.o(.ARM.Collect$$libinit$$00000014) refers to libinit2.o(.ARM.Collect$$libinit$$0000000F) for .ARM.Collect$$libinit$$0000000F
    libinit2.o(.ARM.Collect$$libinit$$00000016) refers to libinit2.o(.ARM.Collect$$libinit$$0000000F) for .ARM.Collect$$libinit$$0000000F
    libinit2.o(.ARM.Collect$$libinit$$00000018) refers to libinit2.o(.ARM.Collect$$libinit$$0000000F) for .ARM.Collect$$libinit$$0000000F
    libinit2.o(.ARM.Collect$$libinit$$00000026) refers to argv_veneer.o(.emb_text) for __ARM_argv_veneer
    libinit2.o(.ARM.Collect$$libinit$$00000027) refers to argv_veneer.o(.emb_text) for __ARM_argv_veneer
    ae_mem0_g11.o(i.gen_req0) refers to ae_mem0_g11.o(.bss) for g_tsk_cases
    ae_mem0_g11.o(i.init_ae_tsk_test) refers to printf.o(i.tfp_printf) for tfp_printf
    ae_mem0_g11.o(i.init_ae_tsk_test) refers to ae_mem0_g11.o(.bss) for g_ae_xtest
    ae_mem0_g11.o(i.init_ae_tsk_test) refers to ae_mem0_g11.o(.data) for g_ae_cases
    ae_mem0_g11.o(i.init_ae_tsk_test) refers to ae_mem0_g11.o(.constdata) for PREFIX
    ae_mem0_g11.o(i.priv_task1) refers to printf.o(i.tfp_printf) for tfp_printf
    ae_mem0_g11.o(i.priv_task1) refers to ae_mem0_g11.o(i.test0_start) for test0_start
    ae_mem0_g11.o(i.priv_task1) refers to ae_util.o(i.test_exit) for test_exit
    ae_mem0_g11.o(i.priv_task1) refers to ae_mem0_g11.o(.constdata) for PREFIX_LOG2
    ae_mem0_g11.o(i.set_ae_init_tasks) refers to ae_mem0_g11.o(i.set_ae_tasks) for set_ae_tasks
    ae_mem0_g11.o(i.set_ae_init_tasks) refers to ae_mem0_g11.o(.bss) for g_init_tasks
    ae_mem0_g11.o(i.set_ae_tasks) refers to ae_mem0_g11.o(i.init_ae_tsk_test) for init_ae_tsk_test
    ae_mem0_g11.o(i.set_ae_tasks) refers to ae_mem0_g11.o(i.priv_task1) for priv_task1
    ae_mem0_g11.o(i.test0_start) refers to ae_mem0_g11.o(i.gen_req0) for gen_req0
    ae_mem0_g11.o(i.test0_start) refers to ae_util.o(i.strcpy) for strcpy
    ae_mem0_g11.o(i.test0_start) refers to ae_util.o(i.process_sub_result) for process_sub_result
    ae_mem0_g11.o(i.test0_start) refers to ae_mem0_g11.o(.bss) for g_ae_xtest
    ae_mem0_g11.o(i.test0_start) refers to ae_mem0_g11.o(.conststring) for .conststring
    ae_mem0_g11.o(i.update_ae_xtest) refers to ae_mem0_g11.o(.bss) for g_ae_xtest
    sys_exit.o(.text) refers (Special) to use_no_semi.o(.text) for __I$use$semihosting
    sys_exit.o(.text) refers (Special) to indicate_semi.o(.text) for __semihosting_library_function
    rtexit2.o(.ARM.Collect$$rtexit$$00000003) refers to libshutdown.o(.ARM.Collect$$libshutdown$$00000000) for __rt_lib_shutdown
    rtexit2.o(.ARM.Collect$$rtexit$$00000004) refers to sys_exit.o(.text) for _sys_exit
    rtexit2.o(.ARM.exidx) refers to rtexit2.o(.ARM.Collect$$rtexit$$00000001) for .ARM.Collect$$rtexit$$00000001
    rtexit2.o(.ARM.exidx) refers to rtexit2.o(.ARM.Collect$$rtexit$$00000003) for .ARM.Collect$$rtexit$$00000003
    rtexit2.o(.ARM.exidx) refers to rtexit2.o(.ARM.Collect$$rtexit$$00000004) for .ARM.Collect$$rtexit$$00000004
    __raise.o(.text) refers to defsig.o(CL$$defsig) for __default_signal_handler
    defsig_general.o(.text) refers to sys_wrch.o(.text) for _ttywrch
    argv_veneer.o(.emb_text) refers to no_argv.o(.text) for __ARM_get_argv
    ae_util.o(i.HardFault_Handler) refers to printf.o(i.tfp_printf) for tfp_printf
    ae_util.o(i.HardFault_Handler) refers to ae_util.o(i.test_abort) for test_abort
    ae_util.o(i.HardFault_Handler) refers to ae_mem0_g11.o(.constdata) for PREFIX
    ae_util.o(i.HardFault_Handler) refers to ae_mem0_g11.o(.bss) for g_ae_xtest
    ae_util.o(i.print_log) refers to printf.o(i.tfp_printf) for tfp_printf
    ae_util.o(i.print_log) refers to ae_mem0_g11.o(.constdata) for PREFIX_LOG
    ae_util.o(i.print_results) refers to ae_util.o(i.count_set_bits) for count_set_bits
    ae_util.o(i.print_results) refers to printf.o(i.tfp_printf) for tfp_printf
    ae_util.o(i.print_results) refers to ae_mem0_g11.o(.constdata) for PREFIX_LOG
    ae_util.o(i.print_results) refers to ae_mem0_g11.o(.bss) for g_ae_xtest
    ae_util.o(i.print_summary) refers to ae_util.o(i.print_results) for print_results
    ae_util.o(i.print_summary) refers to printf.o(i.tfp_printf) for tfp_printf
    ae_util.o(i.print_summary) refers to ae.o(i.ae_exit) for ae_exit
    ae_util.o(i.print_summary) refers to ae_mem0_g11.o(.data) for g_ae_cases
    ae_util.o(i.print_summary) refers to ae_mem0_g11.o(.constdata) for PREFIX
    ae_util.o(i.process_sub_result) refers to ae_util.o(i.print_log) for print_log
    ae_util.o(i.process_sub_result) refers to ae_mem0_g11.o(.data) for g_ae_cases
    ae_util.o(i.process_sub_result) refers to ae_mem0_g11.o(.bss) for g_ae_xtest
    ae_util.o(i.test_abort) refers to printf.o(i.tfp_printf) for tfp_printf
    ae_util.o(i.test_abort) refers to ae_util.o(i.print_summary) for print_summary
    ae_util.o(i.test_abort) refers to ae_mem0_g11.o(.bss) for g_ae_xtest
    ae_util.o(i.test_abort) refers to ae_mem0_g11.o(.constdata) for PREFIX
    ae_util.o(i.test_exit) refers to printf.o(i.tfp_printf) for tfp_printf
    ae_util.o(i.test_exit) refers to ae_util.o(i.print_summary) for print_summary
    ae_util.o(i.test_exit) refers to ae_mem0_g11.o(.constdata) for PREFIX
    sys_wrch.o(.text) refers (Special) to use_no_semi.o(.text) for __I$use$semihosting
    sys_wrch.o(.text) refers (Special) to indicate_semi.o(.text) for __semihosting_library_function
    defsig.o(CL$$defsig) refers to defsig_fpe_inner.o(.text) for __rt_SIGFPE_inner
    defsig.o(CL$$defsig) refers to defsig_rtmem_inner.o(.text) for __rt_SIGRTMEM_inner
    _get_argv_nomalloc.o(.text) refers (Special) to hrguard.o(.text) for __heap_region$guard
    _get_argv_nomalloc.o(.text) refers to defsig_rtmem_outer.o(.text) for __rt_SIGRTMEM
    _get_argv_nomalloc.o(.text) refers to sys_command.o(.text) for _sys_command_string
    libshutdown.o(.ARM.Collect$$libshutdown$$00000000) refers (Special) to libshutdown2.o(.ARM.Collect$$libshutdown$$00000004) for __rt_lib_shutdown_cpp_1
    libshutdown.o(.ARM.Collect$$libshutdown$$00000000) refers (Special) to libshutdown2.o(.ARM.Collect$$libshutdown$$00000002) for __rt_lib_shutdown_fini_1
    libshutdown.o(.ARM.Collect$$libshutdown$$00000000) refers (Special) to libshutdown2.o(.ARM.Collect$$libshutdown$$00000009) for __rt_lib_shutdown_fp_trap_1
    libshutdown.o(.ARM.Collect$$libshutdown$$00000000) refers (Special) to libshutdown2.o(.ARM.Collect$$libshutdown$$00000011) for __rt_lib_shutdown_heap_1
    libshutdown.o(.ARM.Collect$$libshutdown$$00000000) refers (Special) to libshutdown2.o(.ARM.Collect$$libshutdown$$00000012) for __rt_lib_shutdown_return
    libshutdown.o(.ARM.Collect$$libshutdown$$00000000) refers (Special) to libshutdown2.o(.ARM.Collect$$libshutdown$$0000000C) for __rt_lib_shutdown_signal_1
    libshutdown.o(.ARM.Collect$$libshutdown$$00000000) refers (Special) to libshutdown2.o(.ARM.Collect$$libshutdown$$00000006) for __rt_lib_shutdown_stdio_1
    libshutdown.o(.ARM.Collect$$libshutdown$$00000000) refers (Special) to libshutdown2.o(.ARM.Collect$$libshutdown$$0000000E) for __rt_lib_shutdown_user_alloc_1
    sys_command.o(.text) refers (Special) to use_no_semi.o(.text) for __I$use$semihosting
    sys_command.o(.text) refers (Special) to indicate_semi.o(.text) for __semihosting_library_function
    defsig_abrt_inner.o(.text) refers to defsig_general.o(.text) for __default_signal_display
    defsig_rtred_inner.o(.text) refers to defsig_general.o(.text) for __default_signal_display
    defsig_rtmem_inner.o(.text) refers to defsig_general.o(.text) for __default_signal_display
    defsig_rtmem_outer.o(.text) refers to defsig_rtmem_inner.o(.text) for __rt_SIGRTMEM_inner
    defsig_rtmem_outer.o(.text) refers to defsig_exit.o(.text) for __sig_exit
    defsig_rtmem_formal.o(.text) refers to rt_raise.o(.text) for __rt_raise
    defsig_stak_inner.o(.text) refers to defsig_general.o(.text) for __default_signal_display
    defsig_pvfn_inner.o(.text) refers to defsig_general.o(.text) for __default_signal_display
    defsig_cppl_inner.o(.text) refers to defsig_general.o(.text) for __default_signal_display
    defsig_segv_inner.o(.text) refers to defsig_general.o(.text) for __default_signal_display
    defsig_other.o(.text) refers to defsig_general.o(.text) for __default_signal_display


==============================================================================

Removing Unused input sections from the image.

    Removing uart_polling.o(.rev16_text), (4 bytes).
    Removing uart_polling.o(.revsh_text), (4 bytes).
    Removing uart_polling.o(.rrx_text), (6 bytes).
    Removing uart_polling.o(i.uart_get_char), (48 bytes).
    Removing uart_irq.o(.rev16_text), (4 bytes).
    Removing uart_irq.o(.revsh_text), (4 bytes).
    Removing uart_irq.o(.rrx_text), (6 bytes).
    Removing uart_irq.o(.constdata), (128 bytes).
    Removing timer.o(.rev16_text), (4 bytes).
    Removing timer.o(.revsh_text), (4 bytes).
    Removing timer.o(.rrx_text), (6 bytes).
    Removing timer.o(i.get_tick), (72 bytes).
    Removing timer.o(i.timer_freerun_init), (152 bytes).
    Removing timer.o(i.timer_irq_init), (128 bytes).
    Removing hal.o(.rev16_text), (4 bytes).
    Removing hal.o(.revsh_text), (4 bytes).
    Removing hal.o(.rrx_text), (6 bytes).
    Removing hal.o(.constdata), (128 bytes).
    Removing k_mem.o(.rev16_text), (4 bytes).
    Removing k_mem.o(.revsh_text), (4 bytes).
    Removing k_mem.o(.rrx_text), (6 bytes).
    Removing k_mem.o(.constdata), (136 bytes).
    Removing k_msg.o(.rev16_text), (4 bytes).
    Removing k_msg.o(.revsh_text), (4 bytes).
    Removing k_msg.o(.rrx_text), (6 bytes).
    Removing k_msg.o(.constdata), (128 bytes).
    Removing k_rtx_init.o(.rev16_text), (4 bytes).
    Removing k_rtx_init.o(.revsh_text), (4 bytes).
    Removing k_rtx_init.o(.rrx_text), (6 bytes).
    Removing k_rtx_init.o(i.k_get_sys_info), (6 bytes).
    Removing k_rtx_init.o(.constdata), (128 bytes).
    Removing k_task.o(.rev16_text), (4 bytes).
    Removing k_task.o(.revsh_text), (4 bytes).
    Removing k_task.o(.rrx_text), (6 bytes).
    Removing k_task.o(.constdata), (128 bytes).
    Removing printf.o(i.putcp), (10 bytes).
    Removing printf.o(i.tfp_sprintf), (44 bytes).
    Removing cdisp_task.o(i.task_cdisp), (2 bytes).
    Removing kcd_task.o(i.task_kcd), (2 bytes).
    Removing null_task.o(.rev16_text), (4 bytes).
    Removing null_task.o(.revsh_text), (4 bytes).
    Removing null_task.o(.rrx_text), (6 bytes).
    Removing wall_clock_task.o(i.task_wall_clock), (2 bytes).
    Removing system_lpc17xx.o(.rev16_text), (4 bytes).
    Removing system_lpc17xx.o(.revsh_text), (4 bytes).
    Removing system_lpc17xx.o(.rrx_text), (6 bytes).
    Removing system_lpc17xx.o(i.SystemCoreClockUpdate), (424 bytes).
    Removing system_lpc17xx.o(.data), (4 bytes).
    Removing main.o(.rev16_text), (4 bytes).
    Removing main.o(.revsh_text), (4 bytes).
    Removing ae_mem0_g11.o(i.update_ae_xtest), (24 bytes).

51 unused section(s) (total 1842 bytes) removed from the image.

==============================================================================

Image Symbol Table

    Local Symbols

    Symbol Name                              Value     Ov Type        Size  Object(Section)

    RESET                                    0x00000000   Section      204  startup_lpc17xx.o(RESET)
    ../clib/angel/boardlib.s                 0x00000000   Number         0  boardinit2.o ABSOLUTE
    ../clib/angel/boardlib.s                 0x00000000   Number         0  boardinit1.o ABSOLUTE
    ../clib/angel/boardlib.s                 0x00000000   Number         0  boardinit3.o ABSOLUTE
    ../clib/angel/boardlib.s                 0x00000000   Number         0  boardshut.o ABSOLUTE
    ../clib/angel/handlers.s                 0x00000000   Number         0  __scatter_copy.o ABSOLUTE
    ../clib/angel/handlers.s                 0x00000000   Number         0  __scatter_zi.o ABSOLUTE
    ../clib/angel/kernel.s                   0x00000000   Number         0  __rtentry.o ABSOLUTE
    ../clib/angel/kernel.s                   0x00000000   Number         0  rtexit.o ABSOLUTE
    ../clib/angel/kernel.s                   0x00000000   Number         0  rtexit2.o ABSOLUTE
    ../clib/angel/kernel.s                   0x00000000   Number         0  __rtentry4.o ABSOLUTE
    ../clib/angel/kernel.s                   0x00000000   Number         0  __rtentry2.o ABSOLUTE
    ../clib/angel/rt.s                       0x00000000   Number         0  aeabi_ldiv0_sigfpe.o ABSOLUTE
    ../clib/angel/rt.s                       0x00000000   Number         0  aeabi_ldiv0.o ABSOLUTE
    ../clib/angel/rt.s                       0x00000000   Number         0  rt_div0.o ABSOLUTE
    ../clib/angel/rt.s                       0x00000000   Number         0  rt_raise.o ABSOLUTE
    ../clib/angel/scatter.s                  0x00000000   Number         0  __scatter.o ABSOLUTE
    ../clib/angel/startup.s                  0x00000000   Number         0  __main.o ABSOLUTE
    ../clib/angel/sys.s                      0x00000000   Number         0  sys_stackheap_outer.o ABSOLUTE
    ../clib/angel/sys.s                      0x00000000   Number         0  libspace.o ABSOLUTE
    ../clib/angel/sys.s                      0x00000000   Number         0  use_no_semi.o ABSOLUTE
    ../clib/angel/sys.s                      0x00000000   Number         0  indicate_semi.o ABSOLUTE
    ../clib/angel/sysapp.c                   0x00000000   Number         0  sys_command.o ABSOLUTE
    ../clib/angel/sysapp.c                   0x00000000   Number         0  sys_exit.o ABSOLUTE
    ../clib/angel/sysapp.c                   0x00000000   Number         0  sys_wrch.o ABSOLUTE
    ../clib/armsys.c                         0x00000000   Number         0  argv_veneer.o ABSOLUTE
    ../clib/armsys.c                         0x00000000   Number         0  no_argv.o ABSOLUTE
    ../clib/armsys.c                         0x00000000   Number         0  _get_argv_nomalloc.o ABSOLUTE
    ../clib/armsys.c                         0x00000000   Number         0  argv_veneer.o ABSOLUTE
    ../clib/heapalloc.c                      0x00000000   Number         0  hrguard.o ABSOLUTE
    ../clib/heapaux.c                        0x00000000   Number         0  heapauxi.o ABSOLUTE
    ../clib/libinit.s                        0x00000000   Number         0  libinit.o ABSOLUTE
    ../clib/libinit.s                        0x00000000   Number         0  libshutdown.o ABSOLUTE
    ../clib/libinit.s                        0x00000000   Number         0  libshutdown2.o ABSOLUTE
    ../clib/libinit.s                        0x00000000   Number         0  libinit2.o ABSOLUTE
    ../clib/longlong.s                       0x00000000   Number         0  lludivv7m.o ABSOLUTE
    ../clib/signal.c                         0x00000000   Number         0  defsig_fpe_outer.o ABSOLUTE
    ../clib/signal.c                         0x00000000   Number         0  defsig_fpe_formal.o ABSOLUTE
    ../clib/signal.c                         0x00000000   Number         0  defsig_other.o ABSOLUTE
    ../clib/signal.c                         0x00000000   Number         0  defsig_segv_inner.o ABSOLUTE
    ../clib/signal.c                         0x00000000   Number         0  defsig_abrt_inner.o ABSOLUTE
    ../clib/signal.c                         0x00000000   Number         0  defsig_rtred_inner.o ABSOLUTE
    ../clib/signal.c                         0x00000000   Number         0  defsig_exit.o ABSOLUTE
    ../clib/signal.c                         0x00000000   Number         0  defsig_general.o ABSOLUTE
    ../clib/signal.c                         0x00000000   Number         0  __raise.o ABSOLUTE
    ../clib/signal.c                         0x00000000   Number         0  defsig_rtmem_formal.o ABSOLUTE
    ../clib/signal.c                         0x00000000   Number         0  defsig_fpe_inner.o ABSOLUTE
    ../clib/signal.c                         0x00000000   Number         0  defsig_rtmem_inner.o ABSOLUTE
    ../clib/signal.c                         0x00000000   Number         0  defsig_rtmem_outer.o ABSOLUTE
    ../clib/signal.c                         0x00000000   Number         0  defsig_stak_inner.o ABSOLUTE
    ../clib/signal.c                         0x00000000   Number         0  defsig_pvfn_inner.o ABSOLUTE
    ../clib/signal.c                         0x00000000   Number         0  defsig_cppl_inner.o ABSOLUTE
    ../clib/signal.s                         0x00000000   Number         0  defsig.o ABSOLUTE
    ../clib/stdlib.c                         0x00000000   Number         0  exit.o ABSOLUTE
    ../fplib/fpinit.s                        0x00000000   Number         0  fpinit.o ABSOLUTE
    RTE\Device\LPC1768\startup_LPC17xx.s     0x00000000   Number         0  startup_lpc17xx.o ABSOLUTE
    RTE\Device\LPC1768\system_LPC17xx.c      0x00000000   Number         0  system_lpc17xx.o ABSOLUTE
    RTE\\Device\\LPC1768\\system_LPC17xx.c   0x00000000   Number         0  system_lpc17xx.o ABSOLUTE
    dc.s                                     0x00000000   Number         0  dc.o ABSOLUTE
    src\\bsp\\LPC1768\\timer.c               0x00000000   Number         0  timer.o ABSOLUTE
    src\\bsp\\LPC1768\\uart_irq.c            0x00000000   Number         0  uart_irq.o ABSOLUTE
    src\\bsp\\LPC1768\\uart_polling.c        0x00000000   Number         0  uart_polling.o ABSOLUTE
    src\\kernel\\HAL.c                       0x00000000   Number         0  hal.o ABSOLUTE
    src\\kernel\\k_mem.c                     0x00000000   Number         0  k_mem.o ABSOLUTE
    src\\kernel\\k_msg.c                     0x00000000   Number         0  k_msg.o ABSOLUTE
    src\\kernel\\k_rtx_init.c                0x00000000   Number         0  k_rtx_init.o ABSOLUTE
    src\\kernel\\k_task.c                    0x00000000   Number         0  k_task.o ABSOLUTE
    src\\main.c                              0x00000000   Number         0  main.o ABSOLUTE
    src\\tasks\\null_task.c                  0x00000000   Number         0  null_task.o ABSOLUTE
    src\ae\ae.c                              0x00000000   Number         0  ae.o ABSOLUTE
    src\ae\ae_mem0_G11.c                     0x00000000   Number         0  ae_mem0_g11.o ABSOLUTE
    src\ae\ae_util.c                         0x00000000   Number         0  ae_util.o ABSOLUTE
    src\bsp\LPC1768\timer.c                  0x00000000   Number         0  timer.o ABSOLUTE
    src\bsp\LPC1768\uart_irq.c               0x00000000   Number         0  uart_irq.o ABSOLUTE
    src\bsp\LPC1768\uart_polling.c           0x00000000   Number         0  uart_polling.o ABSOLUTE
    src\kernel\HAL.c                         0x00000000   Number         0  hal.o ABSOLUTE
    src\kernel\k_mem.c                       0x00000000   Number         0  k_mem.o ABSOLUTE
    src\kernel\k_msg.c                       0x00000000   Number         0  k_msg.o ABSOLUTE
    src\kernel\k_rtx_init.c                  0x00000000   Number         0  k_rtx_init.o ABSOLUTE
    src\kernel\k_task.c                      0x00000000   Number         0  k_task.o ABSOLUTE
    src\kernel\log.c                         0x00000000   Number         0  log.o ABSOLUTE
    src\kernel\tree.c                        0x00000000   Number         0  tree.o ABSOLUTE
    src\libu\printf.c                        0x00000000   Number         0  printf.o ABSOLUTE
    src\main.c                               0x00000000   Number         0  main.o ABSOLUTE
    src\tasks\cdisp_task.c                   0x00000000   Number         0  cdisp_task.o ABSOLUTE
    src\tasks\kcd_task.c                     0x00000000   Number         0  kcd_task.o ABSOLUTE
    src\tasks\null_task.c                    0x00000000   Number         0  null_task.o ABSOLUTE
    src\tasks\wall_clock_task.c              0x00000000   Number         0  wall_clock_task.o ABSOLUTE
    !!!main                                  0x000000cc   Section        8  __main.o(!!!main)
    !!!scatter                               0x000000d4   Section       52  __scatter.o(!!!scatter)
    !!handler_copy                           0x00000108   Section       26  __scatter_copy.o(!!handler_copy)
    !!handler_zi                             0x00000124   Section       28  __scatter_zi.o(!!handler_zi)
    .ARM.Collect$$libinit$$00000000          0x00000140   Section        2  libinit.o(.ARM.Collect$$libinit$$00000000)
    .ARM.Collect$$libinit$$00000002          0x00000142   Section        0  libinit2.o(.ARM.Collect$$libinit$$00000002)
    .ARM.Collect$$libinit$$00000004          0x00000142   Section        0  libinit2.o(.ARM.Collect$$libinit$$00000004)
    .ARM.Collect$$libinit$$0000000A          0x00000142   Section        0  libinit2.o(.ARM.Collect$$libinit$$0000000A)
    .ARM.Collect$$libinit$$0000000C          0x00000142   Section        0  libinit2.o(.ARM.Collect$$libinit$$0000000C)
    .ARM.Collect$$libinit$$0000000E          0x00000142   Section        0  libinit2.o(.ARM.Collect$$libinit$$0000000E)
    .ARM.Collect$$libinit$$00000011          0x00000142   Section        0  libinit2.o(.ARM.Collect$$libinit$$00000011)
    .ARM.Collect$$libinit$$00000013          0x00000142   Section        0  libinit2.o(.ARM.Collect$$libinit$$00000013)
    .ARM.Collect$$libinit$$00000015          0x00000142   Section        0  libinit2.o(.ARM.Collect$$libinit$$00000015)
    .ARM.Collect$$libinit$$00000017          0x00000142   Section        0  libinit2.o(.ARM.Collect$$libinit$$00000017)
    .ARM.Collect$$libinit$$00000019          0x00000142   Section        0  libinit2.o(.ARM.Collect$$libinit$$00000019)
    .ARM.Collect$$libinit$$0000001B          0x00000142   Section        0  libinit2.o(.ARM.Collect$$libinit$$0000001B)
    .ARM.Collect$$libinit$$0000001D          0x00000142   Section        0  libinit2.o(.ARM.Collect$$libinit$$0000001D)
    .ARM.Collect$$libinit$$0000001F          0x00000142   Section        0  libinit2.o(.ARM.Collect$$libinit$$0000001F)
    .ARM.Collect$$libinit$$00000021          0x00000142   Section        0  libinit2.o(.ARM.Collect$$libinit$$00000021)
    .ARM.Collect$$libinit$$00000023          0x00000142   Section        0  libinit2.o(.ARM.Collect$$libinit$$00000023)
    .ARM.Collect$$libinit$$00000025          0x00000142   Section        0  libinit2.o(.ARM.Collect$$libinit$$00000025)
    .ARM.Collect$$libinit$$0000002C          0x00000142   Section        0  libinit2.o(.ARM.Collect$$libinit$$0000002C)
    .ARM.Collect$$libinit$$0000002E          0x00000142   Section        0  libinit2.o(.ARM.Collect$$libinit$$0000002E)
    .ARM.Collect$$libinit$$00000030          0x00000142   Section        0  libinit2.o(.ARM.Collect$$libinit$$00000030)
    .ARM.Collect$$libinit$$00000032          0x00000142   Section        0  libinit2.o(.ARM.Collect$$libinit$$00000032)
    .ARM.Collect$$libinit$$00000033          0x00000142   Section        2  libinit2.o(.ARM.Collect$$libinit$$00000033)
    .ARM.Collect$$libshutdown$$00000000      0x00000144   Section        2  libshutdown.o(.ARM.Collect$$libshutdown$$00000000)
    .ARM.Collect$$libshutdown$$00000002      0x00000146   Section        0  libshutdown2.o(.ARM.Collect$$libshutdown$$00000002)
    .ARM.Collect$$libshutdown$$00000004      0x00000146   Section        0  libshutdown2.o(.ARM.Collect$$libshutdown$$00000004)
    .ARM.Collect$$libshutdown$$00000006      0x00000146   Section        0  libshutdown2.o(.ARM.Collect$$libshutdown$$00000006)
    .ARM.Collect$$libshutdown$$00000009      0x00000146   Section        0  libshutdown2.o(.ARM.Collect$$libshutdown$$00000009)
    .ARM.Collect$$libshutdown$$0000000C      0x00000146   Section        0  libshutdown2.o(.ARM.Collect$$libshutdown$$0000000C)
    .ARM.Collect$$libshutdown$$0000000E      0x00000146   Section        0  libshutdown2.o(.ARM.Collect$$libshutdown$$0000000E)
    .ARM.Collect$$libshutdown$$00000011      0x00000146   Section        0  libshutdown2.o(.ARM.Collect$$libshutdown$$00000011)
    .ARM.Collect$$libshutdown$$00000012      0x00000146   Section        2  libshutdown2.o(.ARM.Collect$$libshutdown$$00000012)
    .ARM.Collect$$rtentry$$00000000          0x00000148   Section        0  __rtentry.o(.ARM.Collect$$rtentry$$00000000)
    .ARM.Collect$$rtentry$$00000002          0x00000148   Section        0  __rtentry2.o(.ARM.Collect$$rtentry$$00000002)
    .ARM.Collect$$rtentry$$00000004          0x00000148   Section        6  __rtentry4.o(.ARM.Collect$$rtentry$$00000004)
    .ARM.Collect$$rtentry$$00000009          0x0000014e   Section        0  __rtentry2.o(.ARM.Collect$$rtentry$$00000009)
    .ARM.Collect$$rtentry$$0000000A          0x0000014e   Section        4  __rtentry2.o(.ARM.Collect$$rtentry$$0000000A)
    .ARM.Collect$$rtentry$$0000000C          0x00000152   Section        0  __rtentry2.o(.ARM.Collect$$rtentry$$0000000C)
    .ARM.Collect$$rtentry$$0000000D          0x00000152   Section        8  __rtentry2.o(.ARM.Collect$$rtentry$$0000000D)
    .ARM.Collect$$rtexit$$00000000           0x0000015a   Section        2  rtexit.o(.ARM.Collect$$rtexit$$00000000)
    .ARM.Collect$$rtexit$$00000002           0x0000015c   Section        0  rtexit2.o(.ARM.Collect$$rtexit$$00000002)
    .ARM.Collect$$rtexit$$00000003           0x0000015c   Section        4  rtexit2.o(.ARM.Collect$$rtexit$$00000003)
    .ARM.Collect$$rtexit$$00000004           0x00000160   Section        6  rtexit2.o(.ARM.Collect$$rtexit$$00000004)
    .emb_text                                0x00000168   Section        8  hal.o(.emb_text)
    .emb_text                                0x00000170   Section       50  k_task.o(.emb_text)
    .text                                    0x000001a4   Section       60  startup_lpc17xx.o(.text)
    .text                                    0x000001e0   Section        0  heapauxi.o(.text)
    .text                                    0x000001e6   Section       74  sys_stackheap_outer.o(.text)
    .text                                    0x00000230   Section        0  exit.o(.text)
    .text                                    0x00000244   Section        8  libspace.o(.text)
    .text                                    0x0000024c   Section        0  sys_exit.o(.text)
    .text                                    0x00000258   Section        2  use_no_semi.o(.text)
    .text                                    0x0000025a   Section        0  indicate_semi.o(.text)
    i.HardFault_Handler                      0x0000025c   Section        0  ae_util.o(i.HardFault_Handler)
    i.TIMER0_IRQHandler                      0x0000028c   Section        0  timer.o(i.TIMER0_IRQHandler)
    i.__NVIC_EnableIRQ                       0x000002a4   Section        0  uart_irq.o(i.__NVIC_EnableIRQ)
    __NVIC_EnableIRQ                         0x000002a5   Thumb Code    34  uart_irq.o(i.__NVIC_EnableIRQ)
    i.a2d                                    0x000002c6   Section        0  printf.o(i.a2d)
    a2d                                      0x000002c7   Thumb Code    50  printf.o(i.a2d)
    i.ae_exit                                0x000002f8   Section        0  ae.o(i.ae_exit)
    .ARM.__at_0x02FC                         0x000002fc   Section        4  startup_lpc17xx.o(.ARM.__at_0x02FC)
    i.SVC_Handler                            0x00000300   Section        0  hal.o(i.SVC_Handler)
    i.SystemInit                             0x00000458   Section        0  system_lpc17xx.o(i.SystemInit)
    i.UART0_IRQHandler                       0x00000598   Section        0  uart_irq.o(i.UART0_IRQHandler)
    i.a2i                                    0x00000618   Section        0  printf.o(i.a2i)
    a2i                                      0x00000619   Thumb Code    58  printf.o(i.a2i)
    i.add_node                               0x00000654   Section        0  k_mem.o(i.add_node)
    i.ae_init                                0x000006cc   Section        0  ae.o(i.ae_init)
    i.ae_set_init_tasks_info                 0x000006fc   Section        0  ae.o(i.ae_set_init_tasks_info)
    i.ae_set_sys_info                        0x00000712   Section        0  ae.o(i.ae_set_sys_info)
    i.compute_block_address                  0x00000728   Section        0  tree.o(i.compute_block_address)
    i.compute_block_size                     0x0000074a   Section        0  tree.o(i.compute_block_size)
    i.count_set_bits                         0x0000075a   Section        0  ae_util.o(i.count_set_bits)
    i.delete_node                            0x0000076c   Section        0  k_mem.o(i.delete_node)
    i.find_buddy                             0x000007d4   Section        0  tree.o(i.find_buddy)
    i.find_k_and_x_from_pos                  0x0000080c   Section        0  tree.o(i.find_k_and_x_from_pos)
    i.find_left_child                        0x00000842   Section        0  tree.o(i.find_left_child)
    i.find_parent                            0x00000862   Section        0  tree.o(i.find_parent)
    i.find_pos_from_k_and_x                  0x0000089a   Section        0  tree.o(i.find_pos_from_k_and_x)
    i.gen_req0                               0x000008b4   Section        0  ae_mem0_g11.o(i.gen_req0)
    i.get_bit                                0x00000908   Section        0  tree.o(i.get_bit)
    i.get_max_k                              0x00000932   Section        0  k_mem.o(i.get_max_k)
    i.get_size                               0x0000093e   Section        0  k_mem.o(i.get_size)
    i.get_start                              0x00000950   Section        0  k_mem.o(i.get_start)
    i.i2a                                    0x00000964   Section        0  printf.o(i.i2a)
    i2a                                      0x00000965   Thumb Code    32  printf.o(i.i2a)
    i.init_ae_tsk_test                       0x00000984   Section        0  ae_mem0_g11.o(i.init_ae_tsk_test)
    i.init_printf                            0x00000a00   Section        0  printf.o(i.init_printf)
    i.k_alloc_k_stack                        0x00000a14   Section        0  k_mem.o(i.k_alloc_k_stack)
    i.k_alloc_p_stack                        0x00000a40   Section        0  k_mem.o(i.k_alloc_p_stack)
    i.k_mbx_create                           0x00000a6c   Section        0  k_msg.o(i.k_mbx_create)
    i.k_mbx_get                              0x00000a72   Section        0  k_msg.o(i.k_mbx_get)
    i.k_mbx_ls                               0x00000a78   Section        0  k_msg.o(i.k_mbx_ls)
    i.k_mem_init                             0x00000a80   Section        0  k_mem.o(i.k_mem_init)
    i.k_mpool_alloc                          0x00000ac0   Section        0  k_mem.o(i.k_mpool_alloc)
    i.k_mpool_create                         0x00000bec   Section        0  k_mem.o(i.k_mpool_create)
    i.k_mpool_dealloc                        0x00000d1c   Section        0  k_mem.o(i.k_mpool_dealloc)
    i.k_mpool_dump                           0x00000e88   Section        0  k_mem.o(i.k_mpool_dump)
    i.k_pre_rtx_init                         0x00000ee4   Section        0  k_rtx_init.o(i.k_pre_rtx_init)
    i.k_recv_msg                             0x00000f08   Section        0  k_msg.o(i.k_recv_msg)
    i.k_recv_msg_nb                          0x00000f0e   Section        0  k_msg.o(i.k_recv_msg_nb)
    i.k_rt_tsk_get                           0x00000f14   Section        0  k_task.o(i.k_rt_tsk_get)
    i.k_rt_tsk_set                           0x00000f2e   Section        0  k_task.o(i.k_rt_tsk_set)
    i.k_rt_tsk_susp                          0x00000f34   Section        0  k_task.o(i.k_rt_tsk_susp)
    i.k_rtx_init                             0x00000f38   Section        0  k_rtx_init.o(i.k_rtx_init)
    i.k_send_msg                             0x00000f70   Section        0  k_msg.o(i.k_send_msg)
    i.k_send_msg_nb                          0x00000f76   Section        0  k_msg.o(i.k_send_msg_nb)
    i.k_tsk_create                           0x00000f7c   Section        0  k_task.o(i.k_tsk_create)
    i.k_tsk_create_new                       0x00000f84   Section        0  k_task.o(i.k_tsk_create_new)
    i.k_tsk_exit                             0x00001040   Section        0  k_task.o(i.k_tsk_exit)
    i.k_tsk_get                              0x00001044   Section        0  k_task.o(i.k_tsk_get)
    i.k_tsk_gettid                           0x00001088   Section        0  k_task.o(i.k_tsk_gettid)
    i.k_tsk_init                             0x00001094   Section        0  k_task.o(i.k_tsk_init)
    i.k_tsk_init_first                       0x00001110   Section        0  k_task.o(i.k_tsk_init_first)
    i.k_tsk_ls                               0x0000112c   Section        0  k_task.o(i.k_tsk_ls)
    i.k_tsk_run_new                          0x00001134   Section        0  k_task.o(i.k_tsk_run_new)
    i.k_tsk_set_prio                         0x00001180   Section        0  k_task.o(i.k_tsk_set_prio)
    i.k_tsk_yield                            0x00001186   Section        0  k_task.o(i.k_tsk_yield)
    i.log_ceil                               0x0000118e   Section        0  log.o(i.log_ceil)
    i.log_floor                              0x000011ac   Section        0  log.o(i.log_floor)
    i.main                                   0x000011d8   Section        0  main.o(i.main)
    i.pop_node                               0x00001240   Section        0  k_mem.o(i.pop_node)
    i.power_two                              0x00001278   Section        0  tree.o(i.power_two)
    i.print_list                             0x0000128c   Section        0  k_mem.o(i.print_list)
    i.print_log                              0x000012e8   Section        0  ae_util.o(i.print_log)
    i.print_results                          0x00001358   Section        0  ae_util.o(i.print_results)
    i.print_summary                          0x00001478   Section        0  ae_util.o(i.print_summary)
    i.priv_task1                             0x000014a4   Section        0  ae_mem0_g11.o(i.priv_task1)
    i.process_sub_result                     0x000014f0   Section        0  ae_util.o(i.process_sub_result)
    i.putc                                   0x00001528   Section        0  uart_polling.o(i.putc)
    i.putchw                                 0x0000156c   Section        0  printf.o(i.putchw)
    putchw                                   0x0000156d   Thumb Code    82  printf.o(i.putchw)
    i.scheduler                              0x000015c0   Section        0  k_task.o(i.scheduler)
    i.set_ae_init_tasks                      0x000015ec   Section        0  ae_mem0_g11.o(i.set_ae_init_tasks)
    i.set_ae_tasks                           0x00001608   Section        0  ae_mem0_g11.o(i.set_ae_tasks)
    i.set_bit_off                            0x00001654   Section        0  tree.o(i.set_bit_off)
    i.set_bit_on                             0x0000167a   Section        0  tree.o(i.set_bit_on)
    i.strcpy                                 0x000016a0   Section        0  ae_util.o(i.strcpy)
    i.task_null                              0x000016c0   Section        0  null_task.o(i.task_null)
    i.test0_start                            0x000016c8   Section        0  ae_mem0_g11.o(i.test0_start)
    i.test_abort                             0x00001d3c   Section        0  ae_util.o(i.test_abort)
    i.test_exit                              0x00001da8   Section        0  ae_util.o(i.test_exit)
    i.tfp_format                             0x00001dcc   Section        0  printf.o(i.tfp_format)
    i.tfp_printf                             0x00001ef4   Section        0  printf.o(i.tfp_printf)
    i.uart_init                              0x00001f20   Section        0  uart_polling.o(i.uart_init)
    i.uart_irq_init                          0x00001f8c   Section        0  uart_irq.o(i.uart_irq_init)
    i.uart_put_char                          0x00002048   Section        0  uart_polling.o(i.uart_put_char)
    i.uart_put_string                        0x0000207c   Section        0  uart_polling.o(i.uart_put_string)
    i.ui2a                                   0x000020a2   Section        0  printf.o(i.ui2a)
    ui2a                                     0x000020a3   Thumb Code    86  printf.o(i.ui2a)
    .constdata                               0x000020f8   Section      128  log.o(.constdata)
    MultiplyDeBruijnBitPosition              0x000020f8   Data         128  log.o(.constdata)
    .constdata                               0x00002178   Section       36  ae_mem0_g11.o(.constdata)
    .conststring                             0x0000219c   Section      746  ae_mem0_g11.o(.conststring)
    .data                                    0x10000000   Section       24  uart_irq.o(.data)
    gp_buffer                                0x10000010   Data           4  uart_irq.o(.data)
    .data                                    0x10000018   Section        4  timer.o(.data)
    .data                                    0x1000001c   Section        4  k_rtx_init.o(.data)
    .data                                    0x10000020   Section        8  k_task.o(.data)
    .data                                    0x10000028   Section        8  printf.o(.data)
    stdout_putf                              0x10000028   Data           4  printf.o(.data)
    stdout_putp                              0x1000002c   Data           4  printf.o(.data)
    .data                                    0x10000030   Section       16  main.o(.data)
    sys                                      0x10000030   Data           8  main.o(.data)
    p_tasks                                  0x10000038   Data           4  main.o(.data)
    num                                      0x1000003c   Data           4  main.o(.data)
    .data                                    0x10000040   Section        8  ae_mem0_g11.o(.data)
    .bss                                     0x10000048   Section    12156  k_mem.o(.bss)
    .bss                                     0x10002fc4   Section      160  k_task.o(.bss)
    .bss                                     0x10003064   Section       96  libspace.o(.bss)
    .bss                                     0x100030c4   Section      244  ae_mem0_g11.o(.bss)
    p                                        0x1000319c   Data          28  ae_mem0_g11.o(.bss)
    HEAP                                     0x100031b8   Section        0  startup_lpc17xx.o(HEAP)
    STACK                                    0x100031b8   Section      512  startup_lpc17xx.o(STACK)
    Heap_Mem                                 0x100031b8   Data           0  startup_lpc17xx.o(HEAP)
    Stack_Mem                                0x100031b8   Data         512  startup_lpc17xx.o(STACK)
    __initial_sp                             0x100033b8   Data           0  startup_lpc17xx.o(STACK)

    Global Symbols

    Symbol Name                              Value     Ov Type        Size  Object(Section)

    BuildAttributes$$THM_ISAv4$P$D$K$B$S$PE$A:L22UL41UL21$X:L11$S22US41US21$IEEE1$IW$USESV6$~STKCKD$USESV7$~SHL$OSPACE$ROPI$EBA8$UX$STANDARDLIB$REQ8$PRES8$EABIv2 0x00000000   Number         0  anon$$obj.o ABSOLUTE
    __ARM_use_no_argv                        0x00000000   Number         0  main.o ABSOLUTE
    __Vectors                                0x00000000   Data           4  startup_lpc17xx.o(RESET)
    __ARM_exceptions_init                     - Undefined Weak Reference
    __alloca_initialize                       - Undefined Weak Reference
    __arm_fini_                               - Undefined Weak Reference
    __arm_preinit_                            - Undefined Weak Reference
    __cpp_initialize__aeabi_                  - Undefined Weak Reference
    __cxa_finalize                            - Undefined Weak Reference
    __rt_locale                               - Undefined Weak Reference
    __sigvec_lookup                           - Undefined Weak Reference
    _atexit_init                              - Undefined Weak Reference
    _call_atexit_fns                          - Undefined Weak Reference
    _clock_init                               - Undefined Weak Reference
    _fp_trap_init                             - Undefined Weak Reference
    _fp_trap_shutdown                         - Undefined Weak Reference
    _get_lc_collate                           - Undefined Weak Reference
    _get_lc_ctype                             - Undefined Weak Reference
    _get_lc_monetary                          - Undefined Weak Reference
    _get_lc_numeric                           - Undefined Weak Reference
    _get_lc_time                              - Undefined Weak Reference
    _getenv_init                              - Undefined Weak Reference
    _handle_redirection                       - Undefined Weak Reference
    _init_alloc                               - Undefined Weak Reference
    _init_user_alloc                          - Undefined Weak Reference
    _initio                                   - Undefined Weak Reference
    _rand_init                                - Undefined Weak Reference
    _signal_finish                            - Undefined Weak Reference
    _signal_init                              - Undefined Weak Reference
    _terminate_alloc                          - Undefined Weak Reference
    _terminate_user_alloc                     - Undefined Weak Reference
    _terminateio                              - Undefined Weak Reference
    __main                                   0x000000cd   Thumb Code     8  __main.o(!!!main)
    __scatterload                            0x000000d5   Thumb Code     0  __scatter.o(!!!scatter)
    __scatterload_rt2                        0x000000d5   Thumb Code    44  __scatter.o(!!!scatter)
    __scatterload_rt2_thumb_only             0x000000d5   Thumb Code     0  __scatter.o(!!!scatter)
    __scatterload_null                       0x000000e3   Thumb Code     0  __scatter.o(!!!scatter)
    __scatterload_copy                       0x00000109   Thumb Code    26  __scatter_copy.o(!!handler_copy)
    __scatterload_zeroinit                   0x00000125   Thumb Code    28  __scatter_zi.o(!!handler_zi)
    __rt_lib_init                            0x00000141   Thumb Code     0  libinit.o(.ARM.Collect$$libinit$$00000000)
    __rt_lib_init_alloca_1                   0x00000143   Thumb Code     0  libinit2.o(.ARM.Collect$$libinit$$0000002E)
    __rt_lib_init_argv_1                     0x00000143   Thumb Code     0  libinit2.o(.ARM.Collect$$libinit$$0000002C)
    __rt_lib_init_atexit_1                   0x00000143   Thumb Code     0  libinit2.o(.ARM.Collect$$libinit$$0000001B)
    __rt_lib_init_clock_1                    0x00000143   Thumb Code     0  libinit2.o(.ARM.Collect$$libinit$$00000021)
    __rt_lib_init_cpp_1                      0x00000143   Thumb Code     0  libinit2.o(.ARM.Collect$$libinit$$00000032)
    __rt_lib_init_exceptions_1               0x00000143   Thumb Code     0  libinit2.o(.ARM.Collect$$libinit$$00000030)
    __rt_lib_init_fp_1                       0x00000143   Thumb Code     0  libinit2.o(.ARM.Collect$$libinit$$00000002)
    __rt_lib_init_fp_trap_1                  0x00000143   Thumb Code     0  libinit2.o(.ARM.Collect$$libinit$$0000001F)
    __rt_lib_init_getenv_1                   0x00000143   Thumb Code     0  libinit2.o(.ARM.Collect$$libinit$$00000023)
    __rt_lib_init_heap_1                     0x00000143   Thumb Code     0  libinit2.o(.ARM.Collect$$libinit$$0000000A)
    __rt_lib_init_lc_collate_1               0x00000143   Thumb Code     0  libinit2.o(.ARM.Collect$$libinit$$00000011)
    __rt_lib_init_lc_ctype_1                 0x00000143   Thumb Code     0  libinit2.o(.ARM.Collect$$libinit$$00000013)
    __rt_lib_init_lc_monetary_1              0x00000143   Thumb Code     0  libinit2.o(.ARM.Collect$$libinit$$00000015)
    __rt_lib_init_lc_numeric_1               0x00000143   Thumb Code     0  libinit2.o(.ARM.Collect$$libinit$$00000017)
    __rt_lib_init_lc_time_1                  0x00000143   Thumb Code     0  libinit2.o(.ARM.Collect$$libinit$$00000019)
    __rt_lib_init_preinit_1                  0x00000143   Thumb Code     0  libinit2.o(.ARM.Collect$$libinit$$00000004)
    __rt_lib_init_rand_1                     0x00000143   Thumb Code     0  libinit2.o(.ARM.Collect$$libinit$$0000000E)
    __rt_lib_init_return                     0x00000143   Thumb Code     0  libinit2.o(.ARM.Collect$$libinit$$00000033)
    __rt_lib_init_signal_1                   0x00000143   Thumb Code     0  libinit2.o(.ARM.Collect$$libinit$$0000001D)
    __rt_lib_init_stdio_1                    0x00000143   Thumb Code     0  libinit2.o(.ARM.Collect$$libinit$$00000025)
    __rt_lib_init_user_alloc_1               0x00000143   Thumb Code     0  libinit2.o(.ARM.Collect$$libinit$$0000000C)
    __rt_lib_shutdown                        0x00000145   Thumb Code     0  libshutdown.o(.ARM.Collect$$libshutdown$$00000000)
    __rt_lib_shutdown_cpp_1                  0x00000147   Thumb Code     0  libshutdown2.o(.ARM.Collect$$libshutdown$$00000004)
    __rt_lib_shutdown_fini_1                 0x00000147   Thumb Code     0  libshutdown2.o(.ARM.Collect$$libshutdown$$00000002)
    __rt_lib_shutdown_fp_trap_1              0x00000147   Thumb Code     0  libshutdown2.o(.ARM.Collect$$libshutdown$$00000009)
    __rt_lib_shutdown_heap_1                 0x00000147   Thumb Code     0  libshutdown2.o(.ARM.Collect$$libshutdown$$00000011)
    __rt_lib_shutdown_return                 0x00000147   Thumb Code     0  libshutdown2.o(.ARM.Collect$$libshutdown$$00000012)
    __rt_lib_shutdown_signal_1               0x00000147   Thumb Code     0  libshutdown2.o(.ARM.Collect$$libshutdown$$0000000C)
    __rt_lib_shutdown_stdio_1                0x00000147   Thumb Code     0  libshutdown2.o(.ARM.Collect$$libshutdown$$00000006)
    __rt_lib_shutdown_user_alloc_1           0x00000147   Thumb Code     0  libshutdown2.o(.ARM.Collect$$libshutdown$$0000000E)
    __rt_entry                               0x00000149   Thumb Code     0  __rtentry.o(.ARM.Collect$$rtentry$$00000000)
    __rt_entry_presh_1                       0x00000149   Thumb Code     0  __rtentry2.o(.ARM.Collect$$rtentry$$00000002)
    __rt_entry_sh                            0x00000149   Thumb Code     0  __rtentry4.o(.ARM.Collect$$rtentry$$00000004)
    __rt_entry_li                            0x0000014f   Thumb Code     0  __rtentry2.o(.ARM.Collect$$rtentry$$0000000A)
    __rt_entry_postsh_1                      0x0000014f   Thumb Code     0  __rtentry2.o(.ARM.Collect$$rtentry$$00000009)
    __rt_entry_main                          0x00000153   Thumb Code     0  __rtentry2.o(.ARM.Collect$$rtentry$$0000000D)
    __rt_entry_postli_1                      0x00000153   Thumb Code     0  __rtentry2.o(.ARM.Collect$$rtentry$$0000000C)
    __rt_exit                                0x0000015b   Thumb Code     0  rtexit.o(.ARM.Collect$$rtexit$$00000000)
    __rt_exit_ls                             0x0000015d   Thumb Code     0  rtexit2.o(.ARM.Collect$$rtexit$$00000003)
    __rt_exit_prels_1                        0x0000015d   Thumb Code     0  rtexit2.o(.ARM.Collect$$rtexit$$00000002)
    __rt_exit_exit                           0x00000161   Thumb Code     0  rtexit2.o(.ARM.Collect$$rtexit$$00000004)
    SVC_RTE                                  0x00000169   Thumb Code     0  hal.o(.emb_text)
    __rte                                    0x00000169   Thumb Code     8  hal.o(.emb_text)
    k_tsk_switch                             0x00000171   Thumb Code    44  k_task.o(.emb_text)
    K_RESTORE                                0x00000183   Thumb Code     0  k_task.o(.emb_text)
    k_tsk_start                              0x000001a1   Thumb Code     2  k_task.o(.emb_text)
    Reset_Handler                            0x000001a5   Thumb Code     8  startup_lpc17xx.o(.text)
    NMI_Handler                              0x000001ad   Thumb Code     2  startup_lpc17xx.o(.text)
    MemManage_Handler                        0x000001b1   Thumb Code     2  startup_lpc17xx.o(.text)
    BusFault_Handler                         0x000001b3   Thumb Code     2  startup_lpc17xx.o(.text)
    UsageFault_Handler                       0x000001b5   Thumb Code     2  startup_lpc17xx.o(.text)
    DebugMon_Handler                         0x000001b9   Thumb Code     2  startup_lpc17xx.o(.text)
    PendSV_Handler                           0x000001bb   Thumb Code     2  startup_lpc17xx.o(.text)
    SysTick_Handler                          0x000001bd   Thumb Code     2  startup_lpc17xx.o(.text)
    ADC_IRQHandler                           0x000001bf   Thumb Code     0  startup_lpc17xx.o(.text)
    BOD_IRQHandler                           0x000001bf   Thumb Code     0  startup_lpc17xx.o(.text)
    CANActivity_IRQHandler                   0x000001bf   Thumb Code     0  startup_lpc17xx.o(.text)
    CAN_IRQHandler                           0x000001bf   Thumb Code     0  startup_lpc17xx.o(.text)
    DMA_IRQHandler                           0x000001bf   Thumb Code     0  startup_lpc17xx.o(.text)
    EINT0_IRQHandler                         0x000001bf   Thumb Code     0  startup_lpc17xx.o(.text)
    EINT1_IRQHandler                         0x000001bf   Thumb Code     0  startup_lpc17xx.o(.text)
    EINT2_IRQHandler                         0x000001bf   Thumb Code     0  startup_lpc17xx.o(.text)
    EINT3_IRQHandler                         0x000001bf   Thumb Code     0  startup_lpc17xx.o(.text)
    ENET_IRQHandler                          0x000001bf   Thumb Code     0  startup_lpc17xx.o(.text)
    I2C0_IRQHandler                          0x000001bf   Thumb Code     0  startup_lpc17xx.o(.text)
    I2C1_IRQHandler                          0x000001bf   Thumb Code     0  startup_lpc17xx.o(.text)
    I2C2_IRQHandler                          0x000001bf   Thumb Code     0  startup_lpc17xx.o(.text)
    I2S_IRQHandler                           0x000001bf   Thumb Code     0  startup_lpc17xx.o(.text)
    MCPWM_IRQHandler                         0x000001bf   Thumb Code     0  startup_lpc17xx.o(.text)
    PLL0_IRQHandler                          0x000001bf   Thumb Code     0  startup_lpc17xx.o(.text)
    PLL1_IRQHandler                          0x000001bf   Thumb Code     0  startup_lpc17xx.o(.text)
    PWM1_IRQHandler                          0x000001bf   Thumb Code     0  startup_lpc17xx.o(.text)
    QEI_IRQHandler                           0x000001bf   Thumb Code     0  startup_lpc17xx.o(.text)
    RIT_IRQHandler                           0x000001bf   Thumb Code     0  startup_lpc17xx.o(.text)
    RTC_IRQHandler                           0x000001bf   Thumb Code     0  startup_lpc17xx.o(.text)
    SPI_IRQHandler                           0x000001bf   Thumb Code     0  startup_lpc17xx.o(.text)
    SSP0_IRQHandler                          0x000001bf   Thumb Code     0  startup_lpc17xx.o(.text)
    SSP1_IRQHandler                          0x000001bf   Thumb Code     0  startup_lpc17xx.o(.text)
    TIMER1_IRQHandler                        0x000001bf   Thumb Code     0  startup_lpc17xx.o(.text)
    TIMER2_IRQHandler                        0x000001bf   Thumb Code     0  startup_lpc17xx.o(.text)
    TIMER3_IRQHandler                        0x000001bf   Thumb Code     0  startup_lpc17xx.o(.text)
    UART1_IRQHandler                         0x000001bf   Thumb Code     0  startup_lpc17xx.o(.text)
    UART2_IRQHandler                         0x000001bf   Thumb Code     0  startup_lpc17xx.o(.text)
    UART3_IRQHandler                         0x000001bf   Thumb Code     0  startup_lpc17xx.o(.text)
    USBActivity_IRQHandler                   0x000001bf   Thumb Code     0  startup_lpc17xx.o(.text)
    USB_IRQHandler                           0x000001bf   Thumb Code     0  startup_lpc17xx.o(.text)
    WDT_IRQHandler                           0x000001bf   Thumb Code     0  startup_lpc17xx.o(.text)
    __user_initial_stackheap                 0x000001c1   Thumb Code     0  startup_lpc17xx.o(.text)
    __use_two_region_memory                  0x000001e1   Thumb Code     2  heapauxi.o(.text)
    __rt_heap_escrow$2region                 0x000001e3   Thumb Code     2  heapauxi.o(.text)
    __rt_heap_expand$2region                 0x000001e5   Thumb Code     2  heapauxi.o(.text)
    __user_setup_stackheap                   0x000001e7   Thumb Code    74  sys_stackheap_outer.o(.text)
    exit                                     0x00000231   Thumb Code    18  exit.o(.text)
    __user_libspace                          0x00000245   Thumb Code     8  libspace.o(.text)
    __user_perproc_libspace                  0x00000245   Thumb Code     0  libspace.o(.text)
    __user_perthread_libspace                0x00000245   Thumb Code     0  libspace.o(.text)
    _sys_exit                                0x0000024d   Thumb Code     8  sys_exit.o(.text)
    __I$use$semihosting                      0x00000259   Thumb Code     0  use_no_semi.o(.text)
    __use_no_semihosting_swi                 0x00000259   Thumb Code     2  use_no_semi.o(.text)
    __semihosting_library_function           0x0000025b   Thumb Code     0  indicate_semi.o(.text)
    HardFault_Handler                        0x0000025d   Thumb Code    22  ae_util.o(i.HardFault_Handler)
    TIMER0_IRQHandler                        0x0000028d   Thumb Code    20  timer.o(i.TIMER0_IRQHandler)
    ae_exit                                  0x000002f9   Thumb Code     4  ae.o(i.ae_exit)
    SVC_Handler                              0x00000301   Thumb Code   344  hal.o(i.SVC_Handler)
    SystemInit                               0x00000459   Thumb Code   302  system_lpc17xx.o(i.SystemInit)
    UART0_IRQHandler                         0x00000599   Thumb Code   104  uart_irq.o(i.UART0_IRQHandler)
    add_node                                 0x00000655   Thumb Code   116  k_mem.o(i.add_node)
    ae_init                                  0x000006cd   Thumb Code    48  ae.o(i.ae_init)
    ae_set_init_tasks_info                   0x000006fd   Thumb Code    22  ae.o(i.ae_set_init_tasks_info)
    ae_set_sys_info                          0x00000713   Thumb Code    22  ae.o(i.ae_set_sys_info)
    compute_block_address                    0x00000729   Thumb Code    34  tree.o(i.compute_block_address)
    compute_block_size                       0x0000074b   Thumb Code    16  tree.o(i.compute_block_size)
    count_set_bits                           0x0000075b   Thumb Code    18  ae_util.o(i.count_set_bits)
    delete_node                              0x0000076d   Thumb Code    98  k_mem.o(i.delete_node)
    find_buddy                               0x000007d5   Thumb Code    56  tree.o(i.find_buddy)
    find_k_and_x_from_pos                    0x0000080d   Thumb Code    54  tree.o(i.find_k_and_x_from_pos)
    find_left_child                          0x00000843   Thumb Code    32  tree.o(i.find_left_child)
    find_parent                              0x00000863   Thumb Code    56  tree.o(i.find_parent)
    find_pos_from_k_and_x                    0x0000089b   Thumb Code    26  tree.o(i.find_pos_from_k_and_x)
    gen_req0                                 0x000008b5   Thumb Code    76  ae_mem0_g11.o(i.gen_req0)
    get_bit                                  0x00000909   Thumb Code    42  tree.o(i.get_bit)
    get_max_k                                0x00000933   Thumb Code    12  k_mem.o(i.get_max_k)
    get_size                                 0x0000093f   Thumb Code    16  k_mem.o(i.get_size)
    get_start                                0x00000951   Thumb Code    12  k_mem.o(i.get_start)
    init_ae_tsk_test                         0x00000985   Thumb Code    96  ae_mem0_g11.o(i.init_ae_tsk_test)
    init_printf                              0x00000a01   Thumb Code    10  printf.o(i.init_printf)
    k_alloc_k_stack                          0x00000a15   Thumb Code    36  k_mem.o(i.k_alloc_k_stack)
    k_alloc_p_stack                          0x00000a41   Thumb Code    36  k_mem.o(i.k_alloc_p_stack)
    k_mbx_create                             0x00000a6d   Thumb Code     6  k_msg.o(i.k_mbx_create)
    k_mbx_get                                0x00000a73   Thumb Code     6  k_msg.o(i.k_mbx_get)
    k_mbx_ls                                 0x00000a79   Thumb Code     6  k_msg.o(i.k_mbx_ls)
    k_mem_init                               0x00000a81   Thumb Code    48  k_mem.o(i.k_mem_init)
    k_mpool_alloc                            0x00000ac1   Thumb Code   290  k_mem.o(i.k_mpool_alloc)
    k_mpool_create                           0x00000bed   Thumb Code   272  k_mem.o(i.k_mpool_create)
    k_mpool_dealloc                          0x00000d1d   Thumb Code   354  k_mem.o(i.k_mpool_dealloc)
    k_mpool_dump                             0x00000e89   Thumb Code    60  k_mem.o(i.k_mpool_dump)
    k_pre_rtx_init                           0x00000ee5   Thumb Code    36  k_rtx_init.o(i.k_pre_rtx_init)
    k_recv_msg                               0x00000f09   Thumb Code     6  k_msg.o(i.k_recv_msg)
    k_recv_msg_nb                            0x00000f0f   Thumb Code     6  k_msg.o(i.k_recv_msg_nb)
    k_rt_tsk_get                             0x00000f15   Thumb Code    26  k_task.o(i.k_rt_tsk_get)
    k_rt_tsk_set                             0x00000f2f   Thumb Code     6  k_task.o(i.k_rt_tsk_set)
    k_rt_tsk_susp                            0x00000f35   Thumb Code     4  k_task.o(i.k_rt_tsk_susp)
    k_rtx_init                               0x00000f39   Thumb Code    50  k_rtx_init.o(i.k_rtx_init)
    k_send_msg                               0x00000f71   Thumb Code     6  k_msg.o(i.k_send_msg)
    k_send_msg_nb                            0x00000f77   Thumb Code     6  k_msg.o(i.k_send_msg_nb)
    k_tsk_create                             0x00000f7d   Thumb Code     8  k_task.o(i.k_tsk_create)
    k_tsk_create_new                         0x00000f85   Thumb Code   184  k_task.o(i.k_tsk_create_new)
    k_tsk_exit                               0x00001041   Thumb Code     2  k_task.o(i.k_tsk_exit)
    k_tsk_get                                0x00001045   Thumb Code    56  k_task.o(i.k_tsk_get)
    k_tsk_gettid                             0x00001089   Thumb Code     8  k_task.o(i.k_tsk_gettid)
    k_tsk_init                               0x00001095   Thumb Code   110  k_task.o(i.k_tsk_init)
    k_tsk_init_first                         0x00001111   Thumb Code    22  k_task.o(i.k_tsk_init_first)
    k_tsk_ls                                 0x0000112d   Thumb Code     6  k_task.o(i.k_tsk_ls)
    k_tsk_run_new                            0x00001135   Thumb Code    72  k_task.o(i.k_tsk_run_new)
    k_tsk_set_prio                           0x00001181   Thumb Code     6  k_task.o(i.k_tsk_set_prio)
    k_tsk_yield                              0x00001187   Thumb Code     8  k_task.o(i.k_tsk_yield)
    log_ceil                                 0x0000118f   Thumb Code    28  log.o(i.log_ceil)
    log_floor                                0x000011ad   Thumb Code    36  log.o(i.log_floor)
    main                                     0x000011d9   Thumb Code    84  main.o(i.main)
    pop_node                                 0x00001241   Thumb Code    52  k_mem.o(i.pop_node)
    power_two                                0x00001279   Thumb Code    18  tree.o(i.power_two)
    print_list                               0x0000128d   Thumb Code    70  k_mem.o(i.print_list)
    print_log                                0x000012e9   Thumb Code    42  ae_util.o(i.print_log)
    print_results                            0x00001359   Thumb Code   118  ae_util.o(i.print_results)
    print_summary                            0x00001479   Thumb Code    22  ae_util.o(i.print_summary)
    priv_task1                               0x000014a5   Thumb Code    24  ae_mem0_g11.o(i.priv_task1)
    process_sub_result                       0x000014f1   Thumb Code    46  ae_util.o(i.process_sub_result)
    putc                                     0x00001529   Thumb Code    28  uart_polling.o(i.putc)
    scheduler                                0x000015c1   Thumb Code    32  k_task.o(i.scheduler)
    set_ae_init_tasks                        0x000015ed   Thumb Code    24  ae_mem0_g11.o(i.set_ae_init_tasks)
    set_ae_tasks                             0x00001609   Thumb Code    70  ae_mem0_g11.o(i.set_ae_tasks)
    set_bit_off                              0x00001655   Thumb Code    38  tree.o(i.set_bit_off)
    set_bit_on                               0x0000167b   Thumb Code    38  tree.o(i.set_bit_on)
    strcpy                                   0x000016a1   Thumb Code    32  ae_util.o(i.strcpy)
    task_null                                0x000016c1   Thumb Code     6  null_task.o(i.task_null)
    test0_start                              0x000016c9   Thumb Code  1652  ae_mem0_g11.o(i.test0_start)
    test_abort                               0x00001d3d   Thumb Code    36  ae_util.o(i.test_abort)
    test_exit                                0x00001da9   Thumb Code    16  ae_util.o(i.test_exit)
    tfp_format                               0x00001dcd   Thumb Code   296  printf.o(i.tfp_format)
    tfp_printf                               0x00001ef5   Thumb Code    34  printf.o(i.tfp_printf)
    uart_init                                0x00001f21   Thumb Code    96  uart_polling.o(i.uart_init)
    uart_irq_init                            0x00001f8d   Thumb Code   166  uart_irq.o(i.uart_irq_init)
    uart_put_char                            0x00002049   Thumb Code    42  uart_polling.o(i.uart_put_char)
    uart_put_string                          0x0000207d   Thumb Code    38  uart_polling.o(i.uart_put_string)
    PREFIX                                   0x00002178   Data          10  ae_mem0_g11.o(.constdata)
    PREFIX_LOG                               0x00002182   Data          13  ae_mem0_g11.o(.constdata)
    PREFIX_LOG2                              0x0000218f   Data          13  ae_mem0_g11.o(.constdata)
    Region$$Table$$Base                      0x00002488   Number         0  anon$$obj.o(Region$$Table)
    Region$$Table$$Limit                     0x000024a8   Number         0  anon$$obj.o(Region$$Table)
    g_buffer                                 0x10000000   Data          16  uart_irq.o(.data)
    g_send_char                              0x10000014   Data           1  uart_irq.o(.data)
    g_char_in                                0x10000015   Data           1  uart_irq.o(.data)
    g_tx_irq                                 0x10000016   Data           1  uart_irq.o(.data)
    g_switch_flag                            0x10000017   Data           1  uart_irq.o(.data)
    g_timer_count                            0x10000018   Data           4  timer.o(.data)
    errno                                    0x1000001c   Data           4  k_rtx_init.o(.data)
    gp_current_task                          0x10000020   Data           4  k_task.o(.data)
    g_num_active_tasks                       0x10000024   Data           4  k_task.o(.data)
    g_ae_cases                               0x10000040   Data           8  ae_mem0_g11.o(.data)
    g_k_stacks                               0x10000048   Data       10240  k_mem.o(.bss)
    g_p_stacks                               0x10002848   Data        1536  k_mem.o(.bss)
    bitArray_1                               0x10002e48   Data          32  k_mem.o(.bss)
    bitArray_2                               0x10002e68   Data         256  k_mem.o(.bss)
    arr_freeLists_1                          0x10002f68   Data          32  k_mem.o(.bss)
    arr_freeLists_2                          0x10002f88   Data          44  k_mem.o(.bss)
    mpools                                   0x10002fb4   Data          16  k_mem.o(.bss)
    g_tcbs                                   0x10002fc4   Data         160  k_task.o(.bss)
    __libspace_start                         0x10003064   Data          96  libspace.o(.bss)
    __temporary_stack_top$libspace           0x100030c4   Data           0  libspace.o(.bss)
    g_init_tasks                             0x100030c4   Data          12  ae_mem0_g11.o(.bss)
    g_ae_xtest                               0x100030d0   Data         132  ae_mem0_g11.o(.bss)
    g_tsk_cases                              0x10003154   Data          72  ae_mem0_g11.o(.bss)



==============================================================================

Memory Map of the image

  Image Entry point : 0x000000cd

  Load Region LR_IROM1 (Base: 0x00000000, Size: 0x000024f0, Max: 0x00080000, ABSOLUTE)

    Execution Region ER_IROM1 (Exec base: 0x00000000, Load base: 0x00000000, Size: 0x000024a8, Max: 0x00080000, ABSOLUTE)

    Exec Addr    Load Addr    Size         Type   Attr      Idx    E Section Name        Object

    0x00000000   0x00000000   0x000000cc   Data   RO          867    RESET               startup_lpc17xx.o
    0x000000cc   0x000000cc   0x00000008   Code   RO          917  * !!!main             c_w.l(__main.o)
    0x000000d4   0x000000d4   0x00000034   Code   RO         1312    !!!scatter          c_w.l(__scatter.o)
    0x00000108   0x00000108   0x0000001a   Code   RO         1314    !!handler_copy      c_w.l(__scatter_copy.o)
    0x00000122   0x00000122   0x00000002   PAD
    0x00000124   0x00000124   0x0000001c   Code   RO         1316    !!handler_zi        c_w.l(__scatter_zi.o)
    0x00000140   0x00000140   0x00000002   Code   RO         1014    .ARM.Collect$$libinit$$00000000  c_w.l(libinit.o)
    0x00000142   0x00000142   0x00000000   Code   RO         1063    .ARM.Collect$$libinit$$00000002  c_w.l(libinit2.o)
    0x00000142   0x00000142   0x00000000   Code   RO         1065    .ARM.Collect$$libinit$$00000004  c_w.l(libinit2.o)
    0x00000142   0x00000142   0x00000000   Code   RO         1068    .ARM.Collect$$libinit$$0000000A  c_w.l(libinit2.o)
    0x00000142   0x00000142   0x00000000   Code   RO         1070    .ARM.Collect$$libinit$$0000000C  c_w.l(libinit2.o)
    0x00000142   0x00000142   0x00000000   Code   RO         1072    .ARM.Collect$$libinit$$0000000E  c_w.l(libinit2.o)
    0x00000142   0x00000142   0x00000000   Code   RO         1075    .ARM.Collect$$libinit$$00000011  c_w.l(libinit2.o)
    0x00000142   0x00000142   0x00000000   Code   RO         1077    .ARM.Collect$$libinit$$00000013  c_w.l(libinit2.o)
    0x00000142   0x00000142   0x00000000   Code   RO         1079    .ARM.Collect$$libinit$$00000015  c_w.l(libinit2.o)
    0x00000142   0x00000142   0x00000000   Code   RO         1081    .ARM.Collect$$libinit$$00000017  c_w.l(libinit2.o)
    0x00000142   0x00000142   0x00000000   Code   RO         1083    .ARM.Collect$$libinit$$00000019  c_w.l(libinit2.o)
    0x00000142   0x00000142   0x00000000   Code   RO         1085    .ARM.Collect$$libinit$$0000001B  c_w.l(libinit2.o)
    0x00000142   0x00000142   0x00000000   Code   RO         1087    .ARM.Collect$$libinit$$0000001D  c_w.l(libinit2.o)
    0x00000142   0x00000142   0x00000000   Code   RO         1089    .ARM.Collect$$libinit$$0000001F  c_w.l(libinit2.o)
    0x00000142   0x00000142   0x00000000   Code   RO         1091    .ARM.Collect$$libinit$$00000021  c_w.l(libinit2.o)
    0x00000142   0x00000142   0x00000000   Code   RO         1093    .ARM.Collect$$libinit$$00000023  c_w.l(libinit2.o)
    0x00000142   0x00000142   0x00000000   Code   RO         1095    .ARM.Collect$$libinit$$00000025  c_w.l(libinit2.o)
    0x00000142   0x00000142   0x00000000   Code   RO         1099    .ARM.Collect$$libinit$$0000002C  c_w.l(libinit2.o)
    0x00000142   0x00000142   0x00000000   Code   RO         1101    .ARM.Collect$$libinit$$0000002E  c_w.l(libinit2.o)
    0x00000142   0x00000142   0x00000000   Code   RO         1103    .ARM.Collect$$libinit$$00000030  c_w.l(libinit2.o)
    0x00000142   0x00000142   0x00000000   Code   RO         1105    .ARM.Collect$$libinit$$00000032  c_w.l(libinit2.o)
    0x00000142   0x00000142   0x00000002   Code   RO         1106    .ARM.Collect$$libinit$$00000033  c_w.l(libinit2.o)
    0x00000144   0x00000144   0x00000002   Code   RO         1267    .ARM.Collect$$libshutdown$$00000000  c_w.l(libshutdown.o)
    0x00000146   0x00000146   0x00000000   Code   RO         1293    .ARM.Collect$$libshutdown$$00000002  c_w.l(libshutdown2.o)
    0x00000146   0x00000146   0x00000000   Code   RO         1295    .ARM.Collect$$libshutdown$$00000004  c_w.l(libshutdown2.o)
    0x00000146   0x00000146   0x00000000   Code   RO         1297    .ARM.Collect$$libshutdown$$00000006  c_w.l(libshutdown2.o)
    0x00000146   0x00000146   0x00000000   Code   RO         1300    .ARM.Collect$$libshutdown$$00000009  c_w.l(libshutdown2.o)
    0x00000146   0x00000146   0x00000000   Code   RO         1303    .ARM.Collect$$libshutdown$$0000000C  c_w.l(libshutdown2.o)
    0x00000146   0x00000146   0x00000000   Code   RO         1305    .ARM.Collect$$libshutdown$$0000000E  c_w.l(libshutdown2.o)
    0x00000146   0x00000146   0x00000000   Code   RO         1308    .ARM.Collect$$libshutdown$$00000011  c_w.l(libshutdown2.o)
    0x00000146   0x00000146   0x00000002   Code   RO         1309    .ARM.Collect$$libshutdown$$00000012  c_w.l(libshutdown2.o)
    0x00000148   0x00000148   0x00000000   Code   RO          919    .ARM.Collect$$rtentry$$00000000  c_w.l(__rtentry.o)
    0x00000148   0x00000148   0x00000000   Code   RO          925    .ARM.Collect$$rtentry$$00000002  c_w.l(__rtentry2.o)
    0x00000148   0x00000148   0x00000006   Code   RO          937    .ARM.Collect$$rtentry$$00000004  c_w.l(__rtentry4.o)
    0x0000014e   0x0000014e   0x00000000   Code   RO          927    .ARM.Collect$$rtentry$$00000009  c_w.l(__rtentry2.o)
    0x0000014e   0x0000014e   0x00000004   Code   RO          928    .ARM.Collect$$rtentry$$0000000A  c_w.l(__rtentry2.o)
    0x00000152   0x00000152   0x00000000   Code   RO          930    .ARM.Collect$$rtentry$$0000000C  c_w.l(__rtentry2.o)
    0x00000152   0x00000152   0x00000008   Code   RO          931    .ARM.Collect$$rtentry$$0000000D  c_w.l(__rtentry2.o)
    0x0000015a   0x0000015a   0x00000002   Code   RO         1054    .ARM.Collect$$rtexit$$00000000  c_w.l(rtexit.o)
    0x0000015c   0x0000015c   0x00000000   Code   RO         1176    .ARM.Collect$$rtexit$$00000002  c_w.l(rtexit2.o)
    0x0000015c   0x0000015c   0x00000004   Code   RO         1177    .ARM.Collect$$rtexit$$00000003  c_w.l(rtexit2.o)
    0x00000160   0x00000160   0x00000006   Code   RO         1178    .ARM.Collect$$rtexit$$00000004  c_w.l(rtexit2.o)
    0x00000166   0x00000166   0x00000002   PAD
    0x00000168   0x00000168   0x00000008   Code   RO          236    .emb_text           hal.o
    0x00000170   0x00000170   0x00000032   Code   RO          516    .emb_text           k_task.o
    0x000001a2   0x000001a2   0x00000002   PAD
    0x000001a4   0x000001a4   0x0000003c   Code   RO          869    .text               startup_lpc17xx.o
    0x000001e0   0x000001e0   0x00000006   Code   RO          915    .text               c_w.l(heapauxi.o)
    0x000001e6   0x000001e6   0x0000004a   Code   RO         1001    .text               c_w.l(sys_stackheap_outer.o)
    0x00000230   0x00000230   0x00000012   Code   RO         1003    .text               c_w.l(exit.o)
    0x00000242   0x00000242   0x00000002   PAD
    0x00000244   0x00000244   0x00000008   Code   RO         1051    .text               c_w.l(libspace.o)
    0x0000024c   0x0000024c   0x0000000c   Code   RO         1173    .text               c_w.l(sys_exit.o)
    0x00000258   0x00000258   0x00000002   Code   RO         1256    .text               c_w.l(use_no_semi.o)
    0x0000025a   0x0000025a   0x00000000   Code   RO         1258    .text               c_w.l(indicate_semi.o)
    0x0000025a   0x0000025a   0x00000002   PAD
    0x0000025c   0x0000025c   0x00000030   Code   RO         1190    i.HardFault_Handler  ae-lib-sim.lib(ae_util.o)
    0x0000028c   0x0000028c   0x00000018   Code   RO          184    i.TIMER0_IRQHandler  timer.o
    0x000002a4   0x000002a4   0x00000022   Code   RO           88    i.__NVIC_EnableIRQ  uart_irq.o
    0x000002c6   0x000002c6   0x00000032   Code   RO          733    i.a2d               printf.o
    0x000002f8   0x000002f8   0x00000004   Code   RO         1015    i.ae_exit           ae-lib-sim.lib(ae.o)
    0x000002fc   0x000002fc   0x00000004   Code   RO          868    .ARM.__at_0x02FC    startup_lpc17xx.o
    0x00000300   0x00000300   0x00000158   Code   RO          237    i.SVC_Handler       hal.o
    0x00000458   0x00000458   0x00000140   Code   RO          879    i.SystemInit        system_lpc17xx.o
    0x00000598   0x00000598   0x00000080   Code   RO           87    i.UART0_IRQHandler  uart_irq.o
    0x00000618   0x00000618   0x0000003a   Code   RO          734    i.a2i               printf.o
    0x00000652   0x00000652   0x00000002   PAD
    0x00000654   0x00000654   0x00000078   Code   RO          298    i.add_node          k_mem.o
    0x000006cc   0x000006cc   0x00000030   Code   RO         1016    i.ae_init           ae-lib-sim.lib(ae.o)
    0x000006fc   0x000006fc   0x00000016   Code   RO         1017    i.ae_set_init_tasks_info  ae-lib-sim.lib(ae.o)
    0x00000712   0x00000712   0x00000016   Code   RO         1018    i.ae_set_sys_info   ae-lib-sim.lib(ae.o)
    0x00000728   0x00000728   0x00000022   Code   RO          658    i.compute_block_address  tree.o
    0x0000074a   0x0000074a   0x00000010   Code   RO          659    i.compute_block_size  tree.o
    0x0000075a   0x0000075a   0x00000012   Code   RO         1191    i.count_set_bits    ae-lib-sim.lib(ae_util.o)
    0x0000076c   0x0000076c   0x00000068   Code   RO          299    i.delete_node       k_mem.o
    0x000007d4   0x000007d4   0x00000038   Code   RO          660    i.find_buddy        tree.o
    0x0000080c   0x0000080c   0x00000036   Code   RO          661    i.find_k_and_x_from_pos  tree.o
    0x00000842   0x00000842   0x00000020   Code   RO          662    i.find_left_child   tree.o
    0x00000862   0x00000862   0x00000038   Code   RO          663    i.find_parent       tree.o
    0x0000089a   0x0000089a   0x0000001a   Code   RO          664    i.find_pos_from_k_and_x  tree.o
    0x000008b4   0x000008b4   0x00000054   Code   RO         1107    i.gen_req0          ae-lib-sim.lib(ae_mem0_g11.o)
    0x00000908   0x00000908   0x0000002a   Code   RO          665    i.get_bit           tree.o
    0x00000932   0x00000932   0x0000000c   Code   RO          300    i.get_max_k         k_mem.o
    0x0000093e   0x0000093e   0x00000010   Code   RO          301    i.get_size          k_mem.o
    0x0000094e   0x0000094e   0x00000002   PAD
    0x00000950   0x00000950   0x00000014   Code   RO          302    i.get_start         k_mem.o
    0x00000964   0x00000964   0x00000020   Code   RO          735    i.i2a               printf.o
    0x00000984   0x00000984   0x0000007c   Code   RO         1108    i.init_ae_tsk_test  ae-lib-sim.lib(ae_mem0_g11.o)
    0x00000a00   0x00000a00   0x00000014   Code   RO          736    i.init_printf       printf.o
    0x00000a14   0x00000a14   0x0000002c   Code   RO          303    i.k_alloc_k_stack   k_mem.o
    0x00000a40   0x00000a40   0x0000002c   Code   RO          304    i.k_alloc_p_stack   k_mem.o
    0x00000a6c   0x00000a6c   0x00000006   Code   RO          408    i.k_mbx_create      k_msg.o
    0x00000a72   0x00000a72   0x00000006   Code   RO          409    i.k_mbx_get         k_msg.o
    0x00000a78   0x00000a78   0x00000006   Code   RO          410    i.k_mbx_ls          k_msg.o
    0x00000a7e   0x00000a7e   0x00000002   PAD
    0x00000a80   0x00000a80   0x00000040   Code   RO          305    i.k_mem_init        k_mem.o
    0x00000ac0   0x00000ac0   0x0000012c   Code   RO          306    i.k_mpool_alloc     k_mem.o
    0x00000bec   0x00000bec   0x00000130   Code   RO          307    i.k_mpool_create    k_mem.o
    0x00000d1c   0x00000d1c   0x0000016c   Code   RO          308    i.k_mpool_dealloc   k_mem.o
    0x00000e88   0x00000e88   0x0000005c   Code   RO          309    i.k_mpool_dump      k_mem.o
    0x00000ee4   0x00000ee4   0x00000024   Code   RO          471    i.k_pre_rtx_init    k_rtx_init.o
    0x00000f08   0x00000f08   0x00000006   Code   RO          411    i.k_recv_msg        k_msg.o
    0x00000f0e   0x00000f0e   0x00000006   Code   RO          412    i.k_recv_msg_nb     k_msg.o
    0x00000f14   0x00000f14   0x0000001a   Code   RO          517    i.k_rt_tsk_get      k_task.o
    0x00000f2e   0x00000f2e   0x00000006   Code   RO          518    i.k_rt_tsk_set      k_task.o
    0x00000f34   0x00000f34   0x00000004   Code   RO          519    i.k_rt_tsk_susp     k_task.o
    0x00000f38   0x00000f38   0x00000038   Code   RO          472    i.k_rtx_init        k_rtx_init.o
    0x00000f70   0x00000f70   0x00000006   Code   RO          413    i.k_send_msg        k_msg.o
    0x00000f76   0x00000f76   0x00000006   Code   RO          414    i.k_send_msg_nb     k_msg.o
    0x00000f7c   0x00000f7c   0x00000008   Code   RO          520    i.k_tsk_create      k_task.o
    0x00000f84   0x00000f84   0x000000bc   Code   RO          521    i.k_tsk_create_new  k_task.o
    0x00001040   0x00001040   0x00000002   Code   RO          522    i.k_tsk_exit        k_task.o
    0x00001042   0x00001042   0x00000002   PAD
    0x00001044   0x00001044   0x00000044   Code   RO          523    i.k_tsk_get         k_task.o
    0x00001088   0x00001088   0x0000000c   Code   RO          524    i.k_tsk_gettid      k_task.o
    0x00001094   0x00001094   0x0000007c   Code   RO          525    i.k_tsk_init        k_task.o
    0x00001110   0x00001110   0x0000001c   Code   RO          526    i.k_tsk_init_first  k_task.o
    0x0000112c   0x0000112c   0x00000006   Code   RO          527    i.k_tsk_ls          k_task.o
    0x00001132   0x00001132   0x00000002   PAD
    0x00001134   0x00001134   0x0000004c   Code   RO          528    i.k_tsk_run_new     k_task.o
    0x00001180   0x00001180   0x00000006   Code   RO          529    i.k_tsk_set_prio    k_task.o
    0x00001186   0x00001186   0x00000008   Code   RO          530    i.k_tsk_yield       k_task.o
    0x0000118e   0x0000118e   0x0000001c   Code   RO          638    i.log_ceil          log.o
    0x000011aa   0x000011aa   0x00000002   PAD
    0x000011ac   0x000011ac   0x0000002c   Code   RO          639    i.log_floor         log.o
    0x000011d8   0x000011d8   0x00000068   Code   RO          943    i.main              ae-lib-sim.lib(main.o)
    0x00001240   0x00001240   0x00000038   Code   RO          310    i.pop_node          k_mem.o
    0x00001278   0x00001278   0x00000012   Code   RO          666    i.power_two         tree.o
    0x0000128a   0x0000128a   0x00000002   PAD
    0x0000128c   0x0000128c   0x0000005c   Code   RO          311    i.print_list        k_mem.o
    0x000012e8   0x000012e8   0x00000070   Code   RO         1192    i.print_log         ae-lib-sim.lib(ae_util.o)
    0x00001358   0x00001358   0x00000120   Code   RO         1193    i.print_results     ae-lib-sim.lib(ae_util.o)
    0x00001478   0x00001478   0x0000002c   Code   RO         1194    i.print_summary     ae-lib-sim.lib(ae_util.o)
    0x000014a4   0x000014a4   0x0000004c   Code   RO         1109    i.priv_task1        ae-lib-sim.lib(ae_mem0_g11.o)
    0x000014f0   0x000014f0   0x00000038   Code   RO         1195    i.process_sub_result  ae-lib-sim.lib(ae_util.o)
    0x00001528   0x00001528   0x00000044   Code   RO            4    i.putc              uart_polling.o
    0x0000156c   0x0000156c   0x00000052   Code   RO          737    i.putchw            printf.o
    0x000015be   0x000015be   0x00000002   PAD
    0x000015c0   0x000015c0   0x0000002c   Code   RO          531    i.scheduler         k_task.o
    0x000015ec   0x000015ec   0x0000001c   Code   RO         1110    i.set_ae_init_tasks  ae-lib-sim.lib(ae_mem0_g11.o)
    0x00001608   0x00001608   0x0000004c   Code   RO         1111    i.set_ae_tasks      ae-lib-sim.lib(ae_mem0_g11.o)
    0x00001654   0x00001654   0x00000026   Code   RO          667    i.set_bit_off       tree.o
    0x0000167a   0x0000167a   0x00000026   Code   RO          668    i.set_bit_on        tree.o
    0x000016a0   0x000016a0   0x00000020   Code   RO         1196    i.strcpy            ae-lib-sim.lib(ae_util.o)
    0x000016c0   0x000016c0   0x00000006   Code   RO          829    i.task_null         null_task.o
    0x000016c6   0x000016c6   0x00000002   PAD
    0x000016c8   0x000016c8   0x00000674   Code   RO         1112    i.test0_start       ae-lib-sim.lib(ae_mem0_g11.o)
    0x00001d3c   0x00001d3c   0x0000006c   Code   RO         1197    i.test_abort        ae-lib-sim.lib(ae_util.o)
    0x00001da8   0x00001da8   0x00000024   Code   RO         1198    i.test_exit         ae-lib-sim.lib(ae_util.o)
    0x00001dcc   0x00001dcc   0x00000128   Code   RO          739    i.tfp_format        printf.o
    0x00001ef4   0x00001ef4   0x0000002c   Code   RO          740    i.tfp_printf        printf.o
    0x00001f20   0x00001f20   0x0000006c   Code   RO            6    i.uart_init         uart_polling.o
    0x00001f8c   0x00001f8c   0x000000bc   Code   RO           89    i.uart_irq_init     uart_irq.o
    0x00002048   0x00002048   0x00000034   Code   RO            7    i.uart_put_char     uart_polling.o
    0x0000207c   0x0000207c   0x00000026   Code   RO            8    i.uart_put_string   uart_polling.o
    0x000020a2   0x000020a2   0x00000056   Code   RO          742    i.ui2a              printf.o
    0x000020f8   0x000020f8   0x00000080   Data   RO          640    .constdata          log.o
    0x00002178   0x00002178   0x00000024   Data   RO         1115    .constdata          ae-lib-sim.lib(ae_mem0_g11.o)
    0x0000219c   0x0000219c   0x000002ea   Data   RO         1116    .conststring        ae-lib-sim.lib(ae_mem0_g11.o)
    0x00002486   0x00002486   0x00000002   PAD
    0x00002488   0x00002488   0x00000020   Data   RO         1310    Region$$Table       anon$$obj.o


    Execution Region RW_IRAM1 (Exec base: 0x10000000, Load base: 0x000024a8, Size: 0x000033b8, Max: 0x00007000, ABSOLUTE)

    Exec Addr    Load Addr    Size         Type   Attr      Idx    E Section Name        Object

    0x10000000   0x000024a8   0x00000018   Data   RW           91    .data               uart_irq.o
    0x10000018   0x000024c0   0x00000004   Data   RW          188    .data               timer.o
    0x1000001c   0x000024c4   0x00000004   Data   RW          474    .data               k_rtx_init.o
    0x10000020   0x000024c8   0x00000008   Data   RW          534    .data               k_task.o
    0x10000028   0x000024d0   0x00000008   Data   RW          743    .data               printf.o
    0x10000030   0x000024d8   0x00000010   Data   RW          944    .data               ae-lib-sim.lib(main.o)
    0x10000040   0x000024e8   0x00000008   Data   RW         1117    .data               ae-lib-sim.lib(ae_mem0_g11.o)
    0x10000048        -       0x00002f7c   Zero   RW          312    .bss                k_mem.o
    0x10002fc4        -       0x000000a0   Zero   RW          532    .bss                k_task.o
    0x10003064        -       0x00000060   Zero   RW         1052    .bss                c_w.l(libspace.o)
    0x100030c4        -       0x000000f4   Zero   RW         1114    .bss                ae-lib-sim.lib(ae_mem0_g11.o)
    0x100031b8        -       0x00000000   Zero   RW          866    HEAP                startup_lpc17xx.o
    0x100031b8        -       0x00000200   Zero   RW          865    STACK               startup_lpc17xx.o


==============================================================================

Image component sizes


      Code (inc. data)   RO Data    RW Data    ZI Data      Debug   Object Name

       352         38          0          0          0       6306   hal.o
      1632        160          0          0      12156      10826   k_mem.o
        42          0          0          0          0       4136   k_msg.o
        92          6          0          4          0       5806   k_rtx_init.o
       656         60          0          8        160      14769   k_task.o
        72          8        128          0          0       1339   log.o
         6          0          0          0          0        444   null_task.o
       668         20          0          8          0       5948   printf.o
        64         26        204          0        512       1092   startup_lpc17xx.o
       320         18          0          0          0        621   system_lpc17xx.o
        24          4          0          4          0       1592   timer.o
       410          0          0          0          0       7559   tree.o
       350         46          0         24          0      32878   uart_irq.o
       266         62          0          0          0      24501   uart_polling.o

    ----------------------------------------------------------------------
      4974        448        364         48      12828     117817   Object Totals
         0          0         32          0          0          0   (incl. Generated)
        20          0          0          0          0          0   (incl. Padding)

    ----------------------------------------------------------------------

      Code (inc. data)   RO Data    RW Data    ZI Data      Debug   Library Member Name

        96          0          0          0          0       5159   ae.o
      2040        692        782          8        244       6015   ae_mem0_g11.o
       742        390          0          0          0       6142   ae_util.o
       104         20          0         16          0       5051   main.o
         8          0          0          0          0         68   __main.o
         0          0          0          0          0          0   __rtentry.o
        12          0          0          0          0          0   __rtentry2.o
         6          0          0          0          0          0   __rtentry4.o
        52          8          0          0          0          0   __scatter.o
        26          0          0          0          0          0   __scatter_copy.o
        28          0          0          0          0          0   __scatter_zi.o
        18          0          0          0          0         80   exit.o
         6          0          0          0          0        152   heapauxi.o
         0          0          0          0          0          0   indicate_semi.o
         2          0          0          0          0          0   libinit.o
         2          0          0          0          0          0   libinit2.o
         2          0          0          0          0          0   libshutdown.o
         2          0          0          0          0          0   libshutdown2.o
         8          4          0          0         96         68   libspace.o
         2          0          0          0          0          0   rtexit.o
        10          0          0          0          0          0   rtexit2.o
        12          4          0          0          0         68   sys_exit.o
        74          0          0          0          0         80   sys_stackheap_outer.o
         2          0          0          0          0         68   use_no_semi.o

    ----------------------------------------------------------------------
      3262       1118        784         24        340      22951   Library Totals
         8          0          2          0          0          0   (incl. Padding)

    ----------------------------------------------------------------------

      Code (inc. data)   RO Data    RW Data    ZI Data      Debug   Library Name

      2982       1102        782         24        244      22367   ae-lib-sim.lib
       272         16          0          0         96        584   c_w.l

    ----------------------------------------------------------------------
      3262       1118        784         24        340      22951   Library Totals

    ----------------------------------------------------------------------

==============================================================================


      Code (inc. data)   RO Data    RW Data    ZI Data      Debug   

      8236       1566       1148         72      13168     136084   Grand Totals
      8236       1566       1148         72      13168     136084   ELF Image Totals
      8236       1566       1148         72          0          0   ROM Totals

==============================================================================

    Total RO  Size (Code + RO Data)                 9384 (   9.16kB)
    Total RW  Size (RW Data + ZI Data)             13240 (  12.93kB)
    Total ROM Size (Code + RO Data + RW Data)       9456 (   9.23kB)

==============================================================================

